70.125.136.64 - - [07/Mar/2015:07:21:48 +0000] "GET /assets/congruent_outline.png HTTP/1.1" 304 0 "http://matthewellsworth.com/" "Mozilla/5.0 (Windows NT 6.3; Win64; x64) AppleWebKit/537.36 (KHTML, like Gecko) Chrome/43.0.2324.2 Safari/537.36"
70.125.136.64 - - [07/Mar/2015:07:21:48 +0000] "GET /assets/glyphicons-halflings-regular.woff HTTP/1.1" 304 0 "http://matthewellsworth.com/" "Mozilla/5.0 (Windows NT 6.3; Win64; x64) AppleWebKit/537.36 (KHTML, like Gecko) Chrome/43.0.2324.2 Safari/537.36"
70.125.136.64 - - [07/Mar/2015:07:21:48 +0000] "GET /assets/adam.otf HTTP/1.1" 304 0 "http://matthewellsworth.com/" "Mozilla/5.0 (Windows NT 6.3; Win64; x64) AppleWebKit/537.36 (KHTML, like Gecko) Chrome/43.0.2324.2 Safari/537.36"
66.249.80.118 - - [07/Mar/2015:07:22:15 +0000] "GET / HTTP/1.1" 200 1025 "-" "Mozilla/5.0 (Windows NT 6.1; rv:6.0) Gecko/20110814 Firefox/6.0 Google favicon"
192.30.252.42 - - [07/Mar/2015:07:31:42 +0000] "POST / HTTP/1.1" 405 181 "-" "GitHub-Hookshot/9f39283"
192.30.252.40 - - [07/Mar/2015:07:34:35 +0000] "POST /update.php HTTP/1.1" 405 181 "-" "GitHub-Hookshot/9f39283"
70.125.136.64 - - [07/Mar/2015:07:35:02 +0000] "GET /update.php HTTP/1.1" 200 417 "-" "Mozilla/5.0 (Windows NT 6.3; Win64; x64) AppleWebKit/537.36 (KHTML, like Gecko) Chrome/43.0.2324.2 Safari/537.36"
70.125.136.64 - - [07/Mar/2015:07:43:40 +0000] "GET /update.php HTTP/1.1" 500 5 "-" "Mozilla/5.0 (Windows NT 6.3; Win64; x64) AppleWebKit/537.36 (KHTML, like Gecko) Chrome/43.0.2324.2 Safari/537.36"
192.30.252.34 - - [07/Mar/2015:07:45:03 +0000] "POST /update.php HTTP/1.1" 500 5 "-" "GitHub-Hookshot/9f39283"
192.30.252.41 - - [07/Mar/2015:07:47:16 +0000] "POST /update.php HTTP/1.1" 500 36 "-" "GitHub-Hookshot/9f39283"
192.30.252.46 - - [07/Mar/2015:07:49:21 +0000] "POST /update.php HTTP/1.1" 404 36 "-" "GitHub-Hookshot/9f39283"
192.30.252.42 - - [07/Mar/2015:07:52:57 +0000] "POST /update.php HTTP/1.1" 404 36 "-" "GitHub-Hookshot/9f39283"
192.30.252.42 - - [07/Mar/2015:07:53:39 +0000] "POST /update.php HTTP/1.1" 200 86 "-" "GitHub-Hookshot/9f39283"
189.226.195.246 - - [07/Mar/2015:07:53:50 +0000] "GET / HTTP/1.1" 200 1025 "http://buttons-for-website.com" "Mozilla/5.0 (Windows NT 6.1; WOW64) AppleWebKit/537.36 (KHTML, like Gecko) Chrome/36.0.1985.143 Safari/537.36"
189.226.195.246 - - [07/Mar/2015:07:53:50 +0000] "GET /assets/bundle.css HTTP/1.1" 200 10369 "http://matthewellsworth.com/" "Mozilla/5.0 (Windows NT 6.1; WOW64) AppleWebKit/537.36 (KHTML, like Gecko) Chrome/36.0.1985.143 Safari/537.36"
189.226.195.246 - - [07/Mar/2015:07:53:51 +0000] "GET /assets/bundle.js HTTP/1.1" 200 61864 "http://matthewellsworth.com/" "Mozilla/5.0 (Windows NT 6.1; WOW64) AppleWebKit/537.36 (KHTML, like Gecko) Chrome/36.0.1985.143 Safari/537.36"
189.226.195.246 - - [07/Mar/2015:07:53:51 +0000] "GET /assets/congruent_outline.png HTTP/1.1" 200 8425 "http://matthewellsworth.com/" "Mozilla/5.0 (Windows NT 6.1; WOW64) AppleWebKit/537.36 (KHTML, like Gecko) Chrome/36.0.1985.143 Safari/537.36"
189.226.195.246 - - [07/Mar/2015:07:53:51 +0000] "GET /assets/adam.otf HTTP/1.1" 200 40496 "http://matthewellsworth.com/" "Mozilla/5.0 (Windows NT 6.1; WOW64) AppleWebKit/537.36 (KHTML, like Gecko) Chrome/36.0.1985.143 Safari/537.36"
189.226.195.246 - - [07/Mar/2015:07:53:51 +0000] "GET /assets/flagship.otf HTTP/1.1" 200 52020 "http://matthewellsworth.com/" "Mozilla/5.0 (Windows NT 6.1; WOW64) AppleWebKit/537.36 (KHTML, like Gecko) Chrome/36.0.1985.143 Safari/537.36"
189.226.195.246 - - [07/Mar/2015:07:53:51 +0000] "GET /assets/glyphicons-halflings-regular.ttf HTTP/1.1" 200 41280 "http://matthewellsworth.com/" "Mozilla/5.0 (Windows NT 6.1; WOW64) AppleWebKit/537.36 (KHTML, like Gecko) Chrome/36.0.1985.143 Safari/537.36"
192.30.252.45 - - [07/Mar/2015:07:54:24 +0000] "POST /update.php HTTP/1.1" 200 86 "-" "GitHub-Hookshot/9f39283"
70.125.136.64 - - [07/Mar/2015:08:00:32 +0000] "GET /posts/Deploying_our_Demo_Rails_application HTTP/1.1" 200 1025 "http://matthewellsworth.com/" "Mozilla/5.0 (Windows NT 6.3; Win64; x64) AppleWebKit/537.36 (KHTML, like Gecko) Chrome/43.0.2324.2 Safari/537.36"
70.125.136.64 - - [07/Mar/2015:08:01:02 +0000] "GET /posts/Creating_a_cloud_server_with_Javascript HTTP/1.1" 200 1025 "http://matthewellsworth.com/" "Mozilla/5.0 (Windows NT 6.3; Win64; x64) AppleWebKit/537.36 (KHTML, like Gecko) Chrome/43.0.2324.2 Safari/537.36"
70.125.136.64 - - [07/Mar/2015:08:01:36 +0000] "GET /posts/Demo_Rails_application HTTP/1.1" 200 1025 "http://matthewellsworth.com/" "Mozilla/5.0 (Windows NT 6.3; Win64; x64) AppleWebKit/537.36 (KHTML, like Gecko) Chrome/43.0.2324.2 Safari/537.36"
207.46.13.66 - - [07/Mar/2015:08:06:06 +0000] "GET / HTTP/1.1" 200 1025 "-" "Mozilla/5.0 (compatible; bingbot/2.0; +http://www.bing.com/bingbot.htm)"
66.249.67.28 - - [07/Mar/2015:08:14:53 +0000] "GET /the-things-i-do-for-customers/ HTTP/1.1" 200 1025 "-" "Mozilla/5.0 (compatible; Googlebot/2.1; +http://www.google.com/bot.html)"
192.30.252.41 - - [07/Mar/2015:08:14:57 +0000] "POST /update.php HTTP/1.1" 200 86 "-" "GitHub-Hookshot/9f39283"
192.30.252.40 - - [07/Mar/2015:08:15:56 +0000] "POST /update.php HTTP/1.1" 200 86 "-" "GitHub-Hookshot/9f39283"
192.30.252.40 - - [07/Mar/2015:08:22:42 +0000] "POST /update.php HTTP/1.1" 200 87682 "-" "GitHub-Hookshot/9f39283"
192.30.252.45 - - [07/Mar/2015:08:23:01 +0000] "POST /update.php HTTP/1.1" 200 86 "-" "GitHub-Hookshot/9f39283"
192.30.252.41 - - [07/Mar/2015:08:23:51 +0000] "POST /update.php HTTP/1.1" 200 86 "-" "GitHub-Hookshot/9f39283"
192.30.252.40 - - [07/Mar/2015:08:24:47 +0000] "POST /update.php HTTP/1.1" 200 20 "-" "GitHub-Hookshot/9f39283"
192.30.252.42 - - [07/Mar/2015:08:25:25 +0000] "POST /update.php HTTP/1.1" 200 20 "-" "GitHub-Hookshot/9f39283"
192.30.252.42 - - [07/Mar/2015:08:26:16 +0000] "POST /update.php HTTP/1.1" 200 20 "-" "GitHub-Hookshot/9f39283"
192.30.252.40 - - [07/Mar/2015:08:34:42 +0000] "POST /update.php HTTP/1.1" 200 19987 "-" "GitHub-Hookshot/9f39283"
192.30.252.41 - - [07/Mar/2015:08:35:54 +0000] "POST /update.php HTTP/1.1" 200 20 "-" "GitHub-Hookshot/9f39283"
180.76.4.244 - - [07/Mar/2015:08:39:13 +0000] "GET / HTTP/1.1" 200 2869 "-" "Mozilla/4.0 (compatible; MSIE 7.0; Windows NT 6.0)"
192.30.252.41 - - [07/Mar/2015:08:44:18 +0000] "POST /update.php HTTP/1.1" 200 19048 "-" "GitHub-Hookshot/9f39283"
192.30.252.40 - - [07/Mar/2015:08:46:01 +0000] "POST /update.php HTTP/1.1" 200 19047 "-" "GitHub-Hookshot/9f39283"
70.125.136.64 - - [07/Mar/2015:08:48:02 +0000] "GET / HTTP/1.1" 304 0 "http://matthewellsworth.com/posts/Matthew_the_Lover,_Fighter_and_Philanthropist" "Mozilla/5.0 (Windows NT 6.3; Win64; x64) AppleWebKit/537.36 (KHTML, like Gecko) Chrome/43.0.2324.2 Safari/537.36"
70.125.136.64 - - [07/Mar/2015:08:48:02 +0000] "GET /assets/bundle.css HTTP/1.1" 304 0 "http://matthewellsworth.com/" "Mozilla/5.0 (Windows NT 6.3; Win64; x64) AppleWebKit/537.36 (KHTML, like Gecko) Chrome/43.0.2324.2 Safari/537.36"
70.125.136.64 - - [07/Mar/2015:08:48:03 +0000] "GET /assets/bundle.js HTTP/1.1" 200 61864 "http://matthewellsworth.com/" "Mozilla/5.0 (Windows NT 6.3; Win64; x64) AppleWebKit/537.36 (KHTML, like Gecko) Chrome/43.0.2324.2 Safari/537.36"
70.125.136.64 - - [07/Mar/2015:08:48:03 +0000] "GET /assets/flagship.otf HTTP/1.1" 304 0 "http://matthewellsworth.com/" "Mozilla/5.0 (Windows NT 6.3; Win64; x64) AppleWebKit/537.36 (KHTML, like Gecko) Chrome/43.0.2324.2 Safari/537.36"
70.125.136.64 - - [07/Mar/2015:08:48:03 +0000] "GET /assets/adam.otf HTTP/1.1" 304 0 "http://matthewellsworth.com/" "Mozilla/5.0 (Windows NT 6.3; Win64; x64) AppleWebKit/537.36 (KHTML, like Gecko) Chrome/43.0.2324.2 Safari/537.36"
70.125.136.64 - - [07/Mar/2015:08:48:03 +0000] "GET /assets/glyphicons-halflings-regular.woff HTTP/1.1" 304 0 "http://matthewellsworth.com/" "Mozilla/5.0 (Windows NT 6.3; Win64; x64) AppleWebKit/537.36 (KHTML, like Gecko) Chrome/43.0.2324.2 Safari/537.36"
70.125.136.64 - - [07/Mar/2015:08:48:03 +0000] "GET /assets/congruent_outline.png HTTP/1.1" 304 0 "http://matthewellsworth.com/" "Mozilla/5.0 (Windows NT 6.3; Win64; x64) AppleWebKit/537.36 (KHTML, like Gecko) Chrome/43.0.2324.2 Safari/537.36"
192.30.252.42 - - [07/Mar/2015:08:50:59 +0000] "POST /update.php HTTP/1.1" 200 19045 "-" "GitHub-Hookshot/9f39283"
70.125.136.64 - - [07/Mar/2015:08:51:01 +0000] "GET / HTTP/1.1" 304 0 "http://matthewellsworth.com/posts/Matthew_the_Lover,_Fighter_and_Philanthropist" "Mozilla/5.0 (Windows NT 6.3; Win64; x64) AppleWebKit/537.36 (KHTML, like Gecko) Chrome/43.0.2324.2 Safari/537.36"
70.125.136.64 - - [07/Mar/2015:08:51:01 +0000] "GET /assets/bundle.css HTTP/1.1" 304 0 "http://matthewellsworth.com/" "Mozilla/5.0 (Windows NT 6.3; Win64; x64) AppleWebKit/537.36 (KHTML, like Gecko) Chrome/43.0.2324.2 Safari/537.36"
70.125.136.64 - - [07/Mar/2015:08:51:01 +0000] "GET /assets/bundle.js HTTP/1.1" 200 62002 "http://matthewellsworth.com/" "Mozilla/5.0 (Windows NT 6.3; Win64; x64) AppleWebKit/537.36 (KHTML, like Gecko) Chrome/43.0.2324.2 Safari/537.36"
70.125.136.64 - - [07/Mar/2015:08:51:01 +0000] "GET /assets/congruent_outline.png HTTP/1.1" 304 0 "http://matthewellsworth.com/" "Mozilla/5.0 (Windows NT 6.3; Win64; x64) AppleWebKit/537.36 (KHTML, like Gecko) Chrome/43.0.2324.2 Safari/537.36"
70.125.136.64 - - [07/Mar/2015:08:51:01 +0000] "GET /assets/flagship.otf HTTP/1.1" 304 0 "http://matthewellsworth.com/" "Mozilla/5.0 (Windows NT 6.3; Win64; x64) AppleWebKit/537.36 (KHTML, like Gecko) Chrome/43.0.2324.2 Safari/537.36"
70.125.136.64 - - [07/Mar/2015:08:51:01 +0000] "GET /assets/adam.otf HTTP/1.1" 304 0 "http://matthewellsworth.com/" "Mozilla/5.0 (Windows NT 6.3; Win64; x64) AppleWebKit/537.36 (KHTML, like Gecko) Chrome/43.0.2324.2 Safari/537.36"
70.125.136.64 - - [07/Mar/2015:08:51:01 +0000] "GET /assets/glyphicons-halflings-regular.woff HTTP/1.1" 304 0 "http://matthewellsworth.com/" "Mozilla/5.0 (Windows NT 6.3; Win64; x64) AppleWebKit/537.36 (KHTML, like Gecko) Chrome/43.0.2324.2 Safari/537.36"
70.125.136.64 - - [07/Mar/2015:08:51:11 +0000] "GET /posts/WIP__Github_Webhooks_to_call_salt_highState HTTP/1.1" 200 1025 "http://matthewellsworth.com/" "Mozilla/5.0 (Windows NT 6.3; Win64; x64) AppleWebKit/537.36 (KHTML, like Gecko) Chrome/43.0.2324.2 Safari/537.36"
70.125.136.64 - - [07/Mar/2015:09:28:59 +0000] "GET /favicon.ico HTTP/1.1" 404 206 "http://matthewellsworth.com/" "Mozilla/5.0 (Windows NT 6.3; Win64; x64) AppleWebKit/537.36 (KHTML, like Gecko) Chrome/43.0.2324.2 Safari/537.36"
70.125.136.64 - - [07/Mar/2015:09:29:02 +0000] "GET / HTTP/1.1" 304 0 "-" "Mozilla/5.0 (Windows NT 6.3; Win64; x64) AppleWebKit/537.36 (KHTML, like Gecko) Chrome/43.0.2324.2 Safari/537.36"
70.125.136.64 - - [07/Mar/2015:09:29:02 +0000] "GET /assets/bundle.css HTTP/1.1" 304 0 "http://matthewellsworth.com/" "Mozilla/5.0 (Windows NT 6.3; Win64; x64) AppleWebKit/537.36 (KHTML, like Gecko) Chrome/43.0.2324.2 Safari/537.36"
70.125.136.64 - - [07/Mar/2015:09:29:02 +0000] "GET /assets/bundle.js HTTP/1.1" 304 0 "http://matthewellsworth.com/" "Mozilla/5.0 (Windows NT 6.3; Win64; x64) AppleWebKit/537.36 (KHTML, like Gecko) Chrome/43.0.2324.2 Safari/537.36"
70.125.136.64 - - [07/Mar/2015:09:29:02 +0000] "GET /assets/flagship.otf HTTP/1.1" 304 0 "http://matthewellsworth.com/" "Mozilla/5.0 (Windows NT 6.3; Win64; x64) AppleWebKit/537.36 (KHTML, like Gecko) Chrome/43.0.2324.2 Safari/537.36"
70.125.136.64 - - [07/Mar/2015:09:29:02 +0000] "GET /assets/congruent_outline.png HTTP/1.1" 304 0 "http://matthewellsworth.com/" "Mozilla/5.0 (Windows NT 6.3; Win64; x64) AppleWebKit/537.36 (KHTML, like Gecko) Chrome/43.0.2324.2 Safari/537.36"
70.125.136.64 - - [07/Mar/2015:09:29:02 +0000] "GET /assets/glyphicons-halflings-regular.woff HTTP/1.1" 304 0 "http://matthewellsworth.com/" "Mozilla/5.0 (Windows NT 6.3; Win64; x64) AppleWebKit/537.36 (KHTML, like Gecko) Chrome/43.0.2324.2 Safari/537.36"
70.125.136.64 - - [07/Mar/2015:09:29:02 +0000] "GET /assets/adam.otf HTTP/1.1" 304 0 "http://matthewellsworth.com/" "Mozilla/5.0 (Windows NT 6.3; Win64; x64) AppleWebKit/537.36 (KHTML, like Gecko) Chrome/43.0.2324.2 Safari/537.36"
70.125.136.64 - - [07/Mar/2015:09:29:05 +0000] "GET / HTTP/1.1" 304 0 "-" "Mozilla/5.0 (Windows NT 6.3; Win64; x64) AppleWebKit/537.36 (KHTML, like Gecko) Chrome/43.0.2324.2 Safari/537.36"
70.125.136.64 - - [07/Mar/2015:09:29:05 +0000] "GET /assets/bundle.css HTTP/1.1" 304 0 "http://matthewellsworth.com/" "Mozilla/5.0 (Windows NT 6.3; Win64; x64) AppleWebKit/537.36 (KHTML, like Gecko) Chrome/43.0.2324.2 Safari/537.36"
70.125.136.64 - - [07/Mar/2015:09:29:05 +0000] "GET /assets/bundle.js HTTP/1.1" 304 0 "http://matthewellsworth.com/" "Mozilla/5.0 (Windows NT 6.3; Win64; x64) AppleWebKit/537.36 (KHTML, like Gecko) Chrome/43.0.2324.2 Safari/537.36"
70.125.136.64 - - [07/Mar/2015:09:29:05 +0000] "GET /assets/congruent_outline.png HTTP/1.1" 304 0 "http://matthewellsworth.com/" "Mozilla/5.0 (Windows NT 6.3; Win64; x64) AppleWebKit/537.36 (KHTML, like Gecko) Chrome/43.0.2324.2 Safari/537.36"
70.125.136.64 - - [07/Mar/2015:09:29:05 +0000] "GET /assets/glyphicons-halflings-regular.woff HTTP/1.1" 304 0 "http://matthewellsworth.com/" "Mozilla/5.0 (Windows NT 6.3; Win64; x64) AppleWebKit/537.36 (KHTML, like Gecko) Chrome/43.0.2324.2 Safari/537.36"
70.125.136.64 - - [07/Mar/2015:09:29:05 +0000] "GET /assets/adam.otf HTTP/1.1" 304 0 "http://matthewellsworth.com/" "Mozilla/5.0 (Windows NT 6.3; Win64; x64) AppleWebKit/537.36 (KHTML, like Gecko) Chrome/43.0.2324.2 Safari/537.36"
70.125.136.64 - - [07/Mar/2015:09:29:05 +0000] "GET /assets/flagship.otf HTTP/1.1" 304 0 "http://matthewellsworth.com/" "Mozilla/5.0 (Windows NT 6.3; Win64; x64) AppleWebKit/537.36 (KHTML, like Gecko) Chrome/43.0.2324.2 Safari/537.36"
70.125.136.64 - - [07/Mar/2015:09:29:06 +0000] "GET / HTTP/1.1" 304 0 "-" "Mozilla/5.0 (Windows NT 6.3; Win64; x64) AppleWebKit/537.36 (KHTML, like Gecko) Chrome/43.0.2324.2 Safari/537.36"
70.125.136.64 - - [07/Mar/2015:09:29:06 +0000] "GET /assets/bundle.css HTTP/1.1" 304 0 "http://matthewellsworth.com/" "Mozilla/5.0 (Windows NT 6.3; Win64; x64) AppleWebKit/537.36 (KHTML, like Gecko) Chrome/43.0.2324.2 Safari/537.36"
70.125.136.64 - - [07/Mar/2015:09:29:06 +0000] "GET /assets/bundle.js HTTP/1.1" 304 0 "http://matthewellsworth.com/" "Mozilla/5.0 (Windows NT 6.3; Win64; x64) AppleWebKit/537.36 (KHTML, like Gecko) Chrome/43.0.2324.2 Safari/537.36"
70.125.136.64 - - [07/Mar/2015:09:29:06 +0000] "GET /assets/adam.otf HTTP/1.1" 304 0 "http://matthewellsworth.com/" "Mozilla/5.0 (Windows NT 6.3; Win64; x64) AppleWebKit/537.36 (KHTML, like Gecko) Chrome/43.0.2324.2 Safari/537.36"
70.125.136.64 - - [07/Mar/2015:09:29:06 +0000] "GET /assets/glyphicons-halflings-regular.woff HTTP/1.1" 304 0 "http://matthewellsworth.com/" "Mozilla/5.0 (Windows NT 6.3; Win64; x64) AppleWebKit/537.36 (KHTML, like Gecko) Chrome/43.0.2324.2 Safari/537.36"
70.125.136.64 - - [07/Mar/2015:09:29:06 +0000] "GET /assets/flagship.otf HTTP/1.1" 304 0 "http://matthewellsworth.com/" "Mozilla/5.0 (Windows NT 6.3; Win64; x64) AppleWebKit/537.36 (KHTML, like Gecko) Chrome/43.0.2324.2 Safari/537.36"
70.125.136.64 - - [07/Mar/2015:09:29:06 +0000] "GET /assets/congruent_outline.png HTTP/1.1" 304 0 "http://matthewellsworth.com/" "Mozilla/5.0 (Windows NT 6.3; Win64; x64) AppleWebKit/537.36 (KHTML, like Gecko) Chrome/43.0.2324.2 Safari/537.36"
70.125.136.64 - - [07/Mar/2015:09:29:07 +0000] "GET / HTTP/1.1" 304 0 "-" "Mozilla/5.0 (Windows NT 6.3; Win64; x64) AppleWebKit/537.36 (KHTML, like Gecko) Chrome/43.0.2324.2 Safari/537.36"
70.125.136.64 - - [07/Mar/2015:09:29:07 +0000] "GET /assets/bundle.js HTTP/1.1" 304 0 "http://matthewellsworth.com/" "Mozilla/5.0 (Windows NT 6.3; Win64; x64) AppleWebKit/537.36 (KHTML, like Gecko) Chrome/43.0.2324.2 Safari/537.36"
70.125.136.64 - - [07/Mar/2015:09:29:07 +0000] "GET /assets/bundle.css HTTP/1.1" 304 0 "http://matthewellsworth.com/" "Mozilla/5.0 (Windows NT 6.3; Win64; x64) AppleWebKit/537.36 (KHTML, like Gecko) Chrome/43.0.2324.2 Safari/537.36"
70.125.136.64 - - [07/Mar/2015:09:29:07 +0000] "GET /assets/adam.otf HTTP/1.1" 304 0 "http://matthewellsworth.com/" "Mozilla/5.0 (Windows NT 6.3; Win64; x64) AppleWebKit/537.36 (KHTML, like Gecko) Chrome/43.0.2324.2 Safari/537.36"
70.125.136.64 - - [07/Mar/2015:09:29:07 +0000] "GET /assets/glyphicons-halflings-regular.woff HTTP/1.1" 304 0 "http://matthewellsworth.com/" "Mozilla/5.0 (Windows NT 6.3; Win64; x64) AppleWebKit/537.36 (KHTML, like Gecko) Chrome/43.0.2324.2 Safari/537.36"
70.125.136.64 - - [07/Mar/2015:09:29:07 +0000] "GET /assets/flagship.otf HTTP/1.1" 304 0 "http://matthewellsworth.com/" "Mozilla/5.0 (Windows NT 6.3; Win64; x64) AppleWebKit/537.36 (KHTML, like Gecko) Chrome/43.0.2324.2 Safari/537.36"
70.125.136.64 - - [07/Mar/2015:09:29:07 +0000] "GET /assets/congruent_outline.png HTTP/1.1" 304 0 "http://matthewellsworth.com/" "Mozilla/5.0 (Windows NT 6.3; Win64; x64) AppleWebKit/537.36 (KHTML, like Gecko) Chrome/43.0.2324.2 Safari/537.36"
70.125.136.64 - - [07/Mar/2015:09:29:07 +0000] "GET / HTTP/1.1" 304 0 "-" "Mozilla/5.0 (Windows NT 6.3; Win64; x64) AppleWebKit/537.36 (KHTML, like Gecko) Chrome/43.0.2324.2 Safari/537.36"
70.125.136.64 - - [07/Mar/2015:09:29:08 +0000] "GET /assets/bundle.css HTTP/1.1" 304 0 "http://matthewellsworth.com/" "Mozilla/5.0 (Windows NT 6.3; Win64; x64) AppleWebKit/537.36 (KHTML, like Gecko) Chrome/43.0.2324.2 Safari/537.36"
70.125.136.64 - - [07/Mar/2015:09:29:08 +0000] "GET /assets/bundle.js HTTP/1.1" 304 0 "http://matthewellsworth.com/" "Mozilla/5.0 (Windows NT 6.3; Win64; x64) AppleWebKit/537.36 (KHTML, like Gecko) Chrome/43.0.2324.2 Safari/537.36"
70.125.136.64 - - [07/Mar/2015:09:29:08 +0000] "GET /assets/glyphicons-halflings-regular.woff HTTP/1.1" 304 0 "http://matthewellsworth.com/" "Mozilla/5.0 (Windows NT 6.3; Win64; x64) AppleWebKit/537.36 (KHTML, like Gecko) Chrome/43.0.2324.2 Safari/537.36"
70.125.136.64 - - [07/Mar/2015:09:29:08 +0000] "GET /assets/flagship.otf HTTP/1.1" 304 0 "http://matthewellsworth.com/" "Mozilla/5.0 (Windows NT 6.3; Win64; x64) AppleWebKit/537.36 (KHTML, like Gecko) Chrome/43.0.2324.2 Safari/537.36"
70.125.136.64 - - [07/Mar/2015:09:29:08 +0000] "GET /assets/congruent_outline.png HTTP/1.1" 304 0 "http://matthewellsworth.com/" "Mozilla/5.0 (Windows NT 6.3; Win64; x64) AppleWebKit/537.36 (KHTML, like Gecko) Chrome/43.0.2324.2 Safari/537.36"
70.125.136.64 - - [07/Mar/2015:09:29:08 +0000] "GET /assets/adam.otf HTTP/1.1" 304 0 "http://matthewellsworth.com/" "Mozilla/5.0 (Windows NT 6.3; Win64; x64) AppleWebKit/537.36 (KHTML, like Gecko) Chrome/43.0.2324.2 Safari/537.36"
192.30.252.41 - - [07/Mar/2015:09:29:11 +0000] "POST /update.php HTTP/1.1" 200 19049 "-" "GitHub-Hookshot/9f39283"
70.125.136.64 - - [07/Mar/2015:09:29:14 +0000] "GET / HTTP/1.1" 304 0 "-" "Mozilla/5.0 (Windows NT 6.3; Win64; x64) AppleWebKit/537.36 (KHTML, like Gecko) Chrome/43.0.2324.2 Safari/537.36"
70.125.136.64 - - [07/Mar/2015:09:29:14 +0000] "GET /assets/bundle.css HTTP/1.1" 200 10433 "http://matthewellsworth.com/" "Mozilla/5.0 (Windows NT 6.3; Win64; x64) AppleWebKit/537.36 (KHTML, like Gecko) Chrome/43.0.2324.2 Safari/537.36"
70.125.136.64 - - [07/Mar/2015:09:29:14 +0000] "GET /assets/flagship.otf HTTP/1.1" 304 0 "http://matthewellsworth.com/" "Mozilla/5.0 (Windows NT 6.3; Win64; x64) AppleWebKit/537.36 (KHTML, like Gecko) Chrome/43.0.2324.2 Safari/537.36"
70.125.136.64 - - [07/Mar/2015:09:29:14 +0000] "GET /assets/adam.otf HTTP/1.1" 304 0 "http://matthewellsworth.com/" "Mozilla/5.0 (Windows NT 6.3; Win64; x64) AppleWebKit/537.36 (KHTML, like Gecko) Chrome/43.0.2324.2 Safari/537.36"
70.125.136.64 - - [07/Mar/2015:09:29:14 +0000] "GET /assets/congruent_outline.png HTTP/1.1" 304 0 "http://matthewellsworth.com/" "Mozilla/5.0 (Windows NT 6.3; Win64; x64) AppleWebKit/537.36 (KHTML, like Gecko) Chrome/43.0.2324.2 Safari/537.36"
70.125.136.64 - - [07/Mar/2015:09:29:14 +0000] "GET /assets/glyphicons-halflings-regular.woff HTTP/1.1" 304 0 "http://matthewellsworth.com/" "Mozilla/5.0 (Windows NT 6.3; Win64; x64) AppleWebKit/537.36 (KHTML, like Gecko) Chrome/43.0.2324.2 Safari/537.36"
70.125.136.64 - - [07/Mar/2015:09:29:14 +0000] "GET /assets/bundle.js HTTP/1.1" 200 73753 "http://matthewellsworth.com/" "Mozilla/5.0 (Windows NT 6.3; Win64; x64) AppleWebKit/537.36 (KHTML, like Gecko) Chrome/43.0.2324.2 Safari/537.36"
70.125.136.64 - - [07/Mar/2015:09:29:15 +0000] "GET / HTTP/1.1" 304 0 "-" "Mozilla/5.0 (Windows NT 6.3; Win64; x64) AppleWebKit/537.36 (KHTML, like Gecko) Chrome/43.0.2324.2 Safari/537.36"
70.125.136.64 - - [07/Mar/2015:09:29:15 +0000] "GET /assets/bundle.css HTTP/1.1" 304 0 "http://matthewellsworth.com/" "Mozilla/5.0 (Windows NT 6.3; Win64; x64) AppleWebKit/537.36 (KHTML, like Gecko) Chrome/43.0.2324.2 Safari/537.36"
70.125.136.64 - - [07/Mar/2015:09:29:15 +0000] "GET /assets/bundle.js HTTP/1.1" 304 0 "http://matthewellsworth.com/" "Mozilla/5.0 (Windows NT 6.3; Win64; x64) AppleWebKit/537.36 (KHTML, like Gecko) Chrome/43.0.2324.2 Safari/537.36"
70.125.136.64 - - [07/Mar/2015:09:29:15 +0000] "GET /assets/glyphicons-halflings-regular.woff HTTP/1.1" 304 0 "http://matthewellsworth.com/" "Mozilla/5.0 (Windows NT 6.3; Win64; x64) AppleWebKit/537.36 (KHTML, like Gecko) Chrome/43.0.2324.2 Safari/537.36"
70.125.136.64 - - [07/Mar/2015:09:29:15 +0000] "GET /assets/adam.otf HTTP/1.1" 304 0 "http://matthewellsworth.com/" "Mozilla/5.0 (Windows NT 6.3; Win64; x64) AppleWebKit/537.36 (KHTML, like Gecko) Chrome/43.0.2324.2 Safari/537.36"
70.125.136.64 - - [07/Mar/2015:09:29:15 +0000] "GET /assets/flagship.otf HTTP/1.1" 304 0 "http://matthewellsworth.com/" "Mozilla/5.0 (Windows NT 6.3; Win64; x64) AppleWebKit/537.36 (KHTML, like Gecko) Chrome/43.0.2324.2 Safari/537.36"
70.125.136.64 - - [07/Mar/2015:09:29:15 +0000] "GET /assets/congruent_outline.png HTTP/1.1" 304 0 "http://matthewellsworth.com/" "Mozilla/5.0 (Windows NT 6.3; Win64; x64) AppleWebKit/537.36 (KHTML, like Gecko) Chrome/43.0.2324.2 Safari/537.36"
72.179.151.161 - - [07/Mar/2015:09:29:45 +0000] "GET / HTTP/1.1" 200 1025 "-" "Mozilla/5.0 (Windows NT 6.3; WOW64; rv:37.0) Gecko/20100101 Firefox/37.0"
72.179.151.161 - - [07/Mar/2015:09:29:45 +0000] "GET /assets/bundle.css HTTP/1.1" 200 10433 "http://matthewellsworth.com/" "Mozilla/5.0 (Windows NT 6.3; WOW64; rv:37.0) Gecko/20100101 Firefox/37.0"
72.179.151.161 - - [07/Mar/2015:09:29:46 +0000] "GET /assets/bundle.js HTTP/1.1" 200 73753 "http://matthewellsworth.com/" "Mozilla/5.0 (Windows NT 6.3; WOW64; rv:37.0) Gecko/20100101 Firefox/37.0"
72.179.151.161 - - [07/Mar/2015:09:29:46 +0000] "GET /assets/congruent_outline.png HTTP/1.1" 200 8425 "http://matthewellsworth.com/assets/bundle.css" "Mozilla/5.0 (Windows NT 6.3; WOW64; rv:37.0) Gecko/20100101 Firefox/37.0"
72.179.151.161 - - [07/Mar/2015:09:29:46 +0000] "GET /assets/flagship.otf HTTP/1.1" 200 52020 "http://matthewellsworth.com/assets/bundle.css" "Mozilla/5.0 (Windows NT 6.3; WOW64; rv:37.0) Gecko/20100101 Firefox/37.0"
72.179.151.161 - - [07/Mar/2015:09:29:46 +0000] "GET /assets/adam.otf HTTP/1.1" 200 40496 "http://matthewellsworth.com/assets/bundle.css" "Mozilla/5.0 (Windows NT 6.3; WOW64; rv:37.0) Gecko/20100101 Firefox/37.0"
72.179.151.161 - - [07/Mar/2015:09:29:46 +0000] "GET /assets/glyphicons-halflings-regular.woff HTTP/1.1" 200 23320 "http://matthewellsworth.com/assets/bundle.css" "Mozilla/5.0 (Windows NT 6.3; WOW64; rv:37.0) Gecko/20100101 Firefox/37.0"
72.179.151.161 - - [07/Mar/2015:09:29:46 +0000] "GET /favicon.ico HTTP/1.1" 404 150 "-" "Mozilla/5.0 (Windows NT 6.3; WOW64; rv:37.0) Gecko/20100101 Firefox/37.0"
72.179.151.161 - - [07/Mar/2015:09:29:46 +0000] "GET /favicon.ico HTTP/1.1" 404 150 "-" "Mozilla/5.0 (Windows NT 6.3; WOW64; rv:37.0) Gecko/20100101 Firefox/37.0"
72.179.151.161 - - [07/Mar/2015:09:30:10 +0000] "GET /posts/Matthew_the_Lover,_Fighter_and_Philanthropist HTTP/1.1" 200 1025 "http://matthewellsworth.com/" "Mozilla/5.0 (Windows NT 6.3; WOW64; rv:37.0) Gecko/20100101 Firefox/37.0"
72.179.151.161 - - [07/Mar/2015:09:30:14 +0000] "GET /posts/WorkInProgress__Github_Webhooks_to_call_salt_highState HTTP/1.1" 200 1025 "http://matthewellsworth.com/" "Mozilla/5.0 (Windows NT 6.3; WOW64; rv:37.0) Gecko/20100101 Firefox/37.0"
70.125.136.64 - - [07/Mar/2015:09:30:51 +0000] "GET /posts/WorkInProgress__Github_Webhooks_to_call_salt_highState HTTP/1.1" 200 1025 "http://matthewellsworth.com/" "Mozilla/5.0 (Windows NT 6.3; Win64; x64) AppleWebKit/537.36 (KHTML, like Gecko) Chrome/43.0.2324.2 Safari/537.36"
72.179.151.161 - - [07/Mar/2015:09:33:14 +0000] "GET /posts/Creating_a_cloud_server_with_Javascript HTTP/1.1" 200 1025 "-" "Mozilla/5.0 (Windows NT 6.3; WOW64; rv:37.0) Gecko/20100101 Firefox/37.0"
173.252.110.114 - - [07/Mar/2015:09:40:26 +0000] "GET / HTTP/1.1" 200 1025 "-" "facebookexternalhit/1.1 (+http://www.facebook.com/externalhit_uatext.php)"
70.125.136.64 - - [07/Mar/2015:09:43:00 +0000] "GET / HTTP/1.1" 304 0 "-" "Mozilla/5.0 (Windows NT 6.3; Win64; x64) AppleWebKit/537.36 (KHTML, like Gecko) Chrome/43.0.2324.2 Safari/537.36"
70.125.136.64 - - [07/Mar/2015:09:43:00 +0000] "GET /assets/bundle.css HTTP/1.1" 304 0 "http://matthewellsworth.com/" "Mozilla/5.0 (Windows NT 6.3; Win64; x64) AppleWebKit/537.36 (KHTML, like Gecko) Chrome/43.0.2324.2 Safari/537.36"
70.125.136.64 - - [07/Mar/2015:09:43:00 +0000] "GET /assets/bundle.js HTTP/1.1" 304 0 "http://matthewellsworth.com/" "Mozilla/5.0 (Windows NT 6.3; Win64; x64) AppleWebKit/537.36 (KHTML, like Gecko) Chrome/43.0.2324.2 Safari/537.36"
70.125.136.64 - - [07/Mar/2015:09:43:00 +0000] "GET /assets/flagship.otf HTTP/1.1" 304 0 "http://matthewellsworth.com/" "Mozilla/5.0 (Windows NT 6.3; Win64; x64) AppleWebKit/537.36 (KHTML, like Gecko) Chrome/43.0.2324.2 Safari/537.36"
70.125.136.64 - - [07/Mar/2015:09:43:00 +0000] "GET /assets/congruent_outline.png HTTP/1.1" 304 0 "http://matthewellsworth.com/" "Mozilla/5.0 (Windows NT 6.3; Win64; x64) AppleWebKit/537.36 (KHTML, like Gecko) Chrome/43.0.2324.2 Safari/537.36"
70.125.136.64 - - [07/Mar/2015:09:43:00 +0000] "GET /assets/adam.otf HTTP/1.1" 304 0 "http://matthewellsworth.com/" "Mozilla/5.0 (Windows NT 6.3; Win64; x64) AppleWebKit/537.36 (KHTML, like Gecko) Chrome/43.0.2324.2 Safari/537.36"
70.125.136.64 - - [07/Mar/2015:09:43:00 +0000] "GET /assets/glyphicons-halflings-regular.woff HTTP/1.1" 304 0 "http://matthewellsworth.com/" "Mozilla/5.0 (Windows NT 6.3; Win64; x64) AppleWebKit/537.36 (KHTML, like Gecko) Chrome/43.0.2324.2 Safari/537.36"
70.125.136.64 - - [07/Mar/2015:09:43:03 +0000] "GET / HTTP/1.1" 200 1025 "-" "Mozilla/5.0 (Windows NT 6.3; Win64; x64) AppleWebKit/537.36 (KHTML, like Gecko) Chrome/43.0.2324.2 Safari/537.36"
70.125.136.64 - - [07/Mar/2015:09:43:03 +0000] "GET /assets/bundle.css HTTP/1.1" 200 10433 "http://matthewellsworth.com/" "Mozilla/5.0 (Windows NT 6.3; Win64; x64) AppleWebKit/537.36 (KHTML, like Gecko) Chrome/43.0.2324.2 Safari/537.36"
70.125.136.64 - - [07/Mar/2015:09:43:03 +0000] "GET /assets/adam.otf HTTP/1.1" 200 40496 "http://matthewellsworth.com/assets/bundle.css" "Mozilla/5.0 (Windows NT 6.3; Win64; x64) AppleWebKit/537.36 (KHTML, like Gecko) Chrome/43.0.2324.2 Safari/537.36"
70.125.136.64 - - [07/Mar/2015:09:43:03 +0000] "GET /assets/flagship.otf HTTP/1.1" 200 52020 "http://matthewellsworth.com/assets/bundle.css" "Mozilla/5.0 (Windows NT 6.3; Win64; x64) AppleWebKit/537.36 (KHTML, like Gecko) Chrome/43.0.2324.2 Safari/537.36"
70.125.136.64 - - [07/Mar/2015:09:43:03 +0000] "GET /assets/congruent_outline.png HTTP/1.1" 200 8425 "http://matthewellsworth.com/assets/bundle.css" "Mozilla/5.0 (Windows NT 6.3; Win64; x64) AppleWebKit/537.36 (KHTML, like Gecko) Chrome/43.0.2324.2 Safari/537.36"
70.125.136.64 - - [07/Mar/2015:09:43:03 +0000] "GET /assets/glyphicons-halflings-regular.woff HTTP/1.1" 200 23320 "http://matthewellsworth.com/assets/bundle.css" "Mozilla/5.0 (Windows NT 6.3; Win64; x64) AppleWebKit/537.36 (KHTML, like Gecko) Chrome/43.0.2324.2 Safari/537.36"
70.125.136.64 - - [07/Mar/2015:09:43:03 +0000] "GET /assets/bundle.js HTTP/1.1" 200 73753 "http://matthewellsworth.com/" "Mozilla/5.0 (Windows NT 6.3; Win64; x64) AppleWebKit/537.36 (KHTML, like Gecko) Chrome/43.0.2324.2 Safari/537.36"
70.125.136.64 - - [07/Mar/2015:09:43:03 +0000] "GET /favicon.ico HTTP/1.1" 404 206 "http://matthewellsworth.com/" "Mozilla/5.0 (Windows NT 6.3; Win64; x64) AppleWebKit/537.36 (KHTML, like Gecko) Chrome/43.0.2324.2 Safari/537.36"
192.30.252.40 - - [07/Mar/2015:09:43:05 +0000] "POST /update.php HTTP/1.1" 200 19042 "-" "GitHub-Hookshot/9f39283"
70.125.136.64 - - [07/Mar/2015:09:43:08 +0000] "GET / HTTP/1.1" 304 0 "-" "Mozilla/5.0 (Windows NT 6.3; Win64; x64) AppleWebKit/537.36 (KHTML, like Gecko) Chrome/43.0.2324.2 Safari/537.36"
70.125.136.64 - - [07/Mar/2015:09:43:08 +0000] "GET /assets/bundle.css HTTP/1.1" 200 9878 "http://matthewellsworth.com/" "Mozilla/5.0 (Windows NT 6.3; Win64; x64) AppleWebKit/537.36 (KHTML, like Gecko) Chrome/43.0.2324.2 Safari/537.36"
70.125.136.64 - - [07/Mar/2015:09:43:08 +0000] "GET /assets/bundle.js HTTP/1.1" 304 0 "http://matthewellsworth.com/" "Mozilla/5.0 (Windows NT 6.3; Win64; x64) AppleWebKit/537.36 (KHTML, like Gecko) Chrome/43.0.2324.2 Safari/537.36"
70.125.136.64 - - [07/Mar/2015:09:43:08 +0000] "GET /assets/adam.otf HTTP/1.1" 304 0 "http://matthewellsworth.com/" "Mozilla/5.0 (Windows NT 6.3; Win64; x64) AppleWebKit/537.36 (KHTML, like Gecko) Chrome/43.0.2324.2 Safari/537.36"
70.125.136.64 - - [07/Mar/2015:09:43:08 +0000] "GET /assets/congruent_outline.png HTTP/1.1" 304 0 "http://matthewellsworth.com/" "Mozilla/5.0 (Windows NT 6.3; Win64; x64) AppleWebKit/537.36 (KHTML, like Gecko) Chrome/43.0.2324.2 Safari/537.36"
70.125.136.64 - - [07/Mar/2015:09:43:08 +0000] "GET /assets/flagship.otf HTTP/1.1" 304 0 "http://matthewellsworth.com/" "Mozilla/5.0 (Windows NT 6.3; Win64; x64) AppleWebKit/537.36 (KHTML, like Gecko) Chrome/43.0.2324.2 Safari/537.36"
70.125.136.64 - - [07/Mar/2015:09:43:08 +0000] "GET /assets/glyphicons-halflings-regular.woff HTTP/1.1" 304 0 "http://matthewellsworth.com/" "Mozilla/5.0 (Windows NT 6.3; Win64; x64) AppleWebKit/537.36 (KHTML, like Gecko) Chrome/43.0.2324.2 Safari/537.36"
72.179.151.161 - - [07/Mar/2015:09:43:28 +0000] "GET / HTTP/1.1" 200 1025 "http://matthewellsworth.com/posts/Creating_a_cloud_server_with_Javascript" "Mozilla/5.0 (Windows NT 6.3; WOW64; rv:37.0) Gecko/20100101 Firefox/37.0"
72.179.151.161 - - [07/Mar/2015:09:43:28 +0000] "GET /assets/bundle.css HTTP/1.1" 200 9878 "http://matthewellsworth.com/" "Mozilla/5.0 (Windows NT 6.3; WOW64; rv:37.0) Gecko/20100101 Firefox/37.0"
72.179.151.161 - - [07/Mar/2015:09:43:28 +0000] "GET /assets/congruent_outline.png HTTP/1.1" 200 8425 "http://matthewellsworth.com/assets/bundle.css" "Mozilla/5.0 (Windows NT 6.3; WOW64; rv:37.0) Gecko/20100101 Firefox/37.0"
72.179.151.161 - - [07/Mar/2015:09:43:28 +0000] "GET /assets/bundle.js HTTP/1.1" 200 73753 "http://matthewellsworth.com/" "Mozilla/5.0 (Windows NT 6.3; WOW64; rv:37.0) Gecko/20100101 Firefox/37.0"
72.179.151.161 - - [07/Mar/2015:09:43:28 +0000] "GET /assets/flagship.otf HTTP/1.1" 200 52020 "http://matthewellsworth.com/assets/bundle.css" "Mozilla/5.0 (Windows NT 6.3; WOW64; rv:37.0) Gecko/20100101 Firefox/37.0"
72.179.151.161 - - [07/Mar/2015:09:43:28 +0000] "GET /assets/adam.otf HTTP/1.1" 200 40496 "http://matthewellsworth.com/assets/bundle.css" "Mozilla/5.0 (Windows NT 6.3; WOW64; rv:37.0) Gecko/20100101 Firefox/37.0"
72.179.151.161 - - [07/Mar/2015:09:43:28 +0000] "GET /assets/glyphicons-halflings-regular.woff HTTP/1.1" 200 23320 "http://matthewellsworth.com/assets/bundle.css" "Mozilla/5.0 (Windows NT 6.3; WOW64; rv:37.0) Gecko/20100101 Firefox/37.0"
70.125.136.64 - - [07/Mar/2015:09:43:49 +0000] "GET / HTTP/1.1" 304 0 "-" "Mozilla/5.0 (Windows NT 6.3; Win64; x64) AppleWebKit/537.36 (KHTML, like Gecko) Chrome/43.0.2324.2 Safari/537.36"
70.125.136.64 - - [07/Mar/2015:09:43:49 +0000] "GET /assets/bundle.js HTTP/1.1" 304 0 "http://matthewellsworth.com/" "Mozilla/5.0 (Windows NT 6.3; Win64; x64) AppleWebKit/537.36 (KHTML, like Gecko) Chrome/43.0.2324.2 Safari/537.36"
70.125.136.64 - - [07/Mar/2015:09:43:49 +0000] "GET /assets/bundle.css HTTP/1.1" 304 0 "http://matthewellsworth.com/" "Mozilla/5.0 (Windows NT 6.3; Win64; x64) AppleWebKit/537.36 (KHTML, like Gecko) Chrome/43.0.2324.2 Safari/537.36"
70.125.136.64 - - [07/Mar/2015:09:43:49 +0000] "GET /assets/glyphicons-halflings-regular.woff HTTP/1.1" 304 0 "http://matthewellsworth.com/" "Mozilla/5.0 (Windows NT 6.3; Win64; x64) AppleWebKit/537.36 (KHTML, like Gecko) Chrome/43.0.2324.2 Safari/537.36"
70.125.136.64 - - [07/Mar/2015:09:43:49 +0000] "GET /assets/adam.otf HTTP/1.1" 304 0 "http://matthewellsworth.com/" "Mozilla/5.0 (Windows NT 6.3; Win64; x64) AppleWebKit/537.36 (KHTML, like Gecko) Chrome/43.0.2324.2 Safari/537.36"
70.125.136.64 - - [07/Mar/2015:09:43:49 +0000] "GET /assets/congruent_outline.png HTTP/1.1" 304 0 "http://matthewellsworth.com/" "Mozilla/5.0 (Windows NT 6.3; Win64; x64) AppleWebKit/537.36 (KHTML, like Gecko) Chrome/43.0.2324.2 Safari/537.36"
70.125.136.64 - - [07/Mar/2015:09:43:49 +0000] "GET /assets/flagship.otf HTTP/1.1" 304 0 "http://matthewellsworth.com/" "Mozilla/5.0 (Windows NT 6.3; Win64; x64) AppleWebKit/537.36 (KHTML, like Gecko) Chrome/43.0.2324.2 Safari/537.36"
70.125.136.64 - - [07/Mar/2015:09:44:35 +0000] "GET /posts/WorkInProgress__Deploying_our_Demo_Rails_application HTTP/1.1" 200 1025 "http://matthewellsworth.com/" "Mozilla/5.0 (Windows NT 6.3; Win64; x64) AppleWebKit/537.36 (KHTML, like Gecko) Chrome/43.0.2324.2 Safari/537.36"
70.125.136.64 - - [07/Mar/2015:09:56:57 +0000] "GET / HTTP/1.1" 200 1025 "http://matthewellsworth.com/" "Mozilla/5.0 (Windows NT 6.3; Win64; x64) AppleWebKit/537.36 (KHTML, like Gecko) Chrome/43.0.2324.2 Safari/537.36"
70.125.136.64 - - [07/Mar/2015:09:56:57 +0000] "GET /assets/bundle.css HTTP/1.1" 200 9878 "http://matthewellsworth.com/" "Mozilla/5.0 (Windows NT 6.3; Win64; x64) AppleWebKit/537.36 (KHTML, like Gecko) Chrome/43.0.2324.2 Safari/537.36"
70.125.136.64 - - [07/Mar/2015:09:56:57 +0000] "GET /assets/congruent_outline.png HTTP/1.1" 200 8425 "http://matthewellsworth.com/assets/bundle.css" "Mozilla/5.0 (Windows NT 6.3; Win64; x64) AppleWebKit/537.36 (KHTML, like Gecko) Chrome/43.0.2324.2 Safari/537.36"
70.125.136.64 - - [07/Mar/2015:09:56:57 +0000] "GET /assets/flagship.otf HTTP/1.1" 200 52020 "http://matthewellsworth.com/assets/bundle.css" "Mozilla/5.0 (Windows NT 6.3; Win64; x64) AppleWebKit/537.36 (KHTML, like Gecko) Chrome/43.0.2324.2 Safari/537.36"
70.125.136.64 - - [07/Mar/2015:09:56:57 +0000] "GET /assets/adam.otf HTTP/1.1" 200 40496 "http://matthewellsworth.com/assets/bundle.css" "Mozilla/5.0 (Windows NT 6.3; Win64; x64) AppleWebKit/537.36 (KHTML, like Gecko) Chrome/43.0.2324.2 Safari/537.36"
70.125.136.64 - - [07/Mar/2015:09:56:57 +0000] "GET /assets/bundle.js HTTP/1.1" 200 73753 "http://matthewellsworth.com/" "Mozilla/5.0 (Windows NT 6.3; Win64; x64) AppleWebKit/537.36 (KHTML, like Gecko) Chrome/43.0.2324.2 Safari/537.36"
70.125.136.64 - - [07/Mar/2015:09:56:57 +0000] "GET /assets/glyphicons-halflings-regular.woff HTTP/1.1" 200 23320 "http://matthewellsworth.com/assets/bundle.css" "Mozilla/5.0 (Windows NT 6.3; Win64; x64) AppleWebKit/537.36 (KHTML, like Gecko) Chrome/43.0.2324.2 Safari/537.36"
70.125.136.64 - - [07/Mar/2015:09:56:57 +0000] "GET /favicon.ico HTTP/1.1" 404 206 "http://matthewellsworth.com/" "Mozilla/5.0 (Windows NT 6.3; Win64; x64) AppleWebKit/537.36 (KHTML, like Gecko) Chrome/43.0.2324.2 Safari/537.36"
180.76.4.61 - - [07/Mar/2015:10:45:04 +0000] "GET / HTTP/1.1" 200 2869 "-" "Mozilla/4.0 (compatible; MSIE 7.0; Windows NT 6.0)"
195.242.218.133 - - [07/Mar/2015:10:56:20 +0000] "GET / HTTP/1.1" 200 2869 "http://chimiver.info/" "Mozilla/4.0 (compatible; MSIE 6.0; Windows NT 5.1; ru) Opera 8.01"
195.242.218.133 - - [07/Mar/2015:10:56:21 +0000] "GET / HTTP/1.1" 200 2869 "http://chimiver.info/" "Mozilla/4.0 (compatible; MSIE 6.0; Windows NT 5.1; ru) Opera 8.01"
195.242.218.133 - - [07/Mar/2015:10:56:23 +0000] "GET / HTTP/1.1" 200 2869 "http://chimiver.info/" "Mozilla/4.0 (compatible; MSIE 6.0; Windows NT 5.1; ru) Opera 8.01"
207.46.13.66 - - [07/Mar/2015:11:40:13 +0000] "GET / HTTP/1.1" 200 1025 "-" "Mozilla/5.0 (compatible; bingbot/2.0; +http://www.bing.com/bingbot.htm)"
66.249.67.36 - - [07/Mar/2015:11:55:14 +0000] "GET /rss/ HTTP/1.1" 304 0 "-" "Mozilla/5.0 (compatible; Googlebot/2.1; +http://www.google.com/bot.html)"
66.249.67.36 - - [07/Mar/2015:12:12:45 +0000] "GET / HTTP/1.1" 200 1025 "-" "Mozilla/5.0 (compatible; Googlebot/2.1; +http://www.google.com/bot.html)"
66.249.67.28 - - [07/Mar/2015:12:19:50 +0000] "GET / HTTP/1.1" 200 1025 "-" "Mozilla/5.0 (compatible; Googlebot/2.1; +http://www.google.com/bot.html)"
180.76.4.169 - - [07/Mar/2015:12:41:42 +0000] "GET / HTTP/1.1" 200 2869 "-" "Mozilla/4.0 (compatible; MSIE 7.0; Windows NT 6.0)"
157.55.39.220 - - [07/Mar/2015:12:41:46 +0000] "GET /robots.txt HTTP/1.1" 200 2869 "-" "Mozilla/5.0 (compatible; bingbot/2.0; +http://www.bing.com/bingbot.htm)"
157.55.39.219 - - [07/Mar/2015:12:43:29 +0000] "GET /robots.txt HTTP/1.1" 200 1025 "-" "Mozilla/5.0 (compatible; bingbot/2.0; +http://www.bing.com/bingbot.htm)"
157.55.39.255 - - [07/Mar/2015:12:52:47 +0000] "GET /assets/bundle.js HTTP/1.1" 200 73753 "-" "Mozilla/5.0 (compatible; bingbot/2.0; +http://www.bing.com/bingbot.htm)"
66.249.67.28 - - [07/Mar/2015:13:09:29 +0000] "GET / HTTP/1.1" 200 1025 "-" "Mozilla/5.0 (compatible; Googlebot/2.1; +http://www.google.com/bot.html)"
66.249.67.44 - - [07/Mar/2015:13:11:19 +0000] "GET /about/ HTTP/1.1" 200 1025 "-" "Mozilla/5.0 (compatible; Googlebot/2.1; +http://www.google.com/bot.html)"
200.109.206.216 - - [07/Mar/2015:14:10:31 +0000] "GET /tmUnblock.cgi HTTP/1.1" 400 181 "-" "-"
66.249.67.36 - - [07/Mar/2015:14:10:54 +0000] "GET / HTTP/1.1" 200 1025 "-" "Mozilla/5.0 (compatible; Googlebot/2.1; +http://www.google.com/bot.html)"
66.249.67.36 - - [07/Mar/2015:14:12:06 +0000] "GET /erulabs.com HTTP/1.1" 200 1025 "-" "Mozilla/5.0 (compatible; Googlebot/2.1; +http://www.google.com/bot.html)"
46.119.115.79 - - [07/Mar/2015:14:15:20 +0000] "GET / HTTP/1.1" 200 2869 "http://song5.ru/" "Mozilla/4.0 (compatible; MSIE 6.0; MSIE 5.5; Windows NT 5.0) Opera 7.02 Bork-edition [en]"
46.119.115.79 - - [07/Mar/2015:14:15:21 +0000] "GET / HTTP/1.1" 200 2869 "http://song5.ru/" "Mozilla/4.0 (compatible; MSIE 6.0; MSIE 5.5; Windows NT 5.0) Opera 7.02 Bork-edition [en]"
46.119.115.79 - - [07/Mar/2015:14:15:21 +0000] "GET / HTTP/1.1" 200 2869 "http://song5.ru/" "Mozilla/4.0 (compatible; MSIE 6.0; MSIE 5.5; Windows NT 5.0) Opera 7.02 Bork-edition [en]"
180.76.4.103 - - [07/Mar/2015:14:38:55 +0000] "GET / HTTP/1.1" 200 2869 "-" "Mozilla/4.0 (compatible; MSIE 7.0; Windows NT 6.0)"
157.55.39.95 - - [07/Mar/2015:14:48:55 +0000] "GET /robots.txt HTTP/1.1" 200 2869 "-" "Mozilla/5.0 (compatible; bingbot/2.0; +http://www.bing.com/bingbot.htm)"
157.55.39.95 - - [07/Mar/2015:14:49:23 +0000] "GET /assets/bundle.css HTTP/1.1" 200 9878 "-" "Mozilla/5.0 (compatible; bingbot/2.0; +http://www.bing.com/bingbot.htm)"
46.119.115.79 - - [07/Mar/2015:15:00:59 +0000] "GET / HTTP/1.1" 200 2869 "http://pornogig.com/" "Mozilla/4.0 (compatible; MSIE 6.0; Windows NT 5.0; T312461)"
46.119.115.79 - - [07/Mar/2015:15:00:59 +0000] "GET / HTTP/1.1" 200 2869 "http://www.kirpich-kupit.ru/" "Mozilla/4.0 (compatible; MSIE 6.0; Windows NT 5.1)"
46.119.115.79 - - [07/Mar/2015:15:00:59 +0000] "GET / HTTP/1.1" 200 2869 "http://pornogig.com/" "Mozilla/4.0 (compatible; MSIE 6.0; Windows NT 5.0; T312461)"
46.119.115.79 - - [07/Mar/2015:15:00:59 +0000] "GET / HTTP/1.1" 200 2869 "http://www.kirpich-kupit.ru/" "Mozilla/4.0 (compatible; MSIE 6.0; Windows NT 5.1)"
46.119.115.79 - - [07/Mar/2015:15:01:00 +0000] "GET / HTTP/1.1" 200 2869 "http://pornogig.com/" "Mozilla/4.0 (compatible; MSIE 6.0; Windows NT 5.0; T312461)"
46.119.115.79 - - [07/Mar/2015:15:01:00 +0000] "GET / HTTP/1.1" 200 2869 "http://www.kirpich-kupit.ru/" "Mozilla/4.0 (compatible; MSIE 6.0; Windows NT 5.1)"
66.249.67.28 - - [07/Mar/2015:15:18:40 +0000] "GET / HTTP/1.1" 200 1025 "-" "Mozilla/5.0 (compatible; Googlebot/2.1; +http://www.google.com/bot.html)"
66.249.67.36 - - [07/Mar/2015:15:23:09 +0000] "GET /assets/bundle.css HTTP/1.1" 200 9878 "-" "Mozilla/5.0 (compatible; Googlebot/2.1; +http://www.google.com/bot.html)"
66.249.67.28 - - [07/Mar/2015:16:26:30 +0000] "GET / HTTP/1.1" 200 1025 "-" "Mozilla/5.0 (compatible; Googlebot/2.1; +http://www.google.com/bot.html)"
178.137.92.19 - - [07/Mar/2015:16:32:02 +0000] "GET / HTTP/1.1" 200 2869 "http://finansovyjgid.ru/" "Mozilla/4.0 (compatible; MSIE 6.0; Windows NT 5.1)"
178.137.92.19 - - [07/Mar/2015:16:32:02 +0000] "GET / HTTP/1.1" 200 2869 "http://bolshe.ru/" "Opera/8.00 (Windows NT 5.1; U; en)"
178.137.92.19 - - [07/Mar/2015:16:32:02 +0000] "GET / HTTP/1.1" 200 2869 "http://krasivoe-hd.com/" "Mozilla/4.0 (compatible; MSIE 6.0; Windows NT 5.1)"
178.137.92.19 - - [07/Mar/2015:16:32:03 +0000] "GET / HTTP/1.1" 200 2869 "http://finansovyjgid.ru/" "Mozilla/4.0 (compatible; MSIE 6.0; Windows NT 5.1)"
178.137.92.19 - - [07/Mar/2015:16:32:03 +0000] "GET / HTTP/1.1" 200 2869 "http://bolshe.ru/" "Opera/8.00 (Windows NT 5.1; U; en)"
178.137.92.19 - - [07/Mar/2015:16:32:03 +0000] "GET / HTTP/1.1" 200 2869 "http://krasivoe-hd.com/" "Mozilla/4.0 (compatible; MSIE 6.0; Windows NT 5.1)"
178.137.92.19 - - [07/Mar/2015:16:32:03 +0000] "GET / HTTP/1.1" 200 2869 "http://finansovyjgid.ru/" "Mozilla/4.0 (compatible; MSIE 6.0; Windows NT 5.1)"
178.137.92.19 - - [07/Mar/2015:16:32:03 +0000] "GET / HTTP/1.1" 200 2869 "http://bolshe.ru/" "Opera/8.00 (Windows NT 5.1; U; en)"
178.137.92.19 - - [07/Mar/2015:16:32:03 +0000] "GET / HTTP/1.1" 200 2869 "http://krasivoe-hd.com/" "Mozilla/4.0 (compatible; MSIE 6.0; Windows NT 5.1)"
66.249.67.36 - - [07/Mar/2015:16:37:31 +0000] "GET /posts/Hello HTTP/1.1" 200 1025 "-" "Mozilla/5.0 (compatible; Googlebot/2.1; +http://www.google.com/bot.html)"
180.76.4.15 - - [07/Mar/2015:16:39:58 +0000] "GET / HTTP/1.1" 200 2869 "-" "Mozilla/4.0 (compatible; MSIE 7.0; Windows NT 6.0)"
66.249.67.28 - - [07/Mar/2015:17:19:00 +0000] "GET / HTTP/1.1" 200 1025 "-" "Mozilla/5.0 (compatible; Googlebot/2.1; +http://www.google.com/bot.html)"
66.249.67.44 - - [07/Mar/2015:17:36:44 +0000] "GET /contact/ HTTP/1.1" 200 1025 "-" "Mozilla/5.0 (compatible; Googlebot/2.1; +http://www.google.com/bot.html)"
66.249.67.36 - - [07/Mar/2015:17:36:57 +0000] "GET /rss/ HTTP/1.1" 304 0 "-" "Mozilla/5.0 (compatible; Googlebot/2.1; +http://www.google.com/bot.html)"
66.249.67.44 - - [07/Mar/2015:18:18:26 +0000] "GET / HTTP/1.1" 200 1025 "-" "Mozilla/5.0 (compatible; Googlebot/2.1; +http://www.google.com/bot.html)"
180.76.4.191 - - [07/Mar/2015:18:47:30 +0000] "GET / HTTP/1.1" 200 2869 "-" "Mozilla/4.0 (compatible; MSIE 7.0; Windows NT 6.0)"
66.249.67.44 - - [07/Mar/2015:19:10:54 +0000] "GET / HTTP/1.1" 200 1025 "-" "Mozilla/5.0 (compatible; Googlebot/2.1; +http://www.google.com/bot.html)"
24.247.43.200 - - [07/Mar/2015:19:14:48 +0000] "GET / HTTP/1.1" 200 1025 "http://l.facebook.com/lsr.php?u=http%3A%2F%2Fmatthewellsworth.com%2F&ext=1425755748&hash=Acn-OcevkaX4NwRWRzW7zHXwD4OnIziKvgo7VBE7l-JgVA" "Mozilla/5.0 (X11; Linux x86_64) AppleWebKit/537.36 (KHTML, like Gecko) Chrome/40.0.2214.95 Safari/537.36"
24.247.43.200 - - [07/Mar/2015:19:14:49 +0000] "GET /assets/bundle.css HTTP/1.1" 200 9878 "http://matthewellsworth.com/" "Mozilla/5.0 (X11; Linux x86_64) AppleWebKit/537.36 (KHTML, like Gecko) Chrome/40.0.2214.95 Safari/537.36"
24.247.43.200 - - [07/Mar/2015:19:14:49 +0000] "GET /assets/bundle.js HTTP/1.1" 200 73753 "http://matthewellsworth.com/" "Mozilla/5.0 (X11; Linux x86_64) AppleWebKit/537.36 (KHTML, like Gecko) Chrome/40.0.2214.95 Safari/537.36"
24.247.43.200 - - [07/Mar/2015:19:14:49 +0000] "GET /assets/congruent_outline.png HTTP/1.1" 200 8425 "http://matthewellsworth.com/assets/bundle.css" "Mozilla/5.0 (X11; Linux x86_64) AppleWebKit/537.36 (KHTML, like Gecko) Chrome/40.0.2214.95 Safari/537.36"
24.247.43.200 - - [07/Mar/2015:19:14:49 +0000] "GET /assets/glyphicons-halflings-regular.woff HTTP/1.1" 200 23320 "http://matthewellsworth.com/assets/bundle.css" "Mozilla/5.0 (X11; Linux x86_64) AppleWebKit/537.36 (KHTML, like Gecko) Chrome/40.0.2214.95 Safari/537.36"
24.247.43.200 - - [07/Mar/2015:19:14:49 +0000] "GET /assets/flagship.otf HTTP/1.1" 200 52020 "http://matthewellsworth.com/assets/bundle.css" "Mozilla/5.0 (X11; Linux x86_64) AppleWebKit/537.36 (KHTML, like Gecko) Chrome/40.0.2214.95 Safari/537.36"
24.247.43.200 - - [07/Mar/2015:19:14:49 +0000] "GET /assets/adam.otf HTTP/1.1" 200 40496 "http://matthewellsworth.com/assets/bundle.css" "Mozilla/5.0 (X11; Linux x86_64) AppleWebKit/537.36 (KHTML, like Gecko) Chrome/40.0.2214.95 Safari/537.36"
24.247.43.200 - - [07/Mar/2015:19:14:50 +0000] "GET /favicon.ico HTTP/1.1" 404 206 "-" "Mozilla/5.0 (X11; Linux x86_64) AppleWebKit/537.36 (KHTML, like Gecko) Chrome/40.0.2214.95 Safari/537.36"
66.249.64.144 - - [07/Mar/2015:20:06:57 +0000] "GET /robots.txt HTTP/1.1" 200 1025 "-" "Mozilla/5.0 (compatible; Googlebot/2.1; +http://www.google.com/bot.html)"
66.249.64.148 - - [07/Mar/2015:20:06:57 +0000] "GET / HTTP/1.1" 200 1025 "-" "Mozilla/5.0 (compatible; Googlebot/2.1; +http://www.google.com/bot.html)"
46.119.124.167 - - [07/Mar/2015:20:33:00 +0000] "GET / HTTP/1.1" 200 2869 "http://nacap.ru/" "Mozilla/4.0 (compatible; MSIE 6.0; Windows NT 5.1) Opera 7.54 [en]"
46.119.124.167 - - [07/Mar/2015:20:33:00 +0000] "GET / HTTP/1.1" 200 2869 "http://kinotrip.ru/" "Mozilla/4.0 (compatible; MSIE 6.0; Windows NT 5.1) Opera 7.54 [en]"
46.119.124.167 - - [07/Mar/2015:20:33:01 +0000] "GET / HTTP/1.1" 200 2869 "http://nacap.ru/" "Mozilla/4.0 (compatible; MSIE 6.0; Windows NT 5.1) Opera 7.54 [en]"
46.119.124.167 - - [07/Mar/2015:20:33:01 +0000] "GET / HTTP/1.1" 200 2869 "http://kinotrip.ru/" "Mozilla/4.0 (compatible; MSIE 6.0; Windows NT 5.1) Opera 7.54 [en]"
46.119.124.167 - - [07/Mar/2015:20:33:01 +0000] "GET / HTTP/1.1" 200 2869 "http://nacap.ru/" "Mozilla/4.0 (compatible; MSIE 6.0; Windows NT 5.1) Opera 7.54 [en]"
46.119.124.167 - - [07/Mar/2015:20:33:01 +0000] "GET / HTTP/1.1" 200 2869 "http://kinotrip.ru/" "Mozilla/4.0 (compatible; MSIE 6.0; Windows NT 5.1) Opera 7.54 [en]"
180.76.4.124 - - [07/Mar/2015:20:48:50 +0000] "GET / HTTP/1.1" 200 2869 "-" "Mozilla/4.0 (compatible; MSIE 7.0; Windows NT 6.0)"
66.249.64.152 - - [07/Mar/2015:21:04:26 +0000] "GET / HTTP/1.1" 200 1025 "-" "Mozilla/5.0 (compatible; Googlebot/2.1; +http://www.google.com/bot.html)"
72.179.151.161 - - [07/Mar/2015:21:37:12 +0000] "GET / HTTP/1.1" 200 1025 "-" "Mozilla/5.0 (iPhone; CPU iPhone OS 8_1_2 like Mac OS X) AppleWebKit/600.1.4 (KHTML, like Gecko) Version/8.0 Mobile/12B440 Safari/600.1.4"
72.179.151.161 - - [07/Mar/2015:21:37:13 +0000] "GET /assets/bundle.css HTTP/1.1" 200 9878 "http://matthewellsworth.com/" "Mozilla/5.0 (iPhone; CPU iPhone OS 8_1_2 like Mac OS X) AppleWebKit/600.1.4 (KHTML, like Gecko) Version/8.0 Mobile/12B440 Safari/600.1.4"
72.179.151.161 - - [07/Mar/2015:21:37:13 +0000] "GET /assets/bundle.js HTTP/1.1" 200 73753 "http://matthewellsworth.com/" "Mozilla/5.0 (iPhone; CPU iPhone OS 8_1_2 like Mac OS X) AppleWebKit/600.1.4 (KHTML, like Gecko) Version/8.0 Mobile/12B440 Safari/600.1.4"
72.179.151.161 - - [07/Mar/2015:21:37:13 +0000] "GET /assets/congruent_outline.png HTTP/1.1" 200 8425 "http://matthewellsworth.com/" "Mozilla/5.0 (iPhone; CPU iPhone OS 8_1_2 like Mac OS X) AppleWebKit/600.1.4 (KHTML, like Gecko) Version/8.0 Mobile/12B440 Safari/600.1.4"
72.179.151.161 - - [07/Mar/2015:21:37:13 +0000] "GET /assets/adam.otf HTTP/1.1" 200 40496 "http://matthewellsworth.com/" "Mozilla/5.0 (iPhone; CPU iPhone OS 8_1_2 like Mac OS X) AppleWebKit/600.1.4 (KHTML, like Gecko) Version/8.0 Mobile/12B440 Safari/600.1.4"
72.179.151.161 - - [07/Mar/2015:21:37:14 +0000] "GET /assets/glyphicons-halflings-regular.woff HTTP/1.1" 200 23320 "http://matthewellsworth.com/" "Mozilla/5.0 (iPhone; CPU iPhone OS 8_1_2 like Mac OS X) AppleWebKit/600.1.4 (KHTML, like Gecko) Version/8.0 Mobile/12B440 Safari/600.1.4"
72.179.151.161 - - [07/Mar/2015:21:37:14 +0000] "GET /assets/flagship.otf HTTP/1.1" 200 52020 "http://matthewellsworth.com/" "Mozilla/5.0 (iPhone; CPU iPhone OS 8_1_2 like Mac OS X) AppleWebKit/600.1.4 (KHTML, like Gecko) Version/8.0 Mobile/12B440 Safari/600.1.4"
72.179.151.161 - - [07/Mar/2015:21:56:37 +0000] "GET /posts/WorkInProgress__Github_Webhooks_to_call_salt_highState HTTP/1.1" 200 1025 "http://matthewellsworth.com/" "Mozilla/5.0 (iPhone; CPU iPhone OS 8_1_2 like Mac OS X) AppleWebKit/600.1.4 (KHTML, like Gecko) Version/8.0 Mobile/12B440 Safari/600.1.4"
66.249.64.144 - - [07/Mar/2015:22:06:06 +0000] "GET / HTTP/1.1" 200 1025 "-" "Mozilla/5.0 (compatible; Googlebot/2.1; +http://www.google.com/bot.html)"
61.240.144.66 - - [07/Mar/2015:22:29:50 +0000] "GET / HTTP/1.0" 200 2869 "-" "masscan/1.0 (https://github.com/robertdavidgraham/masscan)"
46.119.124.167 - - [07/Mar/2015:22:39:22 +0000] "GET / HTTP/1.1" 200 2869 "http://nachalka21.ru/" "Mozilla/4.0 (compatible; MSIE 6.0; Windows NT 5.1; Crazy Browser 1.0.5)"
46.119.124.167 - - [07/Mar/2015:22:39:22 +0000] "GET / HTTP/1.1" 200 2869 "http://nachalka21.ru/" "Mozilla/4.0 (compatible; MSIE 6.0; Windows NT 5.1; Crazy Browser 1.0.5)"
46.119.124.167 - - [07/Mar/2015:22:39:23 +0000] "GET / HTTP/1.1" 200 2869 "http://nachalka21.ru/" "Mozilla/4.0 (compatible; MSIE 6.0; Windows NT 5.1; Crazy Browser 1.0.5)"
180.76.4.55 - - [07/Mar/2015:22:41:56 +0000] "GET / HTTP/1.1" 200 2869 "-" "Mozilla/4.0 (compatible; MSIE 7.0; Windows NT 6.0)"
72.179.151.161 - - [07/Mar/2015:22:49:40 +0000] "GET / HTTP/1.1" 200 1025 "-" "Mozilla/5.0 (Macintosh; Intel Mac OS X 10_9_5) AppleWebKit/537.36 (KHTML, like Gecko) Chrome/43.0.2324.2 Safari/537.36"
72.179.151.161 - - [07/Mar/2015:22:49:40 +0000] "GET /assets/bundle.css HTTP/1.1" 200 9878 "http://matthewellsworth.com/" "Mozilla/5.0 (Macintosh; Intel Mac OS X 10_9_5) AppleWebKit/537.36 (KHTML, like Gecko) Chrome/43.0.2324.2 Safari/537.36"
